#
# There is insufficient memory for the Java Runtime Environment to continue.
# Native memory allocation (malloc) failed to allocate 6327376 bytes. Error detail: Chunk::new
# Possible reasons:
#   The system is out of physical RAM or swap space
#   This process is running with CompressedOops enabled, and the Java Heap may be blocking the growth of the native heap
# Possible solutions:
#   Reduce memory load on the system
#   Increase physical memory or swap space
#   Check if swap backing store is full
#   Decrease Java heap size (-Xmx/-Xms)
#   Decrease number of Java threads
#   Decrease Java thread stack sizes (-Xss)
#   Set larger code cache with -XX:ReservedCodeCacheSize=
#   JVM is running with Zero Based Compressed Oops mode in which the Java heap is
#     placed in the first 32GB address space. The Java Heap base address is the
#     maximum limit for the native heap growth. Please use -XX:HeapBaseMinAddress
#     to set the Java Heap base and to place the Java Heap above 32GB virtual address.
# This output file may be truncated or incomplete.
#
#  Out of Memory Error (arena.cpp:162), pid=36448, tid=22524
#
# JRE version: Java(TM) SE Runtime Environment (24.0.2+12) (build 24.0.2+12-54)
# Java VM: Java HotSpot(TM) 64-Bit Server VM (24.0.2+12-54, mixed mode, sharing, tiered, compressed oops, compressed class ptrs, g1 gc, windows-amd64)
# No core dump will be written. Minidumps are not enabled by default on client versions of Windows
#

---------------  S U M M A R Y ------------

Command Line: -Djava.awt.headless=true -Dapple.awt.UIElement=true E:\Python\Quiz_Hackathon_Project\dut-ai-quiz\.venv\Lib\site-packages\opendataloader_pdf\jar\opendataloader-pdf-cli.jar C:\Users\TRANTH~1\AppData\Local\Temp\tmpk3tboxb8\0019a97b-bb81-4688-9a73-687de0df9856.pdf --output-dir C:\Users\TRANTH~1\AppData\Local\Temp\tmpk3tboxb8 --password string --format markdown --quiet --image-output external --image-dir C:\Users\TRANTH~1\AppData\Local\Temp\tmpk3tboxb8\images

Host: 12th Gen Intel(R) Core(TM) i5-1240P, 16 cores, 15G,  Windows 11 , 64 bit Build 26100 (10.0.26100.8875)
Time: Thu Jul 30 21:45:13 2026 SE Asia Standard Time elapsed time: 0.732695 seconds (0d 0h 0m 0s)

---------------  T H R E A D  ---------------

Current thread (0x0000015a3eb1a200):  JavaThread "C2 CompilerThread0" daemon [_thread_in_native, id=22524, stack(0x0000004e2d400000,0x0000004e2d500000) (1024K)]


Current CompileTask:
C2:732  987       4       org.verapdf.parser.BaseParser::nextToken (758 bytes)

Stack: [0x0000004e2d400000,0x0000004e2d500000]
Native frames: (J=compiled Java code, j=interpreted, Vv=VM code, C=native code)
V  [jvm.dll+0x730829]  (no source info available)
V  [jvm.dll+0x8d9da3]  (no source info available)
V  [jvm.dll+0x8dc28d]  (no source info available)
V  [jvm.dll+0x8dc903]  (no source info available)
V  [jvm.dll+0x2a9f56]  (no source info available)
V  [jvm.dll+0xced7f]  (no source info available)
V  [jvm.dll+0xcefdf]  (no source info available)
V  [jvm.dll+0x154c83]  (no source info available)
V  [jvm.dll+0x73604f]  (no source info available)
V  [jvm.dll+0x26f8dc]  (no source info available)
V  [jvm.dll+0x26e8ff]  (no source info available)
V  [jvm.dll+0x1e9c90]  (no source info available)
V  [jvm.dll+0x27e0cb]  (no source info available)
V  [jvm.dll+0x27c36a]  (no source info available)
V  [jvm.dll+0x42f396]  (no source info available)
V  [jvm.dll+0x87d9eb]  (no source info available)
V  [jvm.dll+0x72ef45]  (no source info available)
C  [ucrtbase.dll+0x2cd30]  (no source info available)
C  [KERNEL32.DLL+0x2e957]  (no source info available)
C  [ntdll.dll+0xaad6c]  (no source info available)

Lock stack of current Java thread (top to bottom):


---------------  P R O C E S S  ---------------

Threads class SMR info:
_java_thread_list=0x0000015a848415c0, length=20, elements={
0x0000015a1ebdf7b0, 0x0000015a3eb038e0, 0x0000015a3eb04020, 0x0000015a3eb097a0,
0x0000015a3eb0af70, 0x0000015a3eb40090, 0x0000015a3eb407d0, 0x0000015a3eb1a200,
0x0000015a3eb4cb50, 0x0000015a3eb9c2b0, 0x0000015a3eb9d600, 0x0000015a3eba07b0,
0x0000015a3ec10f90, 0x0000015a3ec9bd70, 0x0000015a3ec9d920, 0x0000015a3ecaf8c0,
0x0000015a3ecb02d0, 0x0000015a3ecb1270, 0x0000015a3ecc1a10, 0x0000015a84841d90
}

Java Threads: ( => current thread )
  0x0000015a1ebdf7b0 JavaThread "main"                              [_thread_in_vm, id=33404, stack(0x0000004e2c600000,0x0000004e2c700000) (1024K)]
  0x0000015a3eb038e0 JavaThread "Reference Handler"          daemon [_thread_blocked, id=33024, stack(0x0000004e2ce00000,0x0000004e2cf00000) (1024K)]
  0x0000015a3eb04020 JavaThread "Finalizer"                  daemon [_thread_blocked, id=36272, stack(0x0000004e2cf00000,0x0000004e2d000000) (1024K)]
  0x0000015a3eb097a0 JavaThread "Signal Dispatcher"          daemon [_thread_blocked, id=11904, stack(0x0000004e2d000000,0x0000004e2d100000) (1024K)]
  0x0000015a3eb0af70 JavaThread "Attach Listener"            daemon [_thread_blocked, id=35604, stack(0x0000004e2d100000,0x0000004e2d200000) (1024K)]
  0x0000015a3eb40090 JavaThread "Service Thread"             daemon [_thread_blocked, id=26532, stack(0x0000004e2d200000,0x0000004e2d300000) (1024K)]
  0x0000015a3eb407d0 JavaThread "Monitor Deflation Thread"   daemon [_thread_blocked, id=24912, stack(0x0000004e2d300000,0x0000004e2d400000) (1024K)]
=>0x0000015a3eb1a200 JavaThread "C2 CompilerThread0"         daemon [_thread_in_native, id=22524, stack(0x0000004e2d400000,0x0000004e2d500000) (1024K)]
  0x0000015a3eb4cb50 JavaThread "C1 CompilerThread0"         daemon [_thread_in_vm, id=29684, stack(0x0000004e2d500000,0x0000004e2d600000) (1024K)]
  0x0000015a3eb9c2b0 JavaThread "Notification Thread"        daemon [_thread_blocked, id=6040, stack(0x0000004e2d600000,0x0000004e2d700000) (1024K)]
  0x0000015a3eb9d600 JavaThread "Common-Cleaner"             daemon [_thread_blocked, id=8348, stack(0x0000004e2d700000,0x0000004e2d800000) (1024K)]
  0x0000015a3eba07b0 JavaThread "C1 CompilerThread1"         daemon [_thread_in_vm, id=29260, stack(0x0000004e2d800000,0x0000004e2d900000) (1024K)]
  0x0000015a3ec10f90 JavaThread "C1 CompilerThread2"         daemon [_thread_in_vm, id=26988, stack(0x0000004e2d900000,0x0000004e2da00000) (1024K)]
  0x0000015a3ec9bd70 JavaThread "C2 CompilerThread1"         daemon [_thread_in_native, id=23664, stack(0x0000004e2da00000,0x0000004e2db00000) (1024K)]
  0x0000015a3ec9d920 JavaThread "C2 CompilerThread2"         daemon [_thread_in_native, id=36860, stack(0x0000004e2db00000,0x0000004e2dc00000) (1024K)]
  0x0000015a3ecaf8c0 JavaThread "C2 CompilerThread3"         daemon [_thread_in_native, id=19548, stack(0x0000004e2dc00000,0x0000004e2dd00000) (1024K)]
  0x0000015a3ecb02d0 JavaThread "C2 CompilerThread4"         daemon [_thread_in_native, id=33336, stack(0x0000004e2dd00000,0x0000004e2de00000) (1024K)]
  0x0000015a3ecb1270 JavaThread "C2 CompilerThread5"         daemon [_thread_in_native, id=31240, stack(0x0000004e2de00000,0x0000004e2df00000) (1024K)]
  0x0000015a3ecc1a10 JavaThread "C2 CompilerThread6"         daemon [_thread_in_native, id=36556, stack(0x0000004e2df00000,0x0000004e2e000000) (1024K)]
  0x0000015a84841d90 JavaThread "C1 CompilerThread3"         daemon [_thread_in_vm, id=36292, stack(0x0000004e2e000000,0x0000004e2e100000) (1024K)]
Total: 20

Other Threads:
  0x0000015a3eaf4670 VMThread "VM Thread"                           [id=35760, stack(0x0000004e2cd00000,0x0000004e2ce00000) (1024K)]
  0x0000015a3e9a5e50 WatcherThread "VM Periodic Task Thread"        [id=8396, stack(0x0000004e2cc00000,0x0000004e2cd00000) (1024K)]
  0x0000015a1ec47cc0 WorkerThread "GC Thread#0"                     [id=18728, stack(0x0000004e2c700000,0x0000004e2c800000) (1024K)]
  0x0000015a1ec5db90 ConcurrentGCThread "G1 Main Marker"            [id=35708, stack(0x0000004e2c800000,0x0000004e2c900000) (1024K)]
  0x0000015a1ec5fba0 WorkerThread "G1 Conc#0"                       [id=33448, stack(0x0000004e2c900000,0x0000004e2ca00000) (1024K)]
  0x0000015a3e990cf0 ConcurrentGCThread "G1 Refine#0"               [id=27756, stack(0x0000004e2ca00000,0x0000004e2cb00000) (1024K)]
  0x0000015a3e992530 ConcurrentGCThread "G1 Service"                [id=33836, stack(0x0000004e2cb00000,0x0000004e2cc00000) (1024K)]
Total: 7

Threads with active compile tasks:
C2 CompilerThread0  775  987       4       org.verapdf.parser.BaseParser::nextToken (758 bytes)
C1 CompilerThread0  775 1300       3       org.verapdf.gf.model.factory.chunks.Matrix::multiplyArrays (123 bytes)
C1 CompilerThread1  775 1299       3       org.verapdf.gf.model.factory.chunks.Matrix::checkDoubleValues (66 bytes)
C1 CompilerThread2  775 1303       3       org.verapdf.io.InternalInputStream::peek (22 bytes)
C2 CompilerThread1  775 1262       4       java.util.HashMap::putVal (300 bytes)
C2 CompilerThread2  775 1256       4       java.lang.StringUTF16::compress (47 bytes)
C2 CompilerThread3  775 1265       4       java.util.regex.Pattern$CharPropertyGreedy::match (160 bytes)
C2 CompilerThread4  775 1270       4       java.nio.Buffer::<init> (105 bytes)
C2 CompilerThread5  775 1149       4       org.verapdf.parser.postscript.PSOperator::execute (2208 bytes)
C2 CompilerThread6  775 1263       4       java.util.HashMap::put (13 bytes)
C1 CompilerThread3  775 1309       3       org.verapdf.pd.font.cmap.CMap::getUnicode (73 bytes)
Total: 11

VM state: not at safepoint (normal execution)

VM Mutex/Monitor currently owned by a thread:  ([mutex/lock_event])
[0x00007ffe53ee24f0] Metaspace_lock - owner thread: 0x0000015a3eba07b0

Heap address: 0x0000000705200000, size: 4014 MB, Compressed Oops mode: Zero based, Oop shift amount: 3

CDS archive(s) mapped at: [0x0000015a3f000000-0x0000015a3fd40000-0x0000015a3fd40000), size 13893632, SharedBaseAddress: 0x0000015a3f000000, ArchiveRelocationMode: 1.
Compressed class space mapped at: 0x0000015a40000000-0x0000015a80000000, reserved size: 1073741824
UseCompressedClassPointers 1, UseCompactObjectHeaders 0
Narrow klass pointer bits 32, Max shift 3
Narrow klass base: 0x0000015a3f000000, Narrow klass shift: 0
Encoding Range: [0x0000015a3f000000 - 0x0000015b3f000000), (4294967296 bytes)
Klass Range:    [0x0000015a3f000000 - 0x0000015a80000000), (1090519040 bytes)
Klass ID Range:  [8 - 1090519033) (1090519025)

GC Precious Log:
 CardTable entry size: 512
 Card Set container configuration: InlinePtr #cards 4 size 8 Array Of Cards #cards 16 size 48 Howl #buckets 8 coarsen threshold 3686 Howl Bitmap #cards 512 size 80 coarsen threshold 460 Card regions per heap region 1 cards per card region 4096
 CPUs: 16 total, 16 available
 Memory: 16052M
 Large Page Support: Disabled
 NUMA Support: Disabled
 Compressed Oops: Enabled (Zero based)
 Heap Region Size: 2M
 Heap Min Capacity: 8M
 Heap Initial Capacity: 252M
 Heap Max Capacity: 4014M
 Pre-touch: Disabled
 Parallel Workers: 13
 Concurrent Workers: 3
 Concurrent Refinement Workers: 13
 Periodic GC: Disabled

Heap:
 garbage-first heap   total reserved 4110336K, committed 260096K, used 40052K [0x0000000705200000, 0x0000000800000000)
  region size 2048K, 19 young (38912K), 0 survivors (0K)
 Metaspace       used 3985K, committed 4096K, reserved 1114112K
  class space    used 309K, committed 384K, reserved 1048576K

Heap Regions: E=young(eden), S=young(survivor), O=old, HS=humongous(starts), HC=humongous(continues), CS=collection set, F=free, TAMS=top-at-mark-start, PB=parsable bottom
|   0|0x0000000705200000, 0x0000000705400000, 0x0000000705400000|100%|HS|  |TAMS 0x0000000705200000| PB 0x0000000705200000| Complete |  0
|   1|0x0000000705400000, 0x0000000705400000, 0x0000000705600000|  0%| F|  |TAMS 0x0000000705400000| PB 0x0000000705400000| Untracked |  0
|   2|0x0000000705600000, 0x0000000705600000, 0x0000000705800000|  0%| F|  |TAMS 0x0000000705600000| PB 0x0000000705600000| Untracked |  0
|   3|0x0000000705800000, 0x0000000705800000, 0x0000000705a00000|  0%| F|  |TAMS 0x0000000705800000| PB 0x0000000705800000| Untracked |  0
|   4|0x0000000705a00000, 0x0000000705a00000, 0x0000000705c00000|  0%| F|  |TAMS 0x0000000705a00000| PB 0x0000000705a00000| Untracked |  0
|   5|0x0000000705c00000, 0x0000000705c00000, 0x0000000705e00000|  0%| F|  |TAMS 0x0000000705c00000| PB 0x0000000705c00000| Untracked |  0
|   6|0x0000000705e00000, 0x0000000705e00000, 0x0000000706000000|  0%| F|  |TAMS 0x0000000705e00000| PB 0x0000000705e00000| Untracked |  0
|   7|0x0000000706000000, 0x0000000706000000, 0x0000000706200000|  0%| F|  |TAMS 0x0000000706000000| PB 0x0000000706000000| Untracked |  0
|   8|0x0000000706200000, 0x0000000706200000, 0x0000000706400000|  0%| F|  |TAMS 0x0000000706200000| PB 0x0000000706200000| Untracked |  0
|   9|0x0000000706400000, 0x0000000706400000, 0x0000000706600000|  0%| F|  |TAMS 0x0000000706400000| PB 0x0000000706400000| Untracked |  0
|  10|0x0000000706600000, 0x0000000706600000, 0x0000000706800000|  0%| F|  |TAMS 0x0000000706600000| PB 0x0000000706600000| Untracked |  0
|  11|0x0000000706800000, 0x0000000706800000, 0x0000000706a00000|  0%| F|  |TAMS 0x0000000706800000| PB 0x0000000706800000| Untracked |  0
|  12|0x0000000706a00000, 0x0000000706a00000, 0x0000000706c00000|  0%| F|  |TAMS 0x0000000706a00000| PB 0x0000000706a00000| Untracked |  0
|  13|0x0000000706c00000, 0x0000000706c00000, 0x0000000706e00000|  0%| F|  |TAMS 0x0000000706c00000| PB 0x0000000706c00000| Untracked |  0
|  14|0x0000000706e00000, 0x0000000706e00000, 0x0000000707000000|  0%| F|  |TAMS 0x0000000706e00000| PB 0x0000000706e00000| Untracked |  0
|  15|0x0000000707000000, 0x0000000707000000, 0x0000000707200000|  0%| F|  |TAMS 0x0000000707000000| PB 0x0000000707000000| Untracked |  0
|  16|0x0000000707200000, 0x0000000707200000, 0x0000000707400000|  0%| F|  |TAMS 0x0000000707200000| PB 0x0000000707200000| Untracked |  0
|  17|0x0000000707400000, 0x0000000707400000, 0x0000000707600000|  0%| F|  |TAMS 0x0000000707400000| PB 0x0000000707400000| Untracked |  0
|  18|0x0000000707600000, 0x0000000707600000, 0x0000000707800000|  0%| F|  |TAMS 0x0000000707600000| PB 0x0000000707600000| Untracked |  0
|  19|0x0000000707800000, 0x0000000707800000, 0x0000000707a00000|  0%| F|  |TAMS 0x0000000707800000| PB 0x0000000707800000| Untracked |  0
|  20|0x0000000707a00000, 0x0000000707a00000, 0x0000000707c00000|  0%| F|  |TAMS 0x0000000707a00000| PB 0x0000000707a00000| Untracked |  0
|  21|0x0000000707c00000, 0x0000000707c00000, 0x0000000707e00000|  0%| F|  |TAMS 0x0000000707c00000| PB 0x0000000707c00000| Untracked |  0
|  22|0x0000000707e00000, 0x0000000707e00000, 0x0000000708000000|  0%| F|  |TAMS 0x0000000707e00000| PB 0x0000000707e00000| Untracked |  0
|  23|0x0000000708000000, 0x0000000708000000, 0x0000000708200000|  0%| F|  |TAMS 0x0000000708000000| PB 0x0000000708000000| Untracked |  0
|  24|0x0000000708200000, 0x0000000708200000, 0x0000000708400000|  0%| F|  |TAMS 0x0000000708200000| PB 0x0000000708200000| Untracked |  0
|  25|0x0000000708400000, 0x0000000708400000, 0x0000000708600000|  0%| F|  |TAMS 0x0000000708400000| PB 0x0000000708400000| Untracked |  0
|  26|0x0000000708600000, 0x0000000708600000, 0x0000000708800000|  0%| F|  |TAMS 0x0000000708600000| PB 0x0000000708600000| Untracked |  0
|  27|0x0000000708800000, 0x0000000708800000, 0x0000000708a00000|  0%| F|  |TAMS 0x0000000708800000| PB 0x0000000708800000| Untracked |  0
|  28|0x0000000708a00000, 0x0000000708a00000, 0x0000000708c00000|  0%| F|  |TAMS 0x0000000708a00000| PB 0x0000000708a00000| Untracked |  0
|  29|0x0000000708c00000, 0x0000000708c00000, 0x0000000708e00000|  0%| F|  |TAMS 0x0000000708c00000| PB 0x0000000708c00000| Untracked |  0
|  30|0x0000000708e00000, 0x0000000708e00000, 0x0000000709000000|  0%| F|  |TAMS 0x0000000708e00000| PB 0x0000000708e00000| Untracked |  0
|  31|0x0000000709000000, 0x0000000709000000, 0x0000000709200000|  0%| F|  |TAMS 0x0000000709000000| PB 0x0000000709000000| Untracked |  0
|  32|0x0000000709200000, 0x0000000709200000, 0x0000000709400000|  0%| F|  |TAMS 0x0000000709200000| PB 0x0000000709200000| Untracked |  0
|  33|0x0000000709400000, 0x0000000709400000, 0x0000000709600000|  0%| F|  |TAMS 0x0000000709400000| PB 0x0000000709400000| Untracked |  0
|  34|0x0000000709600000, 0x0000000709600000, 0x0000000709800000|  0%| F|  |TAMS 0x0000000709600000| PB 0x0000000709600000| Untracked |  0
|  35|0x0000000709800000, 0x0000000709800000, 0x0000000709a00000|  0%| F|  |TAMS 0x0000000709800000| PB 0x0000000709800000| Untracked |  0
|  36|0x0000000709a00000, 0x0000000709a00000, 0x0000000709c00000|  0%| F|  |TAMS 0x0000000709a00000| PB 0x0000000709a00000| Untracked |  0
|  37|0x0000000709c00000, 0x0000000709c00000, 0x0000000709e00000|  0%| F|  |TAMS 0x0000000709c00000| PB 0x0000000709c00000| Untracked |  0
|  38|0x0000000709e00000, 0x0000000709e00000, 0x000000070a000000|  0%| F|  |TAMS 0x0000000709e00000| PB 0x0000000709e00000| Untracked |  0
|  39|0x000000070a000000, 0x000000070a000000, 0x000000070a200000|  0%| F|  |TAMS 0x000000070a000000| PB 0x000000070a000000| Untracked |  0
|  40|0x000000070a200000, 0x000000070a200000, 0x000000070a400000|  0%| F|  |TAMS 0x000000070a200000| PB 0x000000070a200000| Untracked |  0
|  41|0x000000070a400000, 0x000000070a400000, 0x000000070a600000|  0%| F|  |TAMS 0x000000070a400000| PB 0x000000070a400000| Untracked |  0
|  42|0x000000070a600000, 0x000000070a600000, 0x000000070a800000|  0%| F|  |TAMS 0x000000070a600000| PB 0x000000070a600000| Untracked |  0
|  43|0x000000070a800000, 0x000000070a800000, 0x000000070aa00000|  0%| F|  |TAMS 0x000000070a800000| PB 0x000000070a800000| Untracked |  0
|  44|0x000000070aa00000, 0x000000070aa00000, 0x000000070ac00000|  0%| F|  |TAMS 0x000000070aa00000| PB 0x000000070aa00000| Untracked |  0
|  45|0x000000070ac00000, 0x000000070ac00000, 0x000000070ae00000|  0%| F|  |TAMS 0x000000070ac00000| PB 0x000000070ac00000| Untracked |  0
|  46|0x000000070ae00000, 0x000000070ae00000, 0x000000070b000000|  0%| F|  |TAMS 0x000000070ae00000| PB 0x000000070ae00000| Untracked |  0
|  47|0x000000070b000000, 0x000000070b000000, 0x000000070b200000|  0%| F|  |TAMS 0x000000070b000000| PB 0x000000070b000000| Untracked |  0
|  48|0x000000070b200000, 0x000000070b200000, 0x000000070b400000|  0%| F|  |TAMS 0x000000070b200000| PB 0x000000070b200000| Untracked |  0
|  49|0x000000070b400000, 0x000000070b400000, 0x000000070b600000|  0%| F|  |TAMS 0x000000070b400000| PB 0x000000070b400000| Untracked |  0
|  50|0x000000070b600000, 0x000000070b600000, 0x000000070b800000|  0%| F|  |TAMS 0x000000070b600000| PB 0x000000070b600000| Untracked |  0
|  51|0x000000070b800000, 0x000000070b800000, 0x000000070ba00000|  0%| F|  |TAMS 0x000000070b800000| PB 0x000000070b800000| Untracked |  0
|  52|0x000000070ba00000, 0x000000070ba00000, 0x000000070bc00000|  0%| F|  |TAMS 0x000000070ba00000| PB 0x000000070ba00000| Untracked |  0
|  53|0x000000070bc00000, 0x000000070bc00000, 0x000000070be00000|  0%| F|  |TAMS 0x000000070bc00000| PB 0x000000070bc00000| Untracked |  0
|  54|0x000000070be00000, 0x000000070be00000, 0x000000070c000000|  0%| F|  |TAMS 0x000000070be00000| PB 0x000000070be00000| Untracked |  0
|  55|0x000000070c000000, 0x000000070c000000, 0x000000070c200000|  0%| F|  |TAMS 0x000000070c000000| PB 0x000000070c000000| Untracked |  0
|  56|0x000000070c200000, 0x000000070c200000, 0x000000070c400000|  0%| F|  |TAMS 0x000000070c200000| PB 0x000000070c200000| Untracked |  0
|  57|0x000000070c400000, 0x000000070c400000, 0x000000070c600000|  0%| F|  |TAMS 0x000000070c400000| PB 0x000000070c400000| Untracked |  0
|  58|0x000000070c600000, 0x000000070c600000, 0x000000070c800000|  0%| F|  |TAMS 0x000000070c600000| PB 0x000000070c600000| Untracked |  0
|  59|0x000000070c800000, 0x000000070c800000, 0x000000070ca00000|  0%| F|  |TAMS 0x000000070c800000| PB 0x000000070c800000| Untracked |  0
|  60|0x000000070ca00000, 0x000000070ca00000, 0x000000070cc00000|  0%| F|  |TAMS 0x000000070ca00000| PB 0x000000070ca00000| Untracked |  0
|  61|0x000000070cc00000, 0x000000070cc00000, 0x000000070ce00000|  0%| F|  |TAMS 0x000000070cc00000| PB 0x000000070cc00000| Untracked |  0
|  62|0x000000070ce00000, 0x000000070ce00000, 0x000000070d000000|  0%| F|  |TAMS 0x000000070ce00000| PB 0x000000070ce00000| Untracked |  0
|  63|0x000000070d000000, 0x000000070d000000, 0x000000070d200000|  0%| F|  |TAMS 0x000000070d000000| PB 0x000000070d000000| Untracked |  0
|  64|0x000000070d200000, 0x000000070d200000, 0x000000070d400000|  0%| F|  |TAMS 0x000000070d200000| PB 0x000000070d200000| Untracked |  0
|  65|0x000000070d400000, 0x000000070d400000, 0x000000070d600000|  0%| F|  |TAMS 0x000000070d400000| PB 0x000000070d400000| Untracked |  0
|  66|0x000000070d600000, 0x000000070d600000, 0x000000070d800000|  0%| F|  |TAMS 0x000000070d600000| PB 0x000000070d600000| Untracked |  0
|  67|0x000000070d800000, 0x000000070d800000, 0x000000070da00000|  0%| F|  |TAMS 0x000000070d800000| PB 0x000000070d800000| Untracked |  0
|  68|0x000000070da00000, 0x000000070da00000, 0x000000070dc00000|  0%| F|  |TAMS 0x000000070da00000| PB 0x000000070da00000| Untracked |  0
|  69|0x000000070dc00000, 0x000000070dc00000, 0x000000070de00000|  0%| F|  |TAMS 0x000000070dc00000| PB 0x000000070dc00000| Untracked |  0
|  70|0x000000070de00000, 0x000000070de00000, 0x000000070e000000|  0%| F|  |TAMS 0x000000070de00000| PB 0x000000070de00000| Untracked |  0
|  71|0x000000070e000000, 0x000000070e000000, 0x000000070e200000|  0%| F|  |TAMS 0x000000070e000000| PB 0x000000070e000000| Untracked |  0
|  72|0x000000070e200000, 0x000000070e200000, 0x000000070e400000|  0%| F|  |TAMS 0x000000070e200000| PB 0x000000070e200000| Untracked |  0
|  73|0x000000070e400000, 0x000000070e400000, 0x000000070e600000|  0%| F|  |TAMS 0x000000070e400000| PB 0x000000070e400000| Untracked |  0
|  74|0x000000070e600000, 0x000000070e600000, 0x000000070e800000|  0%| F|  |TAMS 0x000000070e600000| PB 0x000000070e600000| Untracked |  0
|  75|0x000000070e800000, 0x000000070e800000, 0x000000070ea00000|  0%| F|  |TAMS 0x000000070e800000| PB 0x000000070e800000| Untracked |  0
|  76|0x000000070ea00000, 0x000000070ea00000, 0x000000070ec00000|  0%| F|  |TAMS 0x000000070ea00000| PB 0x000000070ea00000| Untracked |  0
|  77|0x000000070ec00000, 0x000000070ec00000, 0x000000070ee00000|  0%| F|  |TAMS 0x000000070ec00000| PB 0x000000070ec00000| Untracked |  0
|  78|0x000000070ee00000, 0x000000070ee00000, 0x000000070f000000|  0%| F|  |TAMS 0x000000070ee00000| PB 0x000000070ee00000| Untracked |  0
|  79|0x000000070f000000, 0x000000070f000000, 0x000000070f200000|  0%| F|  |TAMS 0x000000070f000000| PB 0x000000070f000000| Untracked |  0
|  80|0x000000070f200000, 0x000000070f200000, 0x000000070f400000|  0%| F|  |TAMS 0x000000070f200000| PB 0x000000070f200000| Untracked |  0
|  81|0x000000070f400000, 0x000000070f400000, 0x000000070f600000|  0%| F|  |TAMS 0x000000070f400000| PB 0x000000070f400000| Untracked |  0
|  82|0x000000070f600000, 0x000000070f600000, 0x000000070f800000|  0%| F|  |TAMS 0x000000070f600000| PB 0x000000070f600000| Untracked |  0
|  83|0x000000070f800000, 0x000000070f800000, 0x000000070fa00000|  0%| F|  |TAMS 0x000000070f800000| PB 0x000000070f800000| Untracked |  0
|  84|0x000000070fa00000, 0x000000070fa00000, 0x000000070fc00000|  0%| F|  |TAMS 0x000000070fa00000| PB 0x000000070fa00000| Untracked |  0
|  85|0x000000070fc00000, 0x000000070fc00000, 0x000000070fe00000|  0%| F|  |TAMS 0x000000070fc00000| PB 0x000000070fc00000| Untracked |  0
|  86|0x000000070fe00000, 0x000000070fe00000, 0x0000000710000000|  0%| F|  |TAMS 0x000000070fe00000| PB 0x000000070fe00000| Untracked |  0
|  87|0x0000000710000000, 0x0000000710000000, 0x0000000710200000|  0%| F|  |TAMS 0x0000000710000000| PB 0x0000000710000000| Untracked |  0
|  88|0x0000000710200000, 0x0000000710200000, 0x0000000710400000|  0%| F|  |TAMS 0x0000000710200000| PB 0x0000000710200000| Untracked |  0
|  89|0x0000000710400000, 0x0000000710400000, 0x0000000710600000|  0%| F|  |TAMS 0x0000000710400000| PB 0x0000000710400000| Untracked |  0
|  90|0x0000000710600000, 0x0000000710600000, 0x0000000710800000|  0%| F|  |TAMS 0x0000000710600000| PB 0x0000000710600000| Untracked |  0
|  91|0x0000000710800000, 0x0000000710800000, 0x0000000710a00000|  0%| F|  |TAMS 0x0000000710800000| PB 0x0000000710800000| Untracked |  0
|  92|0x0000000710a00000, 0x0000000710a00000, 0x0000000710c00000|  0%| F|  |TAMS 0x0000000710a00000| PB 0x0000000710a00000| Untracked |  0
|  93|0x0000000710c00000, 0x0000000710c00000, 0x0000000710e00000|  0%| F|  |TAMS 0x0000000710c00000| PB 0x0000000710c00000| Untracked |  0
|  94|0x0000000710e00000, 0x0000000710e00000, 0x0000000711000000|  0%| F|  |TAMS 0x0000000710e00000| PB 0x0000000710e00000| Untracked |  0
|  95|0x0000000711000000, 0x0000000711000000, 0x0000000711200000|  0%| F|  |TAMS 0x0000000711000000| PB 0x0000000711000000| Untracked |  0
|  96|0x0000000711200000, 0x0000000711200000, 0x0000000711400000|  0%| F|  |TAMS 0x0000000711200000| PB 0x0000000711200000| Untracked |  0
|  97|0x0000000711400000, 0x0000000711400000, 0x0000000711600000|  0%| F|  |TAMS 0x0000000711400000| PB 0x0000000711400000| Untracked |  0
|  98|0x0000000711600000, 0x0000000711600000, 0x0000000711800000|  0%| F|  |TAMS 0x0000000711600000| PB 0x0000000711600000| Untracked |  0
|  99|0x0000000711800000, 0x0000000711800000, 0x0000000711a00000|  0%| F|  |TAMS 0x0000000711800000| PB 0x0000000711800000| Untracked |  0
| 100|0x0000000711a00000, 0x0000000711a00000, 0x0000000711c00000|  0%| F|  |TAMS 0x0000000711a00000| PB 0x0000000711a00000| Untracked |  0
| 101|0x0000000711c00000, 0x0000000711c00000, 0x0000000711e00000|  0%| F|  |TAMS 0x0000000711c00000| PB 0x0000000711c00000| Untracked |  0
| 102|0x0000000711e00000, 0x0000000711e00000, 0x0000000712000000|  0%| F|  |TAMS 0x0000000711e00000| PB 0x0000000711e00000| Untracked |  0
| 103|0x0000000712000000, 0x0000000712000000, 0x0000000712200000|  0%| F|  |TAMS 0x0000000712000000| PB 0x0000000712000000| Untracked |  0
| 104|0x0000000712200000, 0x0000000712200000, 0x0000000712400000|  0%| F|  |TAMS 0x0000000712200000| PB 0x0000000712200000| Untracked |  0
| 105|0x0000000712400000, 0x0000000712400000, 0x0000000712600000|  0%| F|  |TAMS 0x0000000712400000| PB 0x0000000712400000| Untracked |  0
| 106|0x0000000712600000, 0x0000000712600000, 0x0000000712800000|  0%| F|  |TAMS 0x0000000712600000| PB 0x0000000712600000| Untracked |  0
| 107|0x0000000712800000, 0x00000007128f5c48, 0x0000000712a00000| 48%| E|  |TAMS 0x0000000712800000| PB 0x0000000712800000| Complete |  0
| 108|0x0000000712a00000, 0x0000000712c00000, 0x0000000712c00000|100%| E|CS|TAMS 0x0000000712a00000| PB 0x0000000712a00000| Complete |  0
| 109|0x0000000712c00000, 0x0000000712e00000, 0x0000000712e00000|100%| E|CS|TAMS 0x0000000712c00000| PB 0x0000000712c00000| Complete |  0
| 110|0x0000000712e00000, 0x0000000713000000, 0x0000000713000000|100%| E|CS|TAMS 0x0000000712e00000| PB 0x0000000712e00000| Complete |  0
| 111|0x0000000713000000, 0x0000000713200000, 0x0000000713200000|100%| E|CS|TAMS 0x0000000713000000| PB 0x0000000713000000| Complete |  0
| 112|0x0000000713200000, 0x0000000713400000, 0x0000000713400000|100%| E|CS|TAMS 0x0000000713200000| PB 0x0000000713200000| Complete |  0
| 113|0x0000000713400000, 0x0000000713600000, 0x0000000713600000|100%| E|CS|TAMS 0x0000000713400000| PB 0x0000000713400000| Complete |  0
| 114|0x0000000713600000, 0x0000000713800000, 0x0000000713800000|100%| E|CS|TAMS 0x0000000713600000| PB 0x0000000713600000| Complete |  0
| 115|0x0000000713800000, 0x0000000713a00000, 0x0000000713a00000|100%| E|CS|TAMS 0x0000000713800000| PB 0x0000000713800000| Complete |  0
| 116|0x0000000713a00000, 0x0000000713c00000, 0x0000000713c00000|100%| E|CS|TAMS 0x0000000713a00000| PB 0x0000000713a00000| Complete |  0
| 117|0x0000000713c00000, 0x0000000713e00000, 0x0000000713e00000|100%| E|CS|TAMS 0x0000000713c00000| PB 0x0000000713c00000| Complete |  0
| 118|0x0000000713e00000, 0x0000000714000000, 0x0000000714000000|100%| E|CS|TAMS 0x0000000713e00000| PB 0x0000000713e00000| Complete |  0
| 119|0x0000000714000000, 0x0000000714200000, 0x0000000714200000|100%| E|CS|TAMS 0x0000000714000000| PB 0x0000000714000000| Complete |  0
| 120|0x0000000714200000, 0x0000000714400000, 0x0000000714400000|100%| E|CS|TAMS 0x0000000714200000| PB 0x0000000714200000| Complete |  0
| 121|0x0000000714400000, 0x0000000714600000, 0x0000000714600000|100%| E|CS|TAMS 0x0000000714400000| PB 0x0000000714400000| Complete |  0
| 122|0x0000000714600000, 0x0000000714800000, 0x0000000714800000|100%| E|CS|TAMS 0x0000000714600000| PB 0x0000000714600000| Complete |  0
| 123|0x0000000714800000, 0x0000000714a00000, 0x0000000714a00000|100%| E|CS|TAMS 0x0000000714800000| PB 0x0000000714800000| Complete |  0
| 124|0x0000000714a00000, 0x0000000714c00000, 0x0000000714c00000|100%| E|CS|TAMS 0x0000000714a00000| PB 0x0000000714a00000| Complete |  0
| 125|0x0000000714c00000, 0x0000000714e00000, 0x0000000714e00000|100%| E|CS|TAMS 0x0000000714c00000| PB 0x0000000714c00000| Complete |  0
|2006|0x00000007ffe00000, 0x00000007fff1d248, 0x0000000800000000| 55%| O|  |TAMS 0x00000007ffe00000| PB 0x00000007ffe00000| Untracked |  0

Card table byte_map: [0x0000015a373d0000,0x0000015a37bb0000] _byte_map_base: 0x0000015a33ba7000

Marking Bits: (CMBitMap*) 0x0000015a1ec482e0
 Bits: [0x0000015a37bb0000, 0x0000015a3ba68000)

Polling page: 0x0000015a1c960000

Metaspace:

Usage:
  Non-class:      3.59 MB used.
      Class:    309.33 KB used.
       Both:      3.89 MB used.

Virtual space:
  Non-class space:       64.00 MB reserved,       3.62 MB (  6%) committed,  1 nodes.
      Class space:        1.00 GB reserved,     384.00 KB ( <1%) committed,  1 nodes.
             Both:        1.06 GB reserved,       4.00 MB ( <1%) committed. 

Chunk freelists:
   Non-Class:  10.23 MB
       Class:  15.56 MB
        Both:  25.80 MB

MaxMetaspaceSize: unlimited
CompressedClassSpaceSize: 1.00 GB
Initial GC threshold: 21.00 MB
Current GC threshold: 21.00 MB
CDS: on
 - commit_granule_bytes: 65536.
 - commit_granule_words: 8192.
 - virtual_space_node_default_size: 8388608.
 - enlarge_chunks_in_place: 1.
UseCompressedClassPointers 1, UseCompactObjectHeaders 0
Narrow klass pointer bits 32, Max shift 3
Narrow klass base: 0x0000015a3f000000, Narrow klass shift: 0
Encoding Range: [0x0000015a3f000000 - 0x0000015b3f000000), (4294967296 bytes)
Klass Range:    [0x0000015a3f000000 - 0x0000015a80000000), (1090519040 bytes)
Klass ID Range:  [8 - 1090519033) (1090519025)


Internal statistics:

num_allocs_failed_limit: 0.
num_arena_births: 46.
num_arena_deaths: 0.
num_vsnodes_births: 2.
num_vsnodes_deaths: 0.
num_space_committed: 64.
num_space_uncommitted: 0.
num_chunks_returned_to_freelist: 0.
num_chunks_taken_from_freelist: 136.
num_chunk_merges: 0.
num_chunk_splits: 92.
num_chunks_enlarged: 70.
num_inconsistent_stats: 0.

CodeHeap 'non-profiled nmethods': size=119232Kb used=318Kb max_used=318Kb free=118913Kb
 bounds [0x0000015a2f010000, 0x0000015a2f280000, 0x0000015a36480000]
CodeHeap 'profiled nmethods': size=119104Kb used=2048Kb max_used=2048Kb free=117055Kb
 bounds [0x0000015a27480000, 0x0000015a276f0000, 0x0000015a2e8d0000]
CodeHeap 'non-nmethods': size=7424Kb used=3015Kb max_used=3035Kb free=4408Kb
 bounds [0x0000015a2e8d0000, 0x0000015a2ebd0000, 0x0000015a2f010000]
CodeCache: size=245760Kb, used=5381Kb, max_used=5401Kb, free=240376Kb
 total_blobs=1754, nmethods=1283, adapters=368, full_count=0
Compilation: enabled, stopped_count=0, restarted_count=0

Compilation events (20 events):
Event: 0.729 Thread 0x0000015a3ec9d920 nmethod 1220 0x0000015a2f05c908 code [0x0000015a2f05ca00, 0x0000015a2f05cae0]
Event: 0.729 Thread 0x0000015a84841d90 nmethod 1217 0x0000015a27662f88 code [0x0000015a27663380, 0x0000015a27665960]
Event: 0.729 Thread 0x0000015a3eb4cb50 1239       3       java.util.Scanner::findWithinHorizon (83 bytes)
Event: 0.729 Thread 0x0000015a3ec10f90 nmethod 1227 0x0000015a27665a88 code [0x0000015a27665de0, 0x0000015a27668388]
Event: 0.729 Thread 0x0000015a3ec9d920 1256       4       java.lang.StringUTF16::compress (47 bytes)
Event: 0.729 Thread 0x0000015a3eba07b0 nmethod 1248 0x0000015a27668488 code [0x0000015a276685c0, 0x0000015a27668958]
Event: 0.730 Thread 0x0000015a3eba07b0 1215       3       java.util.regex.Matcher::region (79 bytes)
Event: 0.730 Thread 0x0000015a3eb4cb50 nmethod 1239 0x0000015a27668988 code [0x0000015a27668b60, 0x0000015a276693e8]
Event: 0.730 Thread 0x0000015a3ec9bd70 nmethod 1218 0x0000015a2f05cc08 code [0x0000015a2f05cd20, 0x0000015a2f05ce68]
Event: 0.730 Thread 0x0000015a3eb4cb50 1224       3       java.util.HashMap::isEmpty (13 bytes)
Event: 0.731 Thread 0x0000015a3eba07b0 nmethod 1215 0x0000015a27669488 code [0x0000015a27669620, 0x0000015a27669ea8]
Event: 0.731 Thread 0x0000015a3ec10f90 1216       3       java.util.regex.Matcher::checkGroup (41 bytes)
Event: 0.731 Thread 0x0000015a3eb4cb50 nmethod 1224 0x0000015a27669f08 code [0x0000015a2766a020, 0x0000015a2766a178]
Event: 0.731 Thread 0x0000015a84841d90 1242       3       java.util.regex.Matcher::group (6 bytes)
Event: 0.731 Thread 0x0000015a3ec9bd70 1262       4       java.util.HashMap::putVal (300 bytes)
Event: 0.731 Thread 0x0000015a3eba07b0 1243       3       java.util.regex.Matcher::group (65 bytes)
Event: 0.731 Thread 0x0000015a3eb4cb50 1244       3       java.util.regex.Matcher::getSubSequence (12 bytes)
Event: 0.731 Thread 0x0000015a84841d90 nmethod 1242 0x0000015a2766a208 code [0x0000015a2766a320, 0x0000015a2766a4e0]
Event: 0.732 Thread 0x0000015a3eb4cb50 nmethod 1244 0x0000015a2766a508 code [0x0000015a2766a620, 0x0000015a2766a7f8]
Event: 0.732 Thread 0x0000015a84841d90 1222       3       java.util.regex.Pattern::namedGroupsMap (25 bytes)

GC Heap History (0 events):
No events

Dll operation events (6 events):
Event: 0.041 Loaded shared library C:\Program Files\Java\jdk-24\bin\java.dll
Event: 0.198 Loaded shared library C:\Program Files\Java\jdk-24\bin\jsvml.dll
Event: 0.202 Loaded shared library C:\Program Files\Java\jdk-24\bin\net.dll
Event: 0.206 Loaded shared library C:\Program Files\Java\jdk-24\bin\nio.dll
Event: 0.226 Loaded shared library C:\Program Files\Java\jdk-24\bin\zip.dll
Event: 0.269 Loaded shared library C:\Program Files\Java\jdk-24\bin\jimage.dll

Deoptimization events (20 events):
Event: 0.681 Thread 0x0000015a1ebdf7b0 DEOPT PACKING pc=0x0000015a276062fc sp=0x0000004e2c6fe5b0
Event: 0.681 Thread 0x0000015a1ebdf7b0 DEOPT UNPACKING pc=0x0000015a2e925722 sp=0x0000004e2c6fdab0 mode 0
Event: 0.682 Thread 0x0000015a1ebdf7b0 DEOPT PACKING pc=0x0000015a27613604 sp=0x0000004e2c6fea00
Event: 0.682 Thread 0x0000015a1ebdf7b0 DEOPT UNPACKING pc=0x0000015a2e925722 sp=0x0000004e2c6fdea0 mode 0
Event: 0.683 Thread 0x0000015a1ebdf7b0 DEOPT PACKING pc=0x0000015a27613604 sp=0x0000004e2c6fea00
Event: 0.683 Thread 0x0000015a1ebdf7b0 DEOPT UNPACKING pc=0x0000015a2e925722 sp=0x0000004e2c6fdea0 mode 0
Event: 0.683 Thread 0x0000015a1ebdf7b0 DEOPT PACKING pc=0x0000015a276062fc sp=0x0000004e2c6fe900
Event: 0.683 Thread 0x0000015a1ebdf7b0 DEOPT UNPACKING pc=0x0000015a2e925722 sp=0x0000004e2c6fde00 mode 0
Event: 0.683 Thread 0x0000015a1ebdf7b0 DEOPT PACKING pc=0x0000015a27613604 sp=0x0000004e2c6fea00
Event: 0.683 Thread 0x0000015a1ebdf7b0 DEOPT UNPACKING pc=0x0000015a2e925722 sp=0x0000004e2c6fdea0 mode 0
Event: 0.687 Thread 0x0000015a1ebdf7b0 DEOPT PACKING pc=0x0000015a27613604 sp=0x0000004e2c6fe650
Event: 0.687 Thread 0x0000015a1ebdf7b0 DEOPT UNPACKING pc=0x0000015a2e925722 sp=0x0000004e2c6fdaf0 mode 0
Event: 0.689 Thread 0x0000015a1ebdf7b0 DEOPT PACKING pc=0x0000015a27613604 sp=0x0000004e2c6fe9b0
Event: 0.689 Thread 0x0000015a1ebdf7b0 DEOPT UNPACKING pc=0x0000015a2e925722 sp=0x0000004e2c6fde50 mode 0
Event: 0.689 Thread 0x0000015a1ebdf7b0 DEOPT PACKING pc=0x0000015a27613604 sp=0x0000004e2c6fe9b0
Event: 0.689 Thread 0x0000015a1ebdf7b0 DEOPT UNPACKING pc=0x0000015a2e925722 sp=0x0000004e2c6fde50 mode 0
Event: 0.696 Thread 0x0000015a1ebdf7b0 DEOPT PACKING pc=0x0000015a27613604 sp=0x0000004e2c6fe980
Event: 0.696 Thread 0x0000015a1ebdf7b0 DEOPT UNPACKING pc=0x0000015a2e925722 sp=0x0000004e2c6fde20 mode 0
Event: 0.696 Thread 0x0000015a1ebdf7b0 DEOPT PACKING pc=0x0000015a27613604 sp=0x0000004e2c6fe930
Event: 0.696 Thread 0x0000015a1ebdf7b0 DEOPT UNPACKING pc=0x0000015a2e925722 sp=0x0000004e2c6fddd0 mode 0

Classes loaded (20 events):
Event: 0.707 Loading class jdk/internal/util/OperatingSystem
Event: 0.707 Loading class jdk/internal/util/OperatingSystem done
Event: 0.708 Loading class sun/net/www/protocol/jar/URLJarFile
Event: 0.708 Loading class sun/net/www/protocol/jar/URLJarFile done
Event: 0.709 Loading class sun/net/www/protocol/jar/URLJarFile$URLJarFileEntry
Event: 0.709 Loading class sun/net/www/protocol/jar/URLJarFile$URLJarFileEntry done
Event: 0.709 Loading class sun/net/www/protocol/jar/JarURLConnection$JarURLInputStream
Event: 0.709 Loading class sun/net/www/protocol/jar/JarURLConnection$JarURLInputStream done
Event: 0.709 Loading class java/util/Scanner
Event: 0.710 Loading class java/util/Scanner done
Event: 0.716 Loading class java/io/InputStreamReader
Event: 0.716 Loading class java/io/InputStreamReader done
Event: 0.716 Loading class sun/nio/cs/StreamDecoder
Event: 0.717 Loading class sun/nio/cs/StreamDecoder done
Event: 0.717 Loading class sun/nio/cs/ISO_8859_1$Decoder
Event: 0.717 Loading class sun/nio/cs/ISO_8859_1$Decoder done
Event: 0.717 Loading class java/util/Scanner$PatternLRUCache
Event: 0.717 Loading class java/util/Scanner$PatternLRUCache done
Event: 0.718 Loading class java/util/regex/Matcher$ImmutableMatchResult
Event: 0.718 Loading class java/util/regex/Matcher$ImmutableMatchResult done

Classes unloaded (0 events):
No events

Classes redefined (0 events):
No events

Internal exceptions (9 events):
Event: 0.289 Thread 0x0000015a1ebdf7b0 Exception <a 'java/lang/NoSuchMethodError'{0x0000000714b0e3c0}: 'void java.lang.invoke.DirectMethodHandle$Holder.invokeStatic(java.lang.Object, java.lang.Object)'> (0x0000000714b0e3c0) 
thrown [s\open\src\hotspot\share\interpreter\linkResolver.cpp, line 805]
Event: 0.290 Thread 0x0000015a1ebdf7b0 Exception <a 'java/lang/NoSuchMethodError'{0x0000000714b162d8}: 'void java.lang.invoke.DirectMethodHandle$Holder.invokeStaticInit(java.lang.Object, java.lang.Object)'> (0x0000000714b162d8) 
thrown [s\open\src\hotspot\share\interpreter\linkResolver.cpp, line 805]
Event: 0.306 Thread 0x0000015a1ebdf7b0 Exception <a 'java/lang/NoSuchMethodError'{0x0000000714b833f0}: 'void java.lang.invoke.DirectMethodHandle$Holder.invokeSpecial(java.lang.Object, java.lang.Object, java.lang.Object, java.lang.Object, java.lang.Object)'> (0x0000000714b833f0) 
thrown [s\open\src\hotspot\share\interpreter\linkResolver.cpp, line 805]
Event: 0.416 Thread 0x0000015a1ebdf7b0 Exception <a 'java/lang/NoSuchMethodError'{0x00000007149b9d78}: 'int java.lang.invoke.DirectMethodHandle$Holder.invokeVirtual(java.lang.Object, java.lang.Object)'> (0x00000007149b9d78) 
thrown [s\open\src\hotspot\share\interpreter\linkResolver.cpp, line 805]
Event: 0.436 Thread 0x0000015a1ebdf7b0 Exception <a 'java/lang/NoSuchMethodError'{0x00000007146fa5e0}: 'java.lang.Object java.lang.invoke.DirectMethodHandle$Holder.invokeStaticInit(java.lang.Object)'> (0x00000007146fa5e0) 
thrown [s\open\src\hotspot\share\interpreter\linkResolver.cpp, line 805]
Event: 0.471 Thread 0x0000015a1ebdf7b0 Exception <a 'java/lang/NoSuchMethodError'{0x000000071476a8f0}: 'java.lang.Object java.lang.invoke.DirectMethodHandle$Holder.invokeStaticInit(java.lang.Object, int, int, int, int)'> (0x000000071476a8f0) 
thrown [s\open\src\hotspot\share\interpreter\linkResolver.cpp, line 805]
Event: 0.493 Thread 0x0000015a1ebdf7b0 Exception <a 'java/lang/NoSuchMethodError'{0x0000000714797430}: 'java.lang.Object java.lang.invoke.DirectMethodHandle$Holder.invokeStaticInit(java.lang.Object, java.lang.Object, int, int, int, int)'> (0x0000000714797430) 
thrown [s\open\src\hotspot\share\interpreter\linkResolver.cpp, line 805]
Event: 0.575 Thread 0x0000015a1ebdf7b0 Exception <a 'java/lang/NoSuchMethodError'{0x0000000714226020}: 'double java.lang.invoke.DirectMethodHandle$Holder.invokeVirtual(java.lang.Object, java.lang.Object)'> (0x0000000714226020) 
thrown [s\open\src\hotspot\share\interpreter\linkResolver.cpp, line 805]
Event: 0.606 Thread 0x0000015a1ebdf7b0 Exception <a 'java/lang/NoSuchMethodError'{0x00000007143dd0e8}: 'java.lang.Object java.lang.invoke.DirectMethodHandle$Holder.invokeSpecial(java.lang.Object, java.lang.Object, double, double)'> (0x00000007143dd0e8) 
thrown [s\open\src\hotspot\share\interpreter\linkResolver.cpp, line 805]

VM Operations (20 events):
Event: 0.435 Executing VM operation: HandshakeAllThreads (Deoptimize)
Event: 0.435 Executing VM operation: HandshakeAllThreads (Deoptimize) done
Event: 0.524 Executing VM operation: HandshakeAllThreads (Deoptimize)
Event: 0.524 Executing VM operation: HandshakeAllThreads (Deoptimize) done
Event: 0.528 Executing VM operation: HandshakeAllThreads (Deoptimize)
Event: 0.528 Executing VM operation: HandshakeAllThreads (Deoptimize) done
Event: 0.528 Executing VM operation: HandshakeAllThreads (Deoptimize)
Event: 0.528 Executing VM operation: HandshakeAllThreads (Deoptimize) done
Event: 0.565 Executing VM operation: HandshakeAllThreads (Deoptimize)
Event: 0.565 Executing VM operation: HandshakeAllThreads (Deoptimize) done
Event: 0.565 Executing VM operation: HandshakeAllThreads (Deoptimize)
Event: 0.565 Executing VM operation: HandshakeAllThreads (Deoptimize) done
Event: 0.590 Executing VM operation: HandshakeAllThreads (Deoptimize)
Event: 0.590 Executing VM operation: HandshakeAllThreads (Deoptimize) done
Event: 0.590 Executing VM operation: HandshakeAllThreads (Deoptimize)
Event: 0.590 Executing VM operation: HandshakeAllThreads (Deoptimize) done
Event: 0.610 Executing VM operation: HandshakeAllThreads (Deoptimize)
Event: 0.610 Executing VM operation: HandshakeAllThreads (Deoptimize) done
Event: 0.708 Executing VM operation: HandshakeAllThreads (Deoptimize)
Event: 0.708 Executing VM operation: HandshakeAllThreads (Deoptimize) done

Memory protections (0 events):
No events

Nmethod flushes (0 events):
No events

Events (20 events):
Event: 0.126 Thread 0x0000015a1ebdf7b0 Thread added: 0x0000015a1ebdf7b0
Event: 0.173 Thread 0x0000015a1ebdf7b0 Thread added: 0x0000015a3eb038e0
Event: 0.174 Thread 0x0000015a1ebdf7b0 Thread added: 0x0000015a3eb04020
Event: 0.174 Thread 0x0000015a1ebdf7b0 Thread added: 0x0000015a3eb097a0
Event: 0.174 Thread 0x0000015a1ebdf7b0 Thread added: 0x0000015a3eb0af70
Event: 0.174 Thread 0x0000015a1ebdf7b0 Thread added: 0x0000015a3eb40090
Event: 0.174 Thread 0x0000015a1ebdf7b0 Thread added: 0x0000015a3eb407d0
Event: 0.175 Thread 0x0000015a1ebdf7b0 Thread added: 0x0000015a3eb1a200
Event: 0.175 Thread 0x0000015a1ebdf7b0 Thread added: 0x0000015a3eb4cb50
Event: 0.194 Thread 0x0000015a1ebdf7b0 Thread added: 0x0000015a3eb9c2b0
Event: 0.196 Thread 0x0000015a1ebdf7b0 Thread added: 0x0000015a3eb9d600
Event: 0.204 Thread 0x0000015a3eb4cb50 Thread added: 0x0000015a3eba07b0
Event: 0.218 Thread 0x0000015a3eb4cb50 Thread added: 0x0000015a3ec10f90
Event: 0.219 Thread 0x0000015a3ec10f90 Thread added: 0x0000015a3ec9bd70
Event: 0.219 Thread 0x0000015a3ec10f90 Thread added: 0x0000015a3ec9d920
Event: 0.224 Thread 0x0000015a3ec10f90 Thread added: 0x0000015a3ecaf8c0
Event: 0.224 Thread 0x0000015a3ec10f90 Thread added: 0x0000015a3ecb02d0
Event: 0.224 Thread 0x0000015a3ec10f90 Thread added: 0x0000015a3ecb1270
Event: 0.225 Thread 0x0000015a3ec10f90 Thread added: 0x0000015a3ecc1a10
Event: 0.649 Thread 0x0000015a3eba07b0 Thread added: 0x0000015a84841d90


Dynamic libraries:
0x00007ff7d2460000 - 0x00007ff7d2470000 	C:\Program Files\Java\jdk-24\bin\java.exe
0x00007fff137e0000 - 0x00007fff13a46000 	C:\WINDOWS\SYSTEM32\ntdll.dll
0x00007fff11e90000 - 0x00007fff11f59000 	C:\WINDOWS\System32\KERNEL32.DLL
0x00007fff109d0000 - 0x00007fff10dce000 	C:\WINDOWS\System32\KERNELBASE.dll
0x00007fff112c0000 - 0x00007fff1140c000 	C:\WINDOWS\System32\ucrtbase.dll
0x00007ffec3d60000 - 0x00007ffec3d7b000 	C:\Program Files\Java\jdk-24\bin\VCRUNTIME140.dll
0x00007ffec3d40000 - 0x00007ffec3d56000 	C:\Program Files\Java\jdk-24\bin\jli.dll
0x00007fff11680000 - 0x00007fff11847000 	C:\WINDOWS\System32\USER32.dll
0x00007fff11060000 - 0x00007fff11087000 	C:\WINDOWS\System32\win32u.dll
0x00007ffeeda30000 - 0x00007ffeedcc2000 	C:\WINDOWS\WinSxS\amd64_microsoft.windows.common-controls_6595b64144ccf1df_6.0.26100.8875_none_3e0d5d42e32fe9dd\COMCTL32.dll
0x00007fff126a0000 - 0x00007fff126cb000 	C:\WINDOWS\System32\GDI32.dll
0x00007fff12f20000 - 0x00007fff12fc9000 	C:\WINDOWS\System32\msvcrt.dll
0x00007fff10f30000 - 0x00007fff1105a000 	C:\WINDOWS\System32\gdi32full.dll
0x00007fff11210000 - 0x00007fff112b3000 	C:\WINDOWS\System32\msvcp_win.dll
0x00007fff11850000 - 0x00007fff11882000 	C:\WINDOWS\System32\IMM32.DLL
0x00007ffee5470000 - 0x00007ffee547c000 	C:\Program Files\Java\jdk-24\bin\vcruntime140_1.dll
0x00007ffe9a860000 - 0x00007ffe9a8ee000 	C:\Program Files\Java\jdk-24\bin\msvcp140.dll
0x00007ffe53220000 - 0x00007ffe53fc1000 	C:\Program Files\Java\jdk-24\bin\server\jvm.dll
0x00007fff114e0000 - 0x00007fff11597000 	C:\WINDOWS\System32\ADVAPI32.dll
0x00007fff12c00000 - 0x00007fff12caa000 	C:\WINDOWS\System32\sechost.dll
0x00007fff11d20000 - 0x00007fff11e38000 	C:\WINDOWS\System32\RPCRT4.dll
0x00007fff12e90000 - 0x00007fff12f10000 	C:\WINDOWS\System32\WS2_32.dll
0x00007fff10830000 - 0x00007fff1088e000 	C:\WINDOWS\SYSTEM32\POWRPROF.dll
0x00007ffefdbb0000 - 0x00007ffefdbbb000 	C:\WINDOWS\SYSTEM32\VERSION.dll
0x00007fff05e20000 - 0x00007fff05e56000 	C:\WINDOWS\SYSTEM32\WINMM.dll
0x00007fff10810000 - 0x00007fff10824000 	C:\WINDOWS\SYSTEM32\UMPDC.dll
0x00007fff0f6b0000 - 0x00007fff0f6cb000 	C:\WINDOWS\SYSTEM32\kernel.appcore.dll
0x00007ffeca410000 - 0x00007ffeca41a000 	C:\Program Files\Java\jdk-24\bin\jimage.dll
0x00007fff0df20000 - 0x00007fff0e162000 	C:\WINDOWS\SYSTEM32\DBGHELP.DLL
0x00007fff126f0000 - 0x00007fff12a73000 	C:\WINDOWS\System32\combase.dll
0x00007fff12b20000 - 0x00007fff12bf9000 	C:\WINDOWS\System32\OLEAUT32.dll
0x00007fff08890000 - 0x00007fff088cb000 	C:\WINDOWS\SYSTEM32\dbgcore.DLL
0x00007fff10e70000 - 0x00007fff10f1c000 	C:\WINDOWS\System32\bcryptPrimitives.dll
0x00007ffebc0e0000 - 0x00007ffebc0fe000 	C:\Program Files\Java\jdk-24\bin\java.dll
0x00007fff11f60000 - 0x00007fff120f9000 	C:\WINDOWS\System32\ole32.dll
0x00007fff12fd0000 - 0x00007fff13762000 	C:\WINDOWS\System32\SHELL32.dll
0x00007fff0e440000 - 0x00007fff0ecd2000 	C:\WINDOWS\SYSTEM32\windows.storage.dll
0x00007fff125a0000 - 0x00007fff12697000 	C:\WINDOWS\System32\SHCORE.dll
0x00007fff115c0000 - 0x00007fff11627000 	C:\WINDOWS\System32\shlwapi.dll
0x00007fff108f0000 - 0x00007fff10919000 	C:\WINDOWS\SYSTEM32\profapi.dll
0x00007ffe7ec70000 - 0x00007ffe7ed47000 	C:\Program Files\Java\jdk-24\bin\jsvml.dll
0x00007ffec8190000 - 0x00007ffec81a0000 	C:\Program Files\Java\jdk-24\bin\net.dll
0x00007fff0fc60000 - 0x00007fff0fccc000 	C:\WINDOWS\system32\mswsock.dll
0x00007ffeba480000 - 0x00007ffeba496000 	C:\Program Files\Java\jdk-24\bin\nio.dll
0x00007ffe9eaf0000 - 0x00007ffe9eb07000 	C:\Program Files\Java\jdk-24\bin\zip.dll
0x00007fff0ff60000 - 0x00007fff0ff7b000 	C:\WINDOWS\SYSTEM32\CRYPTSP.dll
0x00007fff0f5f0000 - 0x00007fff0f629000 	C:\WINDOWS\system32\rsaenh.dll
0x00007fff0fd20000 - 0x00007fff0fd52000 	C:\WINDOWS\SYSTEM32\USERENV.dll
0x00007fff108c0000 - 0x00007fff108ea000 	C:\WINDOWS\SYSTEM32\bcrypt.dll
0x00007fff0ff80000 - 0x00007fff0ff8c000 	C:\WINDOWS\SYSTEM32\CRYPTBASE.dll
0x00007fff0f0e0000 - 0x00007fff0f113000 	C:\WINDOWS\SYSTEM32\IPHLPAPI.DLL
0x00007fff12a80000 - 0x00007fff12a8a000 	C:\WINDOWS\System32\NSI.dll

JVMTI agents: none

dbghelp: loaded successfully - version: 4.0.5 - missing functions: none
symbol engine: initialized successfully - sym options: 0x614 - pdb path: .;C:\Program Files\Java\jdk-24\bin;C:\WINDOWS\SYSTEM32;C:\WINDOWS\WinSxS\amd64_microsoft.windows.common-controls_6595b64144ccf1df_6.0.26100.8875_none_3e0d5d42e32fe9dd;C:\Program Files\Java\jdk-24\bin\server

VM Arguments:
jvm_args: -Djava.awt.headless=true -Dapple.awt.UIElement=true 
java_command: E:\Python\Quiz_Hackathon_Project\dut-ai-quiz\.venv\Lib\site-packages\opendataloader_pdf\jar\opendataloader-pdf-cli.jar C:\Users\TRANTH~1\AppData\Local\Temp\tmpk3tboxb8\0019a97b-bb81-4688-9a73-687de0df9856.pdf --output-dir C:\Users\TRANTH~1\AppData\Local\Temp\tmpk3tboxb8 --password string --format markdown --quiet --image-output external --image-dir C:\Users\TRANTH~1\AppData\Local\Temp\tmpk3tboxb8\images
java_class_path (initial): E:\Python\Quiz_Hackathon_Project\dut-ai-quiz\.venv\Lib\site-packages\opendataloader_pdf\jar\opendataloader-pdf-cli.jar
Launcher Type: SUN_STANDARD

[Global flags]
     intx CICompilerCount                          = 12                                        {product} {ergonomic}
     uint ConcGCThreads                            = 3                                         {product} {ergonomic}
     uint G1ConcRefinementThreads                  = 13                                        {product} {ergonomic}
   size_t G1HeapRegionSize                         = 2097152                                   {product} {ergonomic}
   size_t InitialHeapSize                          = 264241152                                 {product} {ergonomic}
   size_t MarkStackSize                            = 4194304                                   {product} {ergonomic}
   size_t MarkStackSizeMax                         = 536870912                                 {product} {ergonomic}
   size_t MaxHeapSize                              = 4208984064                                {product} {ergonomic}
   size_t MaxNewSize                               = 2524971008                                {product} {ergonomic}
   size_t MinHeapDeltaBytes                        = 2097152                                   {product} {ergonomic}
   size_t MinHeapSize                              = 8388608                                   {product} {ergonomic}
    uintx NonNMethodCodeHeapSize                   = 7602176                                {pd product} {ergonomic}
    uintx NonProfiledCodeHeapSize                  = 122093568                              {pd product} {ergonomic}
    uintx ProfiledCodeHeapSize                     = 121962496                              {pd product} {ergonomic}
    uintx ReservedCodeCacheSize                    = 251658240                              {pd product} {ergonomic}
     bool SegmentedCodeCache                       = true                                      {product} {ergonomic}
   size_t SoftMaxHeapSize                          = 4208984064                             {manageable} {ergonomic}
     bool UseCompressedOops                        = true                           {product lp64_product} {ergonomic}
     bool UseG1GC                                  = true                                      {product} {ergonomic}
     bool UseLargePagesIndividualAllocation        = false                                  {pd product} {ergonomic}

Logging:
Log output configuration:
 #0: stdout all=warning uptime,level,tags foldmultilines=false
 #1: stderr all=off uptime,level,tags foldmultilines=false

Environment Variables:
PATH=E:\Python\Quiz_Hackathon_Project\dut-ai-quiz\.venv\Scripts;C:\Program Files\Python313\Scripts\;C:\Program Files\Python313\;C:\msys64\ucrt64\bin;C:\Program Files\Common Files\Oracle\Java\javapath;C:\WINDOWS\system32;C:\WINDOWS;C:\WINDOWS\System32\Wbem;C:\WINDOWS\System32\WindowsPowerShell\v1.0\;C:\WINDOWS\System32\OpenSSH\;E:\mingw64\bin;E:\SoftwareProgramming\ucrt64\bin;C:\SoftwareProgramming\ucrt64\bin;C:\Program Files\Java\jdk-24\bin;C:\Program Files\Git\cmd;C:\Program Files\CMake\bin;C:\Program Files\CMake\bin;C:\Program Files (x86)\Microsoft SQL Server\160\Tools\Binn\;C:\Program Files\Microsoft SQL Server\160\Tools\Binn\;C:\Program Files\Microsoft SQL Server\Client SDK\ODBC\170\Tools\Binn\;C:\Program Files\Microsoft SQL Server\160\DTS\Binn\;C:\Program Files\Microsoft SQL Server\170\DTS\Binn\;C:\Program Files (x86)\cloudflared\;C:\Program Files\dotnet\;C:\Program Files\Microsoft SQL Server\170\Tools\Binn\;C:\Program Files (x86)\Microsoft SQL Server\170\Tools\Binn\;C:\Program Files\Microsoft SQL Server\Client SDK\ODBC\180\Tools\Binn\;C:\Program Files\Tailscale\;C:\Program Files\nodejs\;C:\Users\TRAN THI TUYET TRINH\AppData\Roaming\Python\Python313\Scripts;C:\msys64\ucrt64\bin\g++.exe;C:\Users\TRAN THI TUYET TRINH\AppData\Local\Microsoft\WindowsApps;E:\winlibs-x86_64-posix-seh-gcc-12.1.0-mingw-w64msvcrt-10.0.0-r3.zip\mingw64\bin;E:\mingw64\bin;C:\Users\TRAN THI TUYET TRINH\AppData\Local\Programs\Microsoft VS Code\bin;C:\SoftwareProgramming\ucrt64\bin;C:\Users\TRAN THI TUYET TRINH\AppData\Local\Programs\cursor\resources\app\bin;C:\Users\TRAN THI TUYET TRINH\.dotnet\tools;D:\App_QuanTrong\Antigravity\bin;C:\Users\TRAN THI TUYET TRINH\AppData\Local\Programs\Antigravity IDE\bin;C:\Users\TRAN THI TUYET TRINH\AppData\Roaming\npm;c:\Users\TRAN THI TUYET TRINH\.antigravity\extensions\ms-python.debugpy-2026.6.0-win32-x64\bundled\scripts\noConfigScripts
USERNAME=TRAN THI TUYET TRINH
LANG=en_US.UTF-8
OS=Windows_NT
PROCESSOR_IDENTIFIER=Intel64 Family 6 Model 154 Stepping 3, GenuineIntel
TMP=C:\Users\TRANTH~1\AppData\Local\Temp
TEMP=C:\Users\TRANTH~1\AppData\Local\Temp




Periodic native trim disabled

---------------  S Y S T E M  ---------------

OS:
 Windows 11 , 64 bit Build 26100 (10.0.26100.8875)
OS uptime: 0 days 23:47 hours
Hyper-V role detected

CPU: total 16 (initial active 16) (8 cores per cpu, 2 threads per core) family 6 model 154 stepping 3 microcode 0x42c, cx8, cmov, fxsr, ht, mmx, 3dnowpref, sse, sse2, sse3, ssse3, sse4.1, sse4.2, popcnt, lzcnt, tsc, tscinvbit, avx, avx2, aes, erms, clmul, bmi1, bmi2, adx, sha, fma, vzeroupper, clflush, clflushopt, clwb, hv, serialize, rdtscp, rdpid, fsrm, gfni, f16c, cet_ibt, cet_ss
Processor Information for processor 0
  Max Mhz: 1700, Current Mhz: 1700, Mhz Limit: 1700
Processor Information for processor 1
  Max Mhz: 1700, Current Mhz: 1700, Mhz Limit: 1700
Processor Information for processor 2
  Max Mhz: 1700, Current Mhz: 1700, Mhz Limit: 1700
Processor Information for processor 3
  Max Mhz: 1700, Current Mhz: 1700, Mhz Limit: 1700
Processor Information for processor 4
  Max Mhz: 1700, Current Mhz: 1700, Mhz Limit: 1700
Processor Information for processor 5
  Max Mhz: 1700, Current Mhz: 1700, Mhz Limit: 1700
Processor Information for processor 6
  Max Mhz: 1700, Current Mhz: 1700, Mhz Limit: 1700
Processor Information for processor 7
  Max Mhz: 1700, Current Mhz: 1700, Mhz Limit: 1700
Processor Information for processor 8
  Max Mhz: 1700, Current Mhz: 1200, Mhz Limit: 1190
Processor Information for processor 9
  Max Mhz: 1700, Current Mhz: 1200, Mhz Limit: 1190
Processor Information for processor 10
  Max Mhz: 1700, Current Mhz: 1200, Mhz Limit: 1190
Processor Information for processor 11
  Max Mhz: 1700, Current Mhz: 1200, Mhz Limit: 1190
Processor Information for processor 12
  Max Mhz: 1700, Current Mhz: 1200, Mhz Limit: 1190
Processor Information for processor 13
  Max Mhz: 1700, Current Mhz: 1200, Mhz Limit: 1190
Processor Information for processor 14
  Max Mhz: 1700, Current Mhz: 1200, Mhz Limit: 1190
Processor Information for processor 15
  Max Mhz: 1700, Current Mhz: 1200, Mhz Limit: 1190

Memory: 4k page, system-wide physical 16052M (1563M free)
TotalPageFile size 19343M (AvailPageFile size 5M)
current process WorkingSet (physical memory assigned to process): 104M, peak: 104M
current process commit charge ("private bytes"): 374M, peak: 377M

vm_info: Java HotSpot(TM) 64-Bit Server VM (24.0.2+12-54) for windows-amd64 JRE (24.0.2+12-54), built on 2025-07-08T12:10:27Z with MS VC++ 17.6 (VS2022)

END.
