#
# There is insufficient memory for the Java Runtime Environment to continue.
# Native memory allocation (malloc) failed to allocate 551632 bytes. Error detail: Chunk::new
# Possible reasons:
#   The system is out of physical RAM or swap space
#   This process is running with CompressedOops enabled, and the Java Heap may be blocking the growth of the native heap
# Possible solutions:
#   Reduce memory load on the system
#   Increase physical memory or swap space
#   Check if swap backing store is full
#   Decrease Java heap size (-Xmx/-Xms)
#   Decrease number of Java threads
#   Decrease Java thread stack sizes (-Xss)
#   Set larger code cache with -XX:ReservedCodeCacheSize=
#   JVM is running with Zero Based Compressed Oops mode in which the Java heap is
#     placed in the first 32GB address space. The Java Heap base address is the
#     maximum limit for the native heap growth. Please use -XX:HeapBaseMinAddress
#     to set the Java Heap base and to place the Java Heap above 32GB virtual address.
# This output file may be truncated or incomplete.
#
#  Out of Memory Error (arena.cpp:162), pid=11356, tid=2648
#
# JRE version: Java(TM) SE Runtime Environment (24.0.2+12) (build 24.0.2+12-54)
# Java VM: Java HotSpot(TM) 64-Bit Server VM (24.0.2+12-54, mixed mode, sharing, tiered, compressed oops, compressed class ptrs, g1 gc, windows-amd64)
# No core dump will be written. Minidumps are not enabled by default on client versions of Windows
#

---------------  S U M M A R Y ------------

Command Line: -Djava.awt.headless=true -Dapple.awt.UIElement=true E:\Python\Quiz_Hackathon_Project\dut-ai-quiz\.venv\Lib\site-packages\opendataloader_pdf\jar\opendataloader-pdf-cli.jar C:\Users\TRANTH~1\AppData\Local\Temp\tmpmbo9fg_m\a3870baa-75de-40c8-8e6f-0b2329e2fbab.pdf --output-dir C:\Users\TRANTH~1\AppData\Local\Temp\tmpmbo9fg_m --format markdown --quiet --image-output external --image-dir C:\Users\TRANTH~1\AppData\Local\Temp\tmpmbo9fg_m\images

Host: 12th Gen Intel(R) Core(TM) i5-1240P, 16 cores, 15G,  Windows 11 , 64 bit Build 26100 (10.0.26100.8875)
Time: Mon Jul 27 17:25:41 2026 SE Asia Standard Time elapsed time: 0.409405 seconds (0d 0h 0m 0s)

---------------  T H R E A D  ---------------

Current thread (0x0000022734476a50):  JavaThread "C2 CompilerThread3" daemon [_thread_in_native, id=2648, stack(0x0000007c18300000,0x0000007c18400000) (1024K)]


Current CompileTask:
C2:409 1183       4       java.util.regex.Pattern$BmpCharPropertyGreedy::match (89 bytes)

Stack: [0x0000007c18300000,0x0000007c18400000]
Native frames: (J=compiled Java code, j=interpreted, Vv=VM code, C=native code)
V  [jvm.dll+0x730829]  (no source info available)
V  [jvm.dll+0x8d9da3]  (no source info available)
V  [jvm.dll+0x8dc28d]  (no source info available)
V  [jvm.dll+0x8dc903]  (no source info available)
V  [jvm.dll+0x2a9f56]  (no source info available)
V  [jvm.dll+0xced7f]  (no source info available)
V  [jvm.dll+0xcefdf]  (no source info available)
V  [jvm.dll+0x154c83]  (no source info available)
V  [jvm.dll+0x73604f]  (no source info available)
V  [jvm.dll+0x26f8dc]  (no source info available)
V  [jvm.dll+0x26e8ff]  (no source info available)
V  [jvm.dll+0x1e9c90]  (no source info available)
V  [jvm.dll+0x27e0cb]  (no source info available)
V  [jvm.dll+0x27c36a]  (no source info available)
V  [jvm.dll+0x42f396]  (no source info available)
V  [jvm.dll+0x87d9eb]  (no source info available)
V  [jvm.dll+0x72ef45]  (no source info available)
C  [ucrtbase.dll+0x2cd30]  (no source info available)
C  [KERNEL32.DLL+0x2e957]  (no source info available)
C  [ntdll.dll+0xaad6c]  (no source info available)

Lock stack of current Java thread (top to bottom):


---------------  P R O C E S S  ---------------

Threads class SMR info:
_java_thread_list=0x0000022734374980, length=18, elements={
0x0000022711ed6e30, 0x00000227342d7830, 0x00000227342d7f70, 0x00000227342d86b0,
0x00000227342d91e0, 0x00000227342d9d10, 0x00000227342da970, 0x00000227342e0930,
0x00000227342e2540, 0x00000227343757a0, 0x000002273438c6f0, 0x000002273439c590,
0x00000227343ac5c0, 0x00000227343ad160, 0x0000022734471490, 0x0000022734476040,
0x0000022734476a50, 0x00000227344771e0
}

Java Threads: ( => current thread )
  0x0000022711ed6e30 JavaThread "main"                              [_thread_in_native, id=7900, stack(0x0000007c16c00000,0x0000007c16d00000) (1024K)]
  0x00000227342d7830 JavaThread "Reference Handler"          daemon [_thread_blocked, id=10148, stack(0x0000007c17400000,0x0000007c17500000) (1024K)]
  0x00000227342d7f70 JavaThread "Finalizer"                  daemon [_thread_blocked, id=17488, stack(0x0000007c17500000,0x0000007c17600000) (1024K)]
  0x00000227342d86b0 JavaThread "Signal Dispatcher"          daemon [_thread_blocked, id=2792, stack(0x0000007c17600000,0x0000007c17700000) (1024K)]
  0x00000227342d91e0 JavaThread "Attach Listener"            daemon [_thread_blocked, id=4528, stack(0x0000007c17700000,0x0000007c17800000) (1024K)]
  0x00000227342d9d10 JavaThread "Service Thread"             daemon [_thread_blocked, id=8548, stack(0x0000007c17800000,0x0000007c17900000) (1024K)]
  0x00000227342da970 JavaThread "Monitor Deflation Thread"   daemon [_thread_blocked, id=20124, stack(0x0000007c17900000,0x0000007c17a00000) (1024K)]
  0x00000227342e0930 JavaThread "C2 CompilerThread0"         daemon [_thread_in_native, id=5340, stack(0x0000007c17a00000,0x0000007c17b00000) (1024K)]
  0x00000227342e2540 JavaThread "C1 CompilerThread0"         daemon [_thread_blocked, id=12816, stack(0x0000007c17b00000,0x0000007c17c00000) (1024K)]
  0x00000227343757a0 JavaThread "Notification Thread"        daemon [_thread_blocked, id=17536, stack(0x0000007c17c00000,0x0000007c17d00000) (1024K)]
  0x000002273438c6f0 JavaThread "Common-Cleaner"             daemon [_thread_blocked, id=5072, stack(0x0000007c17d00000,0x0000007c17e00000) (1024K)]
  0x000002273439c590 JavaThread "C1 CompilerThread1"         daemon [_thread_blocked, id=7448, stack(0x0000007c17e00000,0x0000007c17f00000) (1024K)]
  0x00000227343ac5c0 JavaThread "C1 CompilerThread2"         daemon [_thread_blocked, id=12096, stack(0x0000007c17f00000,0x0000007c18000000) (1024K)]
  0x00000227343ad160 JavaThread "C1 CompilerThread3"         daemon [_thread_blocked, id=8632, stack(0x0000007c18000000,0x0000007c18100000) (1024K)]
  0x0000022734471490 JavaThread "C2 CompilerThread1"         daemon [_thread_in_native, id=14372, stack(0x0000007c18100000,0x0000007c18200000) (1024K)]
  0x0000022734476040 JavaThread "C2 CompilerThread2"         daemon [_thread_in_native, id=3068, stack(0x0000007c18200000,0x0000007c18300000) (1024K)]
=>0x0000022734476a50 JavaThread "C2 CompilerThread3"         daemon [_thread_in_native, id=2648, stack(0x0000007c18300000,0x0000007c18400000) (1024K)]
  0x00000227344771e0 JavaThread "C2 CompilerThread4"         daemon [_thread_in_native, id=15996, stack(0x0000007c18400000,0x0000007c18500000) (1024K)]
Total: 18

Other Threads:
  0x0000022733915ff0 VMThread "VM Thread"                           [id=16396, stack(0x0000007c17300000,0x0000007c17400000) (1024K)]
  0x00000227337c50a0 WatcherThread "VM Periodic Task Thread"        [id=10428, stack(0x0000007c17200000,0x0000007c17300000) (1024K)]
  0x00000227142c8e90 WorkerThread "GC Thread#0"                     [id=11672, stack(0x0000007c16d00000,0x0000007c16e00000) (1024K)]
  0x00000227142dd770 ConcurrentGCThread "G1 Main Marker"            [id=14964, stack(0x0000007c16e00000,0x0000007c16f00000) (1024K)]
  0x00000227142df080 WorkerThread "G1 Conc#0"                       [id=19028, stack(0x0000007c16f00000,0x0000007c17000000) (1024K)]
  0x000002271431e9d0 ConcurrentGCThread "G1 Refine#0"               [id=17772, stack(0x0000007c17000000,0x0000007c17100000) (1024K)]
  0x00000227337ae420 ConcurrentGCThread "G1 Service"                [id=22160, stack(0x0000007c17100000,0x0000007c17200000) (1024K)]
Total: 7

Threads with active compile tasks:
C2 CompilerThread0  429 1193       4       org.verapdf.cos.COSIndirect::getDirect (120 bytes)
C1 CompilerThread0  429 1328       3       java.lang.StringLatin1::getChar (9 bytes)
C1 CompilerThread1  429 1327       3       jdk.internal.util.ArraysSupport::mismatch (73 bytes)
C1 CompilerThread2  429 1330       3       java.lang.String::compareTo (63 bytes)
C1 CompilerThread3  429 1329       3       java.lang.String::compareTo (9 bytes)
C2 CompilerThread1  429 1194   !   4       org.verapdf.cos.COSDocument::getObject (103 bytes)
C2 CompilerThread2  429 1024       4       org.verapdf.parser.BaseParser::nextToken (758 bytes)
C2 CompilerThread3  429 1183       4       java.util.regex.Pattern$BmpCharPropertyGreedy::match (89 bytes)
C2 CompilerThread4  429 1201       4       org.verapdf.parser.COSParser::nextObject (695 bytes)
Total: 9

VM state: not at safepoint (normal execution)

VM Mutex/Monitor currently owned by a thread:  ([mutex/lock_event])
[0x00007fff44353070] MethodCompileQueue_lock - owner thread: 0x00000227343ad160

Heap address: 0x0000000705200000, size: 4014 MB, Compressed Oops mode: Zero based, Oop shift amount: 3

CDS archive(s) mapped at: [0x0000022735000000-0x0000022735d40000-0x0000022735d40000), size 13893632, SharedBaseAddress: 0x0000022735000000, ArchiveRelocationMode: 1.
Compressed class space mapped at: 0x0000022736000000-0x0000022776000000, reserved size: 1073741824
UseCompressedClassPointers 1, UseCompactObjectHeaders 0
Narrow klass pointer bits 32, Max shift 3
Narrow klass base: 0x0000022735000000, Narrow klass shift: 0
Encoding Range: [0x0000022735000000 - 0x0000022835000000), (4294967296 bytes)
Klass Range:    [0x0000022735000000 - 0x0000022776000000), (1090519040 bytes)
Klass ID Range:  [8 - 1090519033) (1090519025)

GC Precious Log:
 CardTable entry size: 512
 Card Set container configuration: InlinePtr #cards 4 size 8 Array Of Cards #cards 16 size 48 Howl #buckets 8 coarsen threshold 3686 Howl Bitmap #cards 512 size 80 coarsen threshold 460 Card regions per heap region 1 cards per card region 4096
 CPUs: 16 total, 16 available
 Memory: 16052M
 Large Page Support: Disabled
 NUMA Support: Disabled
 Compressed Oops: Enabled (Zero based)
 Heap Region Size: 2M
 Heap Min Capacity: 8M
 Heap Initial Capacity: 252M
 Heap Max Capacity: 4014M
 Pre-touch: Disabled
 Parallel Workers: 13
 Concurrent Workers: 3
 Concurrent Refinement Workers: 13
 Periodic GC: Disabled

Heap:
 garbage-first heap   total reserved 4110336K, committed 260096K, used 40052K [0x0000000705200000, 0x0000000800000000)
  region size 2048K, 19 young (38912K), 0 survivors (0K)
 Metaspace       used 4053K, committed 4160K, reserved 1114112K
  class space    used 315K, committed 384K, reserved 1048576K

Heap Regions: E=young(eden), S=young(survivor), O=old, HS=humongous(starts), HC=humongous(continues), CS=collection set, F=free, TAMS=top-at-mark-start, PB=parsable bottom
|   0|0x0000000705200000, 0x0000000705400000, 0x0000000705400000|100%|HS|  |TAMS 0x0000000705200000| PB 0x0000000705200000| Complete |  0
|   1|0x0000000705400000, 0x0000000705400000, 0x0000000705600000|  0%| F|  |TAMS 0x0000000705400000| PB 0x0000000705400000| Untracked |  0
|   2|0x0000000705600000, 0x0000000705600000, 0x0000000705800000|  0%| F|  |TAMS 0x0000000705600000| PB 0x0000000705600000| Untracked |  0
|   3|0x0000000705800000, 0x0000000705800000, 0x0000000705a00000|  0%| F|  |TAMS 0x0000000705800000| PB 0x0000000705800000| Untracked |  0
|   4|0x0000000705a00000, 0x0000000705a00000, 0x0000000705c00000|  0%| F|  |TAMS 0x0000000705a00000| PB 0x0000000705a00000| Untracked |  0
|   5|0x0000000705c00000, 0x0000000705c00000, 0x0000000705e00000|  0%| F|  |TAMS 0x0000000705c00000| PB 0x0000000705c00000| Untracked |  0
|   6|0x0000000705e00000, 0x0000000705e00000, 0x0000000706000000|  0%| F|  |TAMS 0x0000000705e00000| PB 0x0000000705e00000| Untracked |  0
|   7|0x0000000706000000, 0x0000000706000000, 0x0000000706200000|  0%| F|  |TAMS 0x0000000706000000| PB 0x0000000706000000| Untracked |  0
|   8|0x0000000706200000, 0x0000000706200000, 0x0000000706400000|  0%| F|  |TAMS 0x0000000706200000| PB 0x0000000706200000| Untracked |  0
|   9|0x0000000706400000, 0x0000000706400000, 0x0000000706600000|  0%| F|  |TAMS 0x0000000706400000| PB 0x0000000706400000| Untracked |  0
|  10|0x0000000706600000, 0x0000000706600000, 0x0000000706800000|  0%| F|  |TAMS 0x0000000706600000| PB 0x0000000706600000| Untracked |  0
|  11|0x0000000706800000, 0x0000000706800000, 0x0000000706a00000|  0%| F|  |TAMS 0x0000000706800000| PB 0x0000000706800000| Untracked |  0
|  12|0x0000000706a00000, 0x0000000706a00000, 0x0000000706c00000|  0%| F|  |TAMS 0x0000000706a00000| PB 0x0000000706a00000| Untracked |  0
|  13|0x0000000706c00000, 0x0000000706c00000, 0x0000000706e00000|  0%| F|  |TAMS 0x0000000706c00000| PB 0x0000000706c00000| Untracked |  0
|  14|0x0000000706e00000, 0x0000000706e00000, 0x0000000707000000|  0%| F|  |TAMS 0x0000000706e00000| PB 0x0000000706e00000| Untracked |  0
|  15|0x0000000707000000, 0x0000000707000000, 0x0000000707200000|  0%| F|  |TAMS 0x0000000707000000| PB 0x0000000707000000| Untracked |  0
|  16|0x0000000707200000, 0x0000000707200000, 0x0000000707400000|  0%| F|  |TAMS 0x0000000707200000| PB 0x0000000707200000| Untracked |  0
|  17|0x0000000707400000, 0x0000000707400000, 0x0000000707600000|  0%| F|  |TAMS 0x0000000707400000| PB 0x0000000707400000| Untracked |  0
|  18|0x0000000707600000, 0x0000000707600000, 0x0000000707800000|  0%| F|  |TAMS 0x0000000707600000| PB 0x0000000707600000| Untracked |  0
|  19|0x0000000707800000, 0x0000000707800000, 0x0000000707a00000|  0%| F|  |TAMS 0x0000000707800000| PB 0x0000000707800000| Untracked |  0
|  20|0x0000000707a00000, 0x0000000707a00000, 0x0000000707c00000|  0%| F|  |TAMS 0x0000000707a00000| PB 0x0000000707a00000| Untracked |  0
|  21|0x0000000707c00000, 0x0000000707c00000, 0x0000000707e00000|  0%| F|  |TAMS 0x0000000707c00000| PB 0x0000000707c00000| Untracked |  0
|  22|0x0000000707e00000, 0x0000000707e00000, 0x0000000708000000|  0%| F|  |TAMS 0x0000000707e00000| PB 0x0000000707e00000| Untracked |  0
|  23|0x0000000708000000, 0x0000000708000000, 0x0000000708200000|  0%| F|  |TAMS 0x0000000708000000| PB 0x0000000708000000| Untracked |  0
|  24|0x0000000708200000, 0x0000000708200000, 0x0000000708400000|  0%| F|  |TAMS 0x0000000708200000| PB 0x0000000708200000| Untracked |  0
|  25|0x0000000708400000, 0x0000000708400000, 0x0000000708600000|  0%| F|  |TAMS 0x0000000708400000| PB 0x0000000708400000| Untracked |  0
|  26|0x0000000708600000, 0x0000000708600000, 0x0000000708800000|  0%| F|  |TAMS 0x0000000708600000| PB 0x0000000708600000| Untracked |  0
|  27|0x0000000708800000, 0x0000000708800000, 0x0000000708a00000|  0%| F|  |TAMS 0x0000000708800000| PB 0x0000000708800000| Untracked |  0
|  28|0x0000000708a00000, 0x0000000708a00000, 0x0000000708c00000|  0%| F|  |TAMS 0x0000000708a00000| PB 0x0000000708a00000| Untracked |  0
|  29|0x0000000708c00000, 0x0000000708c00000, 0x0000000708e00000|  0%| F|  |TAMS 0x0000000708c00000| PB 0x0000000708c00000| Untracked |  0
|  30|0x0000000708e00000, 0x0000000708e00000, 0x0000000709000000|  0%| F|  |TAMS 0x0000000708e00000| PB 0x0000000708e00000| Untracked |  0
|  31|0x0000000709000000, 0x0000000709000000, 0x0000000709200000|  0%| F|  |TAMS 0x0000000709000000| PB 0x0000000709000000| Untracked |  0
|  32|0x0000000709200000, 0x0000000709200000, 0x0000000709400000|  0%| F|  |TAMS 0x0000000709200000| PB 0x0000000709200000| Untracked |  0
|  33|0x0000000709400000, 0x0000000709400000, 0x0000000709600000|  0%| F|  |TAMS 0x0000000709400000| PB 0x0000000709400000| Untracked |  0
|  34|0x0000000709600000, 0x0000000709600000, 0x0000000709800000|  0%| F|  |TAMS 0x0000000709600000| PB 0x0000000709600000| Untracked |  0
|  35|0x0000000709800000, 0x0000000709800000, 0x0000000709a00000|  0%| F|  |TAMS 0x0000000709800000| PB 0x0000000709800000| Untracked |  0
|  36|0x0000000709a00000, 0x0000000709a00000, 0x0000000709c00000|  0%| F|  |TAMS 0x0000000709a00000| PB 0x0000000709a00000| Untracked |  0
|  37|0x0000000709c00000, 0x0000000709c00000, 0x0000000709e00000|  0%| F|  |TAMS 0x0000000709c00000| PB 0x0000000709c00000| Untracked |  0
|  38|0x0000000709e00000, 0x0000000709e00000, 0x000000070a000000|  0%| F|  |TAMS 0x0000000709e00000| PB 0x0000000709e00000| Untracked |  0
|  39|0x000000070a000000, 0x000000070a000000, 0x000000070a200000|  0%| F|  |TAMS 0x000000070a000000| PB 0x000000070a000000| Untracked |  0
|  40|0x000000070a200000, 0x000000070a200000, 0x000000070a400000|  0%| F|  |TAMS 0x000000070a200000| PB 0x000000070a200000| Untracked |  0
|  41|0x000000070a400000, 0x000000070a400000, 0x000000070a600000|  0%| F|  |TAMS 0x000000070a400000| PB 0x000000070a400000| Untracked |  0
|  42|0x000000070a600000, 0x000000070a600000, 0x000000070a800000|  0%| F|  |TAMS 0x000000070a600000| PB 0x000000070a600000| Untracked |  0
|  43|0x000000070a800000, 0x000000070a800000, 0x000000070aa00000|  0%| F|  |TAMS 0x000000070a800000| PB 0x000000070a800000| Untracked |  0
|  44|0x000000070aa00000, 0x000000070aa00000, 0x000000070ac00000|  0%| F|  |TAMS 0x000000070aa00000| PB 0x000000070aa00000| Untracked |  0
|  45|0x000000070ac00000, 0x000000070ac00000, 0x000000070ae00000|  0%| F|  |TAMS 0x000000070ac00000| PB 0x000000070ac00000| Untracked |  0
|  46|0x000000070ae00000, 0x000000070ae00000, 0x000000070b000000|  0%| F|  |TAMS 0x000000070ae00000| PB 0x000000070ae00000| Untracked |  0
|  47|0x000000070b000000, 0x000000070b000000, 0x000000070b200000|  0%| F|  |TAMS 0x000000070b000000| PB 0x000000070b000000| Untracked |  0
|  48|0x000000070b200000, 0x000000070b200000, 0x000000070b400000|  0%| F|  |TAMS 0x000000070b200000| PB 0x000000070b200000| Untracked |  0
|  49|0x000000070b400000, 0x000000070b400000, 0x000000070b600000|  0%| F|  |TAMS 0x000000070b400000| PB 0x000000070b400000| Untracked |  0
|  50|0x000000070b600000, 0x000000070b600000, 0x000000070b800000|  0%| F|  |TAMS 0x000000070b600000| PB 0x000000070b600000| Untracked |  0
|  51|0x000000070b800000, 0x000000070b800000, 0x000000070ba00000|  0%| F|  |TAMS 0x000000070b800000| PB 0x000000070b800000| Untracked |  0
|  52|0x000000070ba00000, 0x000000070ba00000, 0x000000070bc00000|  0%| F|  |TAMS 0x000000070ba00000| PB 0x000000070ba00000| Untracked |  0
|  53|0x000000070bc00000, 0x000000070bc00000, 0x000000070be00000|  0%| F|  |TAMS 0x000000070bc00000| PB 0x000000070bc00000| Untracked |  0
|  54|0x000000070be00000, 0x000000070be00000, 0x000000070c000000|  0%| F|  |TAMS 0x000000070be00000| PB 0x000000070be00000| Untracked |  0
|  55|0x000000070c000000, 0x000000070c000000, 0x000000070c200000|  0%| F|  |TAMS 0x000000070c000000| PB 0x000000070c000000| Untracked |  0
|  56|0x000000070c200000, 0x000000070c200000, 0x000000070c400000|  0%| F|  |TAMS 0x000000070c200000| PB 0x000000070c200000| Untracked |  0
|  57|0x000000070c400000, 0x000000070c400000, 0x000000070c600000|  0%| F|  |TAMS 0x000000070c400000| PB 0x000000070c400000| Untracked |  0
|  58|0x000000070c600000, 0x000000070c600000, 0x000000070c800000|  0%| F|  |TAMS 0x000000070c600000| PB 0x000000070c600000| Untracked |  0
|  59|0x000000070c800000, 0x000000070c800000, 0x000000070ca00000|  0%| F|  |TAMS 0x000000070c800000| PB 0x000000070c800000| Untracked |  0
|  60|0x000000070ca00000, 0x000000070ca00000, 0x000000070cc00000|  0%| F|  |TAMS 0x000000070ca00000| PB 0x000000070ca00000| Untracked |  0
|  61|0x000000070cc00000, 0x000000070cc00000, 0x000000070ce00000|  0%| F|  |TAMS 0x000000070cc00000| PB 0x000000070cc00000| Untracked |  0
|  62|0x000000070ce00000, 0x000000070ce00000, 0x000000070d000000|  0%| F|  |TAMS 0x000000070ce00000| PB 0x000000070ce00000| Untracked |  0
|  63|0x000000070d000000, 0x000000070d000000, 0x000000070d200000|  0%| F|  |TAMS 0x000000070d000000| PB 0x000000070d000000| Untracked |  0
|  64|0x000000070d200000, 0x000000070d200000, 0x000000070d400000|  0%| F|  |TAMS 0x000000070d200000| PB 0x000000070d200000| Untracked |  0
|  65|0x000000070d400000, 0x000000070d400000, 0x000000070d600000|  0%| F|  |TAMS 0x000000070d400000| PB 0x000000070d400000| Untracked |  0
|  66|0x000000070d600000, 0x000000070d600000, 0x000000070d800000|  0%| F|  |TAMS 0x000000070d600000| PB 0x000000070d600000| Untracked |  0
|  67|0x000000070d800000, 0x000000070d800000, 0x000000070da00000|  0%| F|  |TAMS 0x000000070d800000| PB 0x000000070d800000| Untracked |  0
|  68|0x000000070da00000, 0x000000070da00000, 0x000000070dc00000|  0%| F|  |TAMS 0x000000070da00000| PB 0x000000070da00000| Untracked |  0
|  69|0x000000070dc00000, 0x000000070dc00000, 0x000000070de00000|  0%| F|  |TAMS 0x000000070dc00000| PB 0x000000070dc00000| Untracked |  0
|  70|0x000000070de00000, 0x000000070de00000, 0x000000070e000000|  0%| F|  |TAMS 0x000000070de00000| PB 0x000000070de00000| Untracked |  0
|  71|0x000000070e000000, 0x000000070e000000, 0x000000070e200000|  0%| F|  |TAMS 0x000000070e000000| PB 0x000000070e000000| Untracked |  0
|  72|0x000000070e200000, 0x000000070e200000, 0x000000070e400000|  0%| F|  |TAMS 0x000000070e200000| PB 0x000000070e200000| Untracked |  0
|  73|0x000000070e400000, 0x000000070e400000, 0x000000070e600000|  0%| F|  |TAMS 0x000000070e400000| PB 0x000000070e400000| Untracked |  0
|  74|0x000000070e600000, 0x000000070e600000, 0x000000070e800000|  0%| F|  |TAMS 0x000000070e600000| PB 0x000000070e600000| Untracked |  0
|  75|0x000000070e800000, 0x000000070e800000, 0x000000070ea00000|  0%| F|  |TAMS 0x000000070e800000| PB 0x000000070e800000| Untracked |  0
|  76|0x000000070ea00000, 0x000000070ea00000, 0x000000070ec00000|  0%| F|  |TAMS 0x000000070ea00000| PB 0x000000070ea00000| Untracked |  0
|  77|0x000000070ec00000, 0x000000070ec00000, 0x000000070ee00000|  0%| F|  |TAMS 0x000000070ec00000| PB 0x000000070ec00000| Untracked |  0
|  78|0x000000070ee00000, 0x000000070ee00000, 0x000000070f000000|  0%| F|  |TAMS 0x000000070ee00000| PB 0x000000070ee00000| Untracked |  0
|  79|0x000000070f000000, 0x000000070f000000, 0x000000070f200000|  0%| F|  |TAMS 0x000000070f000000| PB 0x000000070f000000| Untracked |  0
|  80|0x000000070f200000, 0x000000070f200000, 0x000000070f400000|  0%| F|  |TAMS 0x000000070f200000| PB 0x000000070f200000| Untracked |  0
|  81|0x000000070f400000, 0x000000070f400000, 0x000000070f600000|  0%| F|  |TAMS 0x000000070f400000| PB 0x000000070f400000| Untracked |  0
|  82|0x000000070f600000, 0x000000070f600000, 0x000000070f800000|  0%| F|  |TAMS 0x000000070f600000| PB 0x000000070f600000| Untracked |  0
|  83|0x000000070f800000, 0x000000070f800000, 0x000000070fa00000|  0%| F|  |TAMS 0x000000070f800000| PB 0x000000070f800000| Untracked |  0
|  84|0x000000070fa00000, 0x000000070fa00000, 0x000000070fc00000|  0%| F|  |TAMS 0x000000070fa00000| PB 0x000000070fa00000| Untracked |  0
|  85|0x000000070fc00000, 0x000000070fc00000, 0x000000070fe00000|  0%| F|  |TAMS 0x000000070fc00000| PB 0x000000070fc00000| Untracked |  0
|  86|0x000000070fe00000, 0x000000070fe00000, 0x0000000710000000|  0%| F|  |TAMS 0x000000070fe00000| PB 0x000000070fe00000| Untracked |  0
|  87|0x0000000710000000, 0x0000000710000000, 0x0000000710200000|  0%| F|  |TAMS 0x0000000710000000| PB 0x0000000710000000| Untracked |  0
|  88|0x0000000710200000, 0x0000000710200000, 0x0000000710400000|  0%| F|  |TAMS 0x0000000710200000| PB 0x0000000710200000| Untracked |  0
|  89|0x0000000710400000, 0x0000000710400000, 0x0000000710600000|  0%| F|  |TAMS 0x0000000710400000| PB 0x0000000710400000| Untracked |  0
|  90|0x0000000710600000, 0x0000000710600000, 0x0000000710800000|  0%| F|  |TAMS 0x0000000710600000| PB 0x0000000710600000| Untracked |  0
|  91|0x0000000710800000, 0x0000000710800000, 0x0000000710a00000|  0%| F|  |TAMS 0x0000000710800000| PB 0x0000000710800000| Untracked |  0
|  92|0x0000000710a00000, 0x0000000710a00000, 0x0000000710c00000|  0%| F|  |TAMS 0x0000000710a00000| PB 0x0000000710a00000| Untracked |  0
|  93|0x0000000710c00000, 0x0000000710c00000, 0x0000000710e00000|  0%| F|  |TAMS 0x0000000710c00000| PB 0x0000000710c00000| Untracked |  0
|  94|0x0000000710e00000, 0x0000000710e00000, 0x0000000711000000|  0%| F|  |TAMS 0x0000000710e00000| PB 0x0000000710e00000| Untracked |  0
|  95|0x0000000711000000, 0x0000000711000000, 0x0000000711200000|  0%| F|  |TAMS 0x0000000711000000| PB 0x0000000711000000| Untracked |  0
|  96|0x0000000711200000, 0x0000000711200000, 0x0000000711400000|  0%| F|  |TAMS 0x0000000711200000| PB 0x0000000711200000| Untracked |  0
|  97|0x0000000711400000, 0x0000000711400000, 0x0000000711600000|  0%| F|  |TAMS 0x0000000711400000| PB 0x0000000711400000| Untracked |  0
|  98|0x0000000711600000, 0x0000000711600000, 0x0000000711800000|  0%| F|  |TAMS 0x0000000711600000| PB 0x0000000711600000| Untracked |  0
|  99|0x0000000711800000, 0x0000000711800000, 0x0000000711a00000|  0%| F|  |TAMS 0x0000000711800000| PB 0x0000000711800000| Untracked |  0
| 100|0x0000000711a00000, 0x0000000711a00000, 0x0000000711c00000|  0%| F|  |TAMS 0x0000000711a00000| PB 0x0000000711a00000| Untracked |  0
| 101|0x0000000711c00000, 0x0000000711c00000, 0x0000000711e00000|  0%| F|  |TAMS 0x0000000711c00000| PB 0x0000000711c00000| Untracked |  0
| 102|0x0000000711e00000, 0x0000000711e00000, 0x0000000712000000|  0%| F|  |TAMS 0x0000000711e00000| PB 0x0000000711e00000| Untracked |  0
| 103|0x0000000712000000, 0x0000000712000000, 0x0000000712200000|  0%| F|  |TAMS 0x0000000712000000| PB 0x0000000712000000| Untracked |  0
| 104|0x0000000712200000, 0x0000000712200000, 0x0000000712400000|  0%| F|  |TAMS 0x0000000712200000| PB 0x0000000712200000| Untracked |  0
| 105|0x0000000712400000, 0x0000000712400000, 0x0000000712600000|  0%| F|  |TAMS 0x0000000712400000| PB 0x0000000712400000| Untracked |  0
| 106|0x0000000712600000, 0x0000000712600000, 0x0000000712800000|  0%| F|  |TAMS 0x0000000712600000| PB 0x0000000712600000| Untracked |  0
| 107|0x0000000712800000, 0x00000007129eb890, 0x0000000712a00000| 96%| E|  |TAMS 0x0000000712800000| PB 0x0000000712800000| Complete |  0
| 108|0x0000000712a00000, 0x0000000712c00000, 0x0000000712c00000|100%| E|CS|TAMS 0x0000000712a00000| PB 0x0000000712a00000| Complete |  0
| 109|0x0000000712c00000, 0x0000000712e00000, 0x0000000712e00000|100%| E|CS|TAMS 0x0000000712c00000| PB 0x0000000712c00000| Complete |  0
| 110|0x0000000712e00000, 0x0000000713000000, 0x0000000713000000|100%| E|CS|TAMS 0x0000000712e00000| PB 0x0000000712e00000| Complete |  0
| 111|0x0000000713000000, 0x0000000713200000, 0x0000000713200000|100%| E|CS|TAMS 0x0000000713000000| PB 0x0000000713000000| Complete |  0
| 112|0x0000000713200000, 0x0000000713400000, 0x0000000713400000|100%| E|CS|TAMS 0x0000000713200000| PB 0x0000000713200000| Complete |  0
| 113|0x0000000713400000, 0x0000000713600000, 0x0000000713600000|100%| E|CS|TAMS 0x0000000713400000| PB 0x0000000713400000| Complete |  0
| 114|0x0000000713600000, 0x0000000713800000, 0x0000000713800000|100%| E|CS|TAMS 0x0000000713600000| PB 0x0000000713600000| Complete |  0
| 115|0x0000000713800000, 0x0000000713a00000, 0x0000000713a00000|100%| E|CS|TAMS 0x0000000713800000| PB 0x0000000713800000| Complete |  0
| 116|0x0000000713a00000, 0x0000000713c00000, 0x0000000713c00000|100%| E|CS|TAMS 0x0000000713a00000| PB 0x0000000713a00000| Complete |  0
| 117|0x0000000713c00000, 0x0000000713e00000, 0x0000000713e00000|100%| E|CS|TAMS 0x0000000713c00000| PB 0x0000000713c00000| Complete |  0
| 118|0x0000000713e00000, 0x0000000714000000, 0x0000000714000000|100%| E|CS|TAMS 0x0000000713e00000| PB 0x0000000713e00000| Complete |  0
| 119|0x0000000714000000, 0x0000000714200000, 0x0000000714200000|100%| E|CS|TAMS 0x0000000714000000| PB 0x0000000714000000| Complete |  0
| 120|0x0000000714200000, 0x0000000714400000, 0x0000000714400000|100%| E|CS|TAMS 0x0000000714200000| PB 0x0000000714200000| Complete |  0
| 121|0x0000000714400000, 0x0000000714600000, 0x0000000714600000|100%| E|CS|TAMS 0x0000000714400000| PB 0x0000000714400000| Complete |  0
| 122|0x0000000714600000, 0x0000000714800000, 0x0000000714800000|100%| E|CS|TAMS 0x0000000714600000| PB 0x0000000714600000| Complete |  0
| 123|0x0000000714800000, 0x0000000714a00000, 0x0000000714a00000|100%| E|CS|TAMS 0x0000000714800000| PB 0x0000000714800000| Complete |  0
| 124|0x0000000714a00000, 0x0000000714c00000, 0x0000000714c00000|100%| E|CS|TAMS 0x0000000714a00000| PB 0x0000000714a00000| Complete |  0
| 125|0x0000000714c00000, 0x0000000714e00000, 0x0000000714e00000|100%| E|CS|TAMS 0x0000000714c00000| PB 0x0000000714c00000| Complete |  0
|2006|0x00000007ffe00000, 0x00000007fff1d248, 0x0000000800000000| 55%| O|  |TAMS 0x00000007ffe00000| PB 0x00000007ffe00000| Untracked |  0

Card table byte_map: [0x000002272cb70000,0x000002272d350000] _byte_map_base: 0x0000022729347000

Marking Bits: (CMBitMap*) 0x00000227142c94b0
 Bits: [0x000002272d350000, 0x0000022731208000)

Polling page: 0x0000022712330000

Metaspace:

Usage:
  Non-class:      3.66 MB used.
      Class:    315.88 KB used.
       Both:      3.97 MB used.

Virtual space:
  Non-class space:       64.00 MB reserved,       3.69 MB (  6%) committed,  1 nodes.
      Class space:        1.00 GB reserved,     384.00 KB ( <1%) committed,  1 nodes.
             Both:        1.06 GB reserved,       4.06 MB ( <1%) committed. 

Chunk freelists:
   Non-Class:  10.19 MB
       Class:  15.56 MB
        Both:  25.75 MB

MaxMetaspaceSize: unlimited
CompressedClassSpaceSize: 1.00 GB
Initial GC threshold: 21.00 MB
Current GC threshold: 21.00 MB
CDS: on
 - commit_granule_bytes: 65536.
 - commit_granule_words: 8192.
 - virtual_space_node_default_size: 8388608.
 - enlarge_chunks_in_place: 1.
UseCompressedClassPointers 1, UseCompactObjectHeaders 0
Narrow klass pointer bits 32, Max shift 3
Narrow klass base: 0x0000022735000000, Narrow klass shift: 0
Encoding Range: [0x0000022735000000 - 0x0000022835000000), (4294967296 bytes)
Klass Range:    [0x0000022735000000 - 0x0000022776000000), (1090519040 bytes)
Klass ID Range:  [8 - 1090519033) (1090519025)


Internal statistics:

num_allocs_failed_limit: 0.
num_arena_births: 46.
num_arena_deaths: 0.
num_vsnodes_births: 2.
num_vsnodes_deaths: 0.
num_space_committed: 65.
num_space_uncommitted: 0.
num_chunks_returned_to_freelist: 0.
num_chunks_taken_from_freelist: 134.
num_chunk_merges: 0.
num_chunk_splits: 94.
num_chunks_enlarged: 73.
num_inconsistent_stats: 0.

CodeHeap 'non-profiled nmethods': size=119232Kb used=308Kb max_used=308Kb free=118923Kb
 bounds [0x0000022724690000, 0x0000022724900000, 0x000002272bb00000]
CodeHeap 'profiled nmethods': size=119104Kb used=2176Kb max_used=2176Kb free=116927Kb
 bounds [0x000002271cb00000, 0x000002271cd70000, 0x0000022723f50000]
CodeHeap 'non-nmethods': size=7424Kb used=3012Kb max_used=3032Kb free=4411Kb
 bounds [0x0000022723f50000, 0x0000022724250000, 0x0000022724690000]
CodeCache: size=245760Kb, used=5496Kb, max_used=5516Kb, free=240261Kb
 total_blobs=1785, nmethods=1312, adapters=372, full_count=0
Compilation: enabled, stopped_count=0, restarted_count=0

Compilation events (20 events):
Event: 0.403 Thread 0x00000227343ad160 1220       3       java.util.ArrayDeque::pollFirst (36 bytes)
Event: 0.403 Thread 0x00000227343ad160 nmethod 1220 0x000002271ccf5708 code [0x000002271ccf5840, 0x000002271ccf5c18]
Event: 0.403 Thread 0x00000227343ad160 1221       3       sun.invoke.util.VerifyAccess::isClassAccessible (230 bytes)
Event: 0.404 Thread 0x000002273439c590 1222       1       jdk.internal.classfile.impl.AbstractAttributeMapper::allowMultiple (5 bytes)
Event: 0.404 Thread 0x000002273439c590 nmethod 1222 0x00000227246dc088 code [0x00000227246dc180, 0x00000227246dc248]
Event: 0.404 Thread 0x00000227343ad160 nmethod 1221 0x000002271ccf5c88 code [0x000002271ccf5f00, 0x000002271ccf7158]
Event: 0.405 Thread 0x00000227343ad160 1223       3       jdk.internal.classfile.impl.BufWriterImpl::writeU1 (24 bytes)
Event: 0.405 Thread 0x00000227343ad160 nmethod 1223 0x000002271ccf7208 code [0x000002271ccf7340, 0x000002271ccf75f0]
Event: 0.405 Thread 0x00000227343ac5c0 1224       3       java.lang.Class::cast (27 bytes)
Event: 0.405 Thread 0x000002273439c590 1225       3       jdk.internal.classfile.impl.AbstractDirectBuilder::<init> (26 bytes)
Event: 0.405 Thread 0x00000227342e2540 1226       3       jdk.internal.classfile.impl.AttributeHolder::<init> (17 bytes)
Event: 0.405 Thread 0x00000227343ac5c0 nmethod 1224 0x000002271ccf7608 code [0x000002271ccf7740, 0x000002271ccf7a70]
Event: 0.405 Thread 0x00000227343ac5c0 1227       1       java.lang.classfile.Opcode::bytecode (5 bytes)
Event: 0.405 Thread 0x00000227343ad160 1228       3       jdk.internal.classfile.impl.AttributeHolder::writeTo (34 bytes)
Event: 0.405 Thread 0x00000227343ac5c0 nmethod 1227 0x00000227246dc388 code [0x00000227246dc480, 0x00000227246dc548]
Event: 0.405 Thread 0x00000227343ac5c0 1229       3       jdk.internal.classfile.impl.StackMapGenerator$Frame::decStack (29 bytes)
Event: 0.405 Thread 0x00000227342e2540 nmethod 1226 0x000002271ccf7a88 code [0x000002271ccf7ba0, 0x000002271ccf7d80]
Event: 0.405 Thread 0x000002273439c590 nmethod 1225 0x000002271ccf7e08 code [0x000002271ccf7f40, 0x000002271ccf8360]
Event: 0.405 Thread 0x00000227343ad160 nmethod 1228 0x000002271ccf8388 code [0x000002271ccf84e0, 0x000002271ccf89c8]
Event: 0.405 Thread 0x00000227343ac5c0 nmethod 1229 0x000002271ccf8a08 code [0x000002271ccf8b40, 0x000002271ccf8d50]

GC Heap History (0 events):
No events

Dll operation events (6 events):
Event: 0.009 Loaded shared library C:\Program Files\Java\jdk-24\bin\java.dll
Event: 0.031 Loaded shared library C:\Program Files\Java\jdk-24\bin\jsvml.dll
Event: 0.035 Loaded shared library C:\Program Files\Java\jdk-24\bin\net.dll
Event: 0.036 Loaded shared library C:\Program Files\Java\jdk-24\bin\nio.dll
Event: 0.046 Loaded shared library C:\Program Files\Java\jdk-24\bin\zip.dll
Event: 0.068 Loaded shared library C:\Program Files\Java\jdk-24\bin\jimage.dll

Deoptimization events (20 events):
Event: 0.364 Thread 0x0000022711ed6e30 Uncommon trap: trap_request=0xffffffbe fr.pc=0x00000227246d27c0 relative=0x0000000000000320
Event: 0.364 Thread 0x0000022711ed6e30 Uncommon trap: reason=profile_predicate action=maybe_recompile pc=0x00000227246d27c0 method=org.verapdf.pd.font.type1.EexecFilterDecode.read([BI)I @ 48 c2
Event: 0.364 Thread 0x0000022711ed6e30 DEOPT PACKING pc=0x00000227246d27c0 sp=0x0000007c16cfe580
Event: 0.364 Thread 0x0000022711ed6e30 DEOPT UNPACKING pc=0x0000022724067482 sp=0x0000007c16cfe4e8 mode 2
Event: 0.364 Thread 0x0000022711ed6e30 Uncommon trap: trap_request=0xffffffbe fr.pc=0x00000227246d27c0 relative=0x0000000000000320
Event: 0.364 Thread 0x0000022711ed6e30 Uncommon trap: reason=profile_predicate action=maybe_recompile pc=0x00000227246d27c0 method=org.verapdf.pd.font.type1.EexecFilterDecode.read([BI)I @ 48 c2
Event: 0.364 Thread 0x0000022711ed6e30 DEOPT PACKING pc=0x00000227246d27c0 sp=0x0000007c16cfe580
Event: 0.364 Thread 0x0000022711ed6e30 DEOPT UNPACKING pc=0x0000022724067482 sp=0x0000007c16cfe4e8 mode 2
Event: 0.391 Thread 0x0000022711ed6e30 Uncommon trap: trap_request=0xffffffde fr.pc=0x00000227246cd2dc relative=0x000000000000047c
Event: 0.392 Thread 0x0000022711ed6e30 Uncommon trap: reason=class_check action=maybe_recompile pc=0x00000227246cd2dc method=java.util.HashMap.getNode(Ljava/lang/Object;)Ljava/util/HashMap$Node; @ 128 c2
Event: 0.392 Thread 0x0000022711ed6e30 DEOPT PACKING pc=0x00000227246cd2dc sp=0x0000007c16cfe990
Event: 0.392 Thread 0x0000022711ed6e30 DEOPT UNPACKING pc=0x0000022724067482 sp=0x0000007c16cfe888 mode 2
Event: 0.392 Thread 0x0000022711ed6e30 Uncommon trap: trap_request=0xffffffde fr.pc=0x00000227246cd2dc relative=0x000000000000047c
Event: 0.392 Thread 0x0000022711ed6e30 Uncommon trap: reason=class_check action=maybe_recompile pc=0x00000227246cd2dc method=java.util.HashMap.getNode(Ljava/lang/Object;)Ljava/util/HashMap$Node; @ 128 c2
Event: 0.392 Thread 0x0000022711ed6e30 DEOPT PACKING pc=0x00000227246cd2dc sp=0x0000007c16cfe940
Event: 0.392 Thread 0x0000022711ed6e30 DEOPT UNPACKING pc=0x0000022724067482 sp=0x0000007c16cfe838 mode 2
Event: 0.392 Thread 0x0000022711ed6e30 Uncommon trap: trap_request=0xffffffde fr.pc=0x00000227246cd2dc relative=0x000000000000047c
Event: 0.392 Thread 0x0000022711ed6e30 Uncommon trap: reason=class_check action=maybe_recompile pc=0x00000227246cd2dc method=java.util.HashMap.getNode(Ljava/lang/Object;)Ljava/util/HashMap$Node; @ 128 c2
Event: 0.392 Thread 0x0000022711ed6e30 DEOPT PACKING pc=0x00000227246cd2dc sp=0x0000007c16cfe920
Event: 0.392 Thread 0x0000022711ed6e30 DEOPT UNPACKING pc=0x0000022724067482 sp=0x0000007c16cfe818 mode 2

Classes loaded (20 events):
Event: 0.401 Loading class sun/net/www/protocol/jar/URLJarFile$URLJarFileCloseController
Event: 0.401 Loading class sun/net/www/protocol/jar/URLJarFile$URLJarFileCloseController done
Event: 0.401 Loading class sun/net/www/protocol/jar/JarFileFactory done
Event: 0.401 Loading class sun/net/www/protocol/file/FileURLConnection
Event: 0.401 Loading class sun/net/www/URLConnection
Event: 0.401 Loading class sun/net/www/URLConnection done
Event: 0.401 Loading class sun/net/www/protocol/file/FileURLConnection done
Event: 0.401 Loading class sun/net/www/MessageHeader
Event: 0.401 Loading class sun/net/www/MessageHeader done
Event: 0.402 Loading class jdk/internal/util/OperatingSystem
Event: 0.402 Loading class jdk/internal/util/OperatingSystem done
Event: 0.402 Loading class sun/net/www/protocol/jar/URLJarFile
Event: 0.402 Loading class sun/net/www/protocol/jar/URLJarFile done
Event: 0.403 Loading class sun/net/www/protocol/jar/URLJarFile$URLJarFileEntry
Event: 0.403 Loading class sun/net/www/protocol/jar/URLJarFile$URLJarFileEntry done
Event: 0.403 Loading class sun/net/www/protocol/jar/JarURLConnection$JarURLInputStream
Event: 0.403 Loading class sun/net/www/protocol/jar/JarURLConnection$JarURLInputStream done
Event: 0.403 Loading class java/util/Scanner
Event: 0.403 Loading class java/util/Scanner done
Event: 0.408 Loading class java/io/InputStreamReader

Classes unloaded (0 events):
No events

Classes redefined (0 events):
No events

Internal exceptions (9 events):
Event: 0.079 Thread 0x0000022711ed6e30 Exception <a 'java/lang/NoSuchMethodError'{0x0000000714b0e3c0}: 'void java.lang.invoke.DirectMethodHandle$Holder.invokeStatic(java.lang.Object, java.lang.Object)'> (0x0000000714b0e3c0) 
thrown [s\open\src\hotspot\share\interpreter\linkResolver.cpp, line 805]
Event: 0.080 Thread 0x0000022711ed6e30 Exception <a 'java/lang/NoSuchMethodError'{0x0000000714b162d8}: 'void java.lang.invoke.DirectMethodHandle$Holder.invokeStaticInit(java.lang.Object, java.lang.Object)'> (0x0000000714b162d8) 
thrown [s\open\src\hotspot\share\interpreter\linkResolver.cpp, line 805]
Event: 0.091 Thread 0x0000022711ed6e30 Exception <a 'java/lang/NoSuchMethodError'{0x0000000714b832b8}: 'void java.lang.invoke.DirectMethodHandle$Holder.invokeSpecial(java.lang.Object, java.lang.Object, java.lang.Object, java.lang.Object, java.lang.Object)'> (0x0000000714b832b8) 
thrown [s\open\src\hotspot\share\interpreter\linkResolver.cpp, line 805]
Event: 0.167 Thread 0x0000022711ed6e30 Exception <a 'java/lang/NoSuchMethodError'{0x000000071499dfc8}: 'int java.lang.invoke.DirectMethodHandle$Holder.invokeVirtual(java.lang.Object, java.lang.Object)'> (0x000000071499dfc8) 
thrown [s\open\src\hotspot\share\interpreter\linkResolver.cpp, line 805]
Event: 0.173 Thread 0x0000022711ed6e30 Exception <a 'java/lang/NoSuchMethodError'{0x00000007149d8828}: 'java.lang.Object java.lang.invoke.DirectMethodHandle$Holder.invokeStaticInit(java.lang.Object)'> (0x00000007149d8828) 
thrown [s\open\src\hotspot\share\interpreter\linkResolver.cpp, line 805]
Event: 0.200 Thread 0x0000022711ed6e30 Exception <a 'java/lang/NoSuchMethodError'{0x00000007144433e0}: 'java.lang.Object java.lang.invoke.DirectMethodHandle$Holder.invokeStaticInit(java.lang.Object, int, int, int, int)'> (0x00000007144433e0) 
thrown [s\open\src\hotspot\share\interpreter\linkResolver.cpp, line 805]
Event: 0.216 Thread 0x0000022711ed6e30 Exception <a 'java/lang/NoSuchMethodError'{0x0000000714472258}: 'java.lang.Object java.lang.invoke.DirectMethodHandle$Holder.invokeStaticInit(java.lang.Object, java.lang.Object, int, int, int, int)'> (0x0000000714472258) 
thrown [s\open\src\hotspot\share\interpreter\linkResolver.cpp, line 805]
Event: 0.276 Thread 0x0000022711ed6e30 Exception <a 'java/lang/NoSuchMethodError'{0x00000007142c4738}: 'double java.lang.invoke.DirectMethodHandle$Holder.invokeVirtual(java.lang.Object, java.lang.Object)'> (0x00000007142c4738) 
thrown [s\open\src\hotspot\share\interpreter\linkResolver.cpp, line 805]
Event: 0.302 Thread 0x0000022711ed6e30 Exception <a 'java/lang/NoSuchMethodError'{0x00000007140af148}: 'java.lang.Object java.lang.invoke.DirectMethodHandle$Holder.invokeSpecial(java.lang.Object, java.lang.Object, double, double)'> (0x00000007140af148) 
thrown [s\open\src\hotspot\share\interpreter\linkResolver.cpp, line 805]

VM Operations (20 events):
Event: 0.173 Executing VM operation: HandshakeAllThreads (Deoptimize)
Event: 0.173 Executing VM operation: HandshakeAllThreads (Deoptimize) done
Event: 0.238 Executing VM operation: HandshakeAllThreads (Deoptimize)
Event: 0.238 Executing VM operation: HandshakeAllThreads (Deoptimize) done
Event: 0.242 Executing VM operation: HandshakeAllThreads (Deoptimize)
Event: 0.242 Executing VM operation: HandshakeAllThreads (Deoptimize) done
Event: 0.243 Executing VM operation: HandshakeAllThreads (Deoptimize)
Event: 0.243 Executing VM operation: HandshakeAllThreads (Deoptimize) done
Event: 0.267 Executing VM operation: HandshakeAllThreads (Deoptimize)
Event: 0.267 Executing VM operation: HandshakeAllThreads (Deoptimize) done
Event: 0.268 Executing VM operation: HandshakeAllThreads (Deoptimize)
Event: 0.268 Executing VM operation: HandshakeAllThreads (Deoptimize) done
Event: 0.288 Executing VM operation: HandshakeAllThreads (Deoptimize)
Event: 0.288 Executing VM operation: HandshakeAllThreads (Deoptimize) done
Event: 0.288 Executing VM operation: HandshakeAllThreads (Deoptimize)
Event: 0.289 Executing VM operation: HandshakeAllThreads (Deoptimize) done
Event: 0.305 Executing VM operation: HandshakeAllThreads (Deoptimize)
Event: 0.305 Executing VM operation: HandshakeAllThreads (Deoptimize) done
Event: 0.402 Executing VM operation: HandshakeAllThreads (Deoptimize)
Event: 0.402 Executing VM operation: HandshakeAllThreads (Deoptimize) done

Memory protections (0 events):
No events

Nmethod flushes (0 events):
No events

Events (18 events):
Event: 0.021 Thread 0x0000022711ed6e30 Thread added: 0x0000022711ed6e30
Event: 0.029 Thread 0x0000022711ed6e30 Thread added: 0x00000227342d7830
Event: 0.029 Thread 0x0000022711ed6e30 Thread added: 0x00000227342d7f70
Event: 0.029 Thread 0x0000022711ed6e30 Thread added: 0x00000227342d86b0
Event: 0.029 Thread 0x0000022711ed6e30 Thread added: 0x00000227342d91e0
Event: 0.029 Thread 0x0000022711ed6e30 Thread added: 0x00000227342d9d10
Event: 0.029 Thread 0x0000022711ed6e30 Thread added: 0x00000227342da970
Event: 0.029 Thread 0x0000022711ed6e30 Thread added: 0x00000227342e0930
Event: 0.029 Thread 0x0000022711ed6e30 Thread added: 0x00000227342e2540
Event: 0.032 Thread 0x0000022711ed6e30 Thread added: 0x00000227343757a0
Event: 0.033 Thread 0x0000022711ed6e30 Thread added: 0x000002273438c6f0
Event: 0.038 Thread 0x00000227342e2540 Thread added: 0x000002273439c590
Event: 0.040 Thread 0x00000227342e2540 Thread added: 0x00000227343ac5c0
Event: 0.040 Thread 0x00000227342e0930 Thread added: 0x00000227343ad160
Event: 0.042 Thread 0x00000227343ac5c0 Thread added: 0x0000022734471490
Event: 0.044 Thread 0x0000022734471490 Thread added: 0x0000022734476040
Event: 0.044 Thread 0x0000022734471490 Thread added: 0x0000022734476a50
Event: 0.044 Thread 0x0000022734471490 Thread added: 0x00000227344771e0


Dynamic libraries:
0x00007ff676ca0000 - 0x00007ff676cb0000 	C:\Program Files\Java\jdk-24\bin\java.exe
0x00007ffffbfe0000 - 0x00007ffffc246000 	C:\WINDOWS\SYSTEM32\ntdll.dll
0x00007ffffaf10000 - 0x00007ffffafd9000 	C:\WINDOWS\System32\KERNEL32.DLL
0x00007ffff92b0000 - 0x00007ffff96ae000 	C:\WINDOWS\System32\KERNELBASE.dll
0x00007ffff97f0000 - 0x00007ffff993c000 	C:\WINDOWS\System32\ucrtbase.dll
0x00007fff854d0000 - 0x00007fff854eb000 	C:\Program Files\Java\jdk-24\bin\VCRUNTIME140.dll
0x00007fff810d0000 - 0x00007fff810e6000 	C:\Program Files\Java\jdk-24\bin\jli.dll
0x00007ffff9eb0000 - 0x00007ffffa077000 	C:\WINDOWS\System32\USER32.dll
0x00007ffff9280000 - 0x00007ffff92a7000 	C:\WINDOWS\System32\win32u.dll
0x00007fffd5ef0000 - 0x00007fffd6182000 	C:\WINDOWS\WinSxS\amd64_microsoft.windows.common-controls_6595b64144ccf1df_6.0.26100.8875_none_3e0d5d42e32fe9dd\COMCTL32.dll
0x00007ffffbb80000 - 0x00007ffffbbab000 	C:\WINDOWS\System32\GDI32.dll
0x00007ffffbbb0000 - 0x00007ffffbc59000 	C:\WINDOWS\System32\msvcrt.dll
0x00007ffff96c0000 - 0x00007ffff97ea000 	C:\WINDOWS\System32\gdi32full.dll
0x00007ffff91d0000 - 0x00007ffff9273000 	C:\WINDOWS\System32\msvcp_win.dll
0x00007ffffbed0000 - 0x00007ffffbf02000 	C:\WINDOWS\System32\IMM32.DLL
0x00007fffa6910000 - 0x00007fffa691c000 	C:\Program Files\Java\jdk-24\bin\vcruntime140_1.dll
0x00007fff7ea60000 - 0x00007fff7eaee000 	C:\Program Files\Java\jdk-24\bin\msvcp140.dll
0x00007fff43690000 - 0x00007fff44431000 	C:\Program Files\Java\jdk-24\bin\server\jvm.dll
0x00007ffffb270000 - 0x00007ffffb327000 	C:\WINDOWS\System32\ADVAPI32.dll
0x00007ffffb330000 - 0x00007ffffb3da000 	C:\WINDOWS\System32\sechost.dll
0x00007ffff9d00000 - 0x00007ffff9e18000 	C:\WINDOWS\System32\RPCRT4.dll
0x00007ffffbe40000 - 0x00007ffffbec0000 	C:\WINDOWS\System32\WS2_32.dll
0x00007ffff9030000 - 0x00007ffff908e000 	C:\WINDOWS\SYSTEM32\POWRPROF.dll
0x00007ffff0410000 - 0x00007ffff0446000 	C:\WINDOWS\SYSTEM32\WINMM.dll
0x00007fffe5850000 - 0x00007fffe585b000 	C:\WINDOWS\SYSTEM32\VERSION.dll
0x00007ffff9010000 - 0x00007ffff9024000 	C:\WINDOWS\SYSTEM32\UMPDC.dll
0x00007ffff7eb0000 - 0x00007ffff7ecb000 	C:\WINDOWS\SYSTEM32\kernel.appcore.dll
0x00007fff7ef60000 - 0x00007fff7ef6a000 	C:\Program Files\Java\jdk-24\bin\jimage.dll
0x00007ffff6730000 - 0x00007ffff6972000 	C:\WINDOWS\SYSTEM32\DBGHELP.DLL
0x00007ffffab80000 - 0x00007ffffaf03000 	C:\WINDOWS\System32\combase.dll
0x00007ffffb190000 - 0x00007ffffb269000 	C:\WINDOWS\System32\OLEAUT32.dll
0x00007fffc5fb0000 - 0x00007fffc5feb000 	C:\WINDOWS\SYSTEM32\dbgcore.DLL
0x00007ffff9b90000 - 0x00007ffff9c3c000 	C:\WINDOWS\System32\bcryptPrimitives.dll
0x00007fff7ef40000 - 0x00007fff7ef5e000 	C:\Program Files\Java\jdk-24\bin\java.dll
0x00007ffffafe0000 - 0x00007ffffb179000 	C:\WINDOWS\System32\ole32.dll
0x00007ffffa180000 - 0x00007ffffa912000 	C:\WINDOWS\System32\SHELL32.dll
0x00007ffff6c40000 - 0x00007ffff74d2000 	C:\WINDOWS\SYSTEM32\windows.storage.dll
0x00007ffffa080000 - 0x00007ffffa177000 	C:\WINDOWS\System32\SHCORE.dll
0x00007ffffab00000 - 0x00007ffffab67000 	C:\WINDOWS\System32\shlwapi.dll
0x00007ffff90f0000 - 0x00007ffff9119000 	C:\WINDOWS\SYSTEM32\profapi.dll
0x00007fff68d10000 - 0x00007fff68de7000 	C:\Program Files\Java\jdk-24\bin\jsvml.dll
0x00007fff7ef30000 - 0x00007fff7ef40000 	C:\Program Files\Java\jdk-24\bin\net.dll
0x00007ffff8460000 - 0x00007ffff84cc000 	C:\WINDOWS\system32\mswsock.dll
0x00007fff7ef10000 - 0x00007fff7ef26000 	C:\Program Files\Java\jdk-24\bin\nio.dll
0x00007fff7d4d0000 - 0x00007fff7d4e7000 	C:\Program Files\Java\jdk-24\bin\zip.dll
0x00007ffff8780000 - 0x00007ffff879b000 	C:\WINDOWS\SYSTEM32\CRYPTSP.dll
0x00007ffff7e10000 - 0x00007ffff7e49000 	C:\WINDOWS\system32\rsaenh.dll
0x00007ffff8520000 - 0x00007ffff8552000 	C:\WINDOWS\SYSTEM32\USERENV.dll
0x00007ffff90c0000 - 0x00007ffff90ea000 	C:\WINDOWS\SYSTEM32\bcrypt.dll
0x00007ffff8760000 - 0x00007ffff876c000 	C:\WINDOWS\SYSTEM32\CRYPTBASE.dll
0x00007ffff78f0000 - 0x00007ffff7923000 	C:\WINDOWS\SYSTEM32\IPHLPAPI.DLL
0x00007ffffbf10000 - 0x00007ffffbf1a000 	C:\WINDOWS\System32\NSI.dll

JVMTI agents: none

dbghelp: loaded successfully - version: 4.0.5 - missing functions: none
symbol engine: initialized successfully - sym options: 0x614 - pdb path: .;C:\Program Files\Java\jdk-24\bin;C:\WINDOWS\SYSTEM32;C:\WINDOWS\WinSxS\amd64_microsoft.windows.common-controls_6595b64144ccf1df_6.0.26100.8875_none_3e0d5d42e32fe9dd;C:\Program Files\Java\jdk-24\bin\server

VM Arguments:
jvm_args: -Djava.awt.headless=true -Dapple.awt.UIElement=true 
java_command: E:\Python\Quiz_Hackathon_Project\dut-ai-quiz\.venv\Lib\site-packages\opendataloader_pdf\jar\opendataloader-pdf-cli.jar C:\Users\TRANTH~1\AppData\Local\Temp\tmpmbo9fg_m\a3870baa-75de-40c8-8e6f-0b2329e2fbab.pdf --output-dir C:\Users\TRANTH~1\AppData\Local\Temp\tmpmbo9fg_m --format markdown --quiet --image-output external --image-dir C:\Users\TRANTH~1\AppData\Local\Temp\tmpmbo9fg_m\images
java_class_path (initial): E:\Python\Quiz_Hackathon_Project\dut-ai-quiz\.venv\Lib\site-packages\opendataloader_pdf\jar\opendataloader-pdf-cli.jar
Launcher Type: SUN_STANDARD

[Global flags]
     intx CICompilerCount                          = 12                                        {product} {ergonomic}
     uint ConcGCThreads                            = 3                                         {product} {ergonomic}
     uint G1ConcRefinementThreads                  = 13                                        {product} {ergonomic}
   size_t G1HeapRegionSize                         = 2097152                                   {product} {ergonomic}
   size_t InitialHeapSize                          = 264241152                                 {product} {ergonomic}
   size_t MarkStackSize                            = 4194304                                   {product} {ergonomic}
   size_t MarkStackSizeMax                         = 536870912                                 {product} {ergonomic}
   size_t MaxHeapSize                              = 4208984064                                {product} {ergonomic}
   size_t MaxNewSize                               = 2524971008                                {product} {ergonomic}
   size_t MinHeapDeltaBytes                        = 2097152                                   {product} {ergonomic}
   size_t MinHeapSize                              = 8388608                                   {product} {ergonomic}
    uintx NonNMethodCodeHeapSize                   = 7602176                                {pd product} {ergonomic}
    uintx NonProfiledCodeHeapSize                  = 122093568                              {pd product} {ergonomic}
    uintx ProfiledCodeHeapSize                     = 121962496                              {pd product} {ergonomic}
    uintx ReservedCodeCacheSize                    = 251658240                              {pd product} {ergonomic}
     bool SegmentedCodeCache                       = true                                      {product} {ergonomic}
   size_t SoftMaxHeapSize                          = 4208984064                             {manageable} {ergonomic}
     bool UseCompressedOops                        = true                           {product lp64_product} {ergonomic}
     bool UseG1GC                                  = true                                      {product} {ergonomic}
     bool UseLargePagesIndividualAllocation        = false                                  {pd product} {ergonomic}

Logging:
Log output configuration:
 #0: stdout all=warning uptime,level,tags foldmultilines=false
 #1: stderr all=off uptime,level,tags foldmultilines=false

Environment Variables:
PATH=E:\Python\Quiz_Hackathon_Project\dut-ai-quiz\.venv\Scripts;C:\Program Files\Python313\Scripts\;C:\Program Files\Python313\;C:\msys64\ucrt64\bin;C:\Program Files\Common Files\Oracle\Java\javapath;C:\WINDOWS\system32;C:\WINDOWS;C:\WINDOWS\System32\Wbem;C:\WINDOWS\System32\WindowsPowerShell\v1.0\;C:\WINDOWS\System32\OpenSSH\;E:\mingw64\bin;E:\SoftwareProgramming\ucrt64\bin;C:\SoftwareProgramming\ucrt64\bin;C:\Program Files\Java\jdk-24\bin;C:\Program Files\Git\cmd;C:\Program Files\CMake\bin;C:\Program Files\CMake\bin;C:\Program Files (x86)\Microsoft SQL Server\160\Tools\Binn\;C:\Program Files\Microsoft SQL Server\160\Tools\Binn\;C:\Program Files\Microsoft SQL Server\Client SDK\ODBC\170\Tools\Binn\;C:\Program Files\Microsoft SQL Server\160\DTS\Binn\;C:\Program Files\Microsoft SQL Server\170\DTS\Binn\;C:\Program Files (x86)\cloudflared\;C:\Program Files\dotnet\;C:\Program Files\Microsoft SQL Server\170\Tools\Binn\;C:\Program Files (x86)\Microsoft SQL Server\170\Tools\Binn\;C:\Program Files\Microsoft SQL Server\Client SDK\ODBC\180\Tools\Binn\;C:\Program Files\Tailscale\;C:\Program Files\nodejs\;C:\Users\TRAN THI TUYET TRINH\AppData\Roaming\Python\Python313\Scripts;C:\msys64\ucrt64\bin\g++.exe;C:\Users\TRAN THI TUYET TRINH\AppData\Local\Microsoft\WindowsApps;E:\winlibs-x86_64-posix-seh-gcc-12.1.0-mingw-w64msvcrt-10.0.0-r3.zip\mingw64\bin;E:\mingw64\bin;C:\Users\TRAN THI TUYET TRINH\AppData\Local\Programs\Microsoft VS Code\bin;C:\SoftwareProgramming\ucrt64\bin;C:\Users\TRAN THI TUYET TRINH\AppData\Local\Programs\cursor\resources\app\bin;C:\Users\TRAN THI TUYET TRINH\.dotnet\tools;D:\App_QuanTrong\Antigravity\bin;C:\Users\TRAN THI TUYET TRINH\AppData\Local\Programs\Antigravity IDE\bin;C:\Users\TRAN THI TUYET TRINH\AppData\Roaming\npm;c:\Users\TRAN THI TUYET TRINH\.antigravity\extensions\ms-python.debugpy-2026.6.0-win32-x64\bundled\scripts\noConfigScripts
USERNAME=TRAN THI TUYET TRINH
LANG=en_US.UTF-8
OS=Windows_NT
PROCESSOR_IDENTIFIER=Intel64 Family 6 Model 154 Stepping 3, GenuineIntel
TMP=C:\Users\TRANTH~1\AppData\Local\Temp
TEMP=C:\Users\TRANTH~1\AppData\Local\Temp




Periodic native trim disabled

---------------  S Y S T E M  ---------------

OS:
 Windows 11 , 64 bit Build 26100 (10.0.26100.8875)
OS uptime: 0 days 20:18 hours
Hyper-V role detected

CPU: total 16 (initial active 16) (8 cores per cpu, 2 threads per core) family 6 model 154 stepping 3 microcode 0x42c, cx8, cmov, fxsr, ht, mmx, 3dnowpref, sse, sse2, sse3, ssse3, sse4.1, sse4.2, popcnt, lzcnt, tsc, tscinvbit, avx, avx2, aes, erms, clmul, bmi1, bmi2, adx, sha, fma, vzeroupper, clflush, clflushopt, clwb, hv, serialize, rdtscp, rdpid, fsrm, gfni, f16c, cet_ibt, cet_ss
Processor Information for processor 0
  Max Mhz: 1700, Current Mhz: 1700, Mhz Limit: 1700
Processor Information for processor 1
  Max Mhz: 1700, Current Mhz: 1700, Mhz Limit: 1700
Processor Information for processor 2
  Max Mhz: 1700, Current Mhz: 1700, Mhz Limit: 1700
Processor Information for processor 3
  Max Mhz: 1700, Current Mhz: 1700, Mhz Limit: 1700
Processor Information for processor 4
  Max Mhz: 1700, Current Mhz: 1700, Mhz Limit: 1700
Processor Information for processor 5
  Max Mhz: 1700, Current Mhz: 1700, Mhz Limit: 1700
Processor Information for processor 6
  Max Mhz: 1700, Current Mhz: 1700, Mhz Limit: 1700
Processor Information for processor 7
  Max Mhz: 1700, Current Mhz: 1700, Mhz Limit: 1700
Processor Information for processor 8
  Max Mhz: 1700, Current Mhz: 1200, Mhz Limit: 1190
Processor Information for processor 9
  Max Mhz: 1700, Current Mhz: 1200, Mhz Limit: 1190
Processor Information for processor 10
  Max Mhz: 1700, Current Mhz: 1200, Mhz Limit: 1190
Processor Information for processor 11
  Max Mhz: 1700, Current Mhz: 1200, Mhz Limit: 1190
Processor Information for processor 12
  Max Mhz: 1700, Current Mhz: 1200, Mhz Limit: 1190
Processor Information for processor 13
  Max Mhz: 1700, Current Mhz: 1200, Mhz Limit: 1190
Processor Information for processor 14
  Max Mhz: 1700, Current Mhz: 1200, Mhz Limit: 1190
Processor Information for processor 15
  Max Mhz: 1700, Current Mhz: 1200, Mhz Limit: 1190

Memory: 4k page, system-wide physical 16052M (1156M free)
TotalPageFile size 18859M (AvailPageFile size 0M)
current process WorkingSet (physical memory assigned to process): 105M, peak: 105M
current process commit charge ("private bytes"): 373M, peak: 373M

vm_info: Java HotSpot(TM) 64-Bit Server VM (24.0.2+12-54) for windows-amd64 JRE (24.0.2+12-54), built on 2025-07-08T12:10:27Z with MS VC++ 17.6 (VS2022)

END.
