#
# There is insufficient memory for the Java Runtime Environment to continue.
# Native memory allocation (malloc) failed to allocate 2119952 bytes. Error detail: Chunk::new
# Possible reasons:
#   The system is out of physical RAM or swap space
#   This process is running with CompressedOops enabled, and the Java Heap may be blocking the growth of the native heap
# Possible solutions:
#   Reduce memory load on the system
#   Increase physical memory or swap space
#   Check if swap backing store is full
#   Decrease Java heap size (-Xmx/-Xms)
#   Decrease number of Java threads
#   Decrease Java thread stack sizes (-Xss)
#   Set larger code cache with -XX:ReservedCodeCacheSize=
#   JVM is running with Zero Based Compressed Oops mode in which the Java heap is
#     placed in the first 32GB address space. The Java Heap base address is the
#     maximum limit for the native heap growth. Please use -XX:HeapBaseMinAddress
#     to set the Java Heap base and to place the Java Heap above 32GB virtual address.
# This output file may be truncated or incomplete.
#
#  Out of Memory Error (arena.cpp:162), pid=2220, tid=16768
#
# JRE version: Java(TM) SE Runtime Environment (24.0.2+12) (build 24.0.2+12-54)
# Java VM: Java HotSpot(TM) 64-Bit Server VM (24.0.2+12-54, mixed mode, sharing, tiered, compressed oops, compressed class ptrs, g1 gc, windows-amd64)
# No core dump will be written. Minidumps are not enabled by default on client versions of Windows
#

---------------  S U M M A R Y ------------

Command Line: -Djava.awt.headless=true -Dapple.awt.UIElement=true E:\Python\Quiz_Hackathon_Project\dut-ai-quiz\.venv\Lib\site-packages\opendataloader_pdf\jar\opendataloader-pdf-cli.jar C:\Users\TRANTH~1\AppData\Local\Temp\tmpb__6yslx\df8818c0-d86c-4f82-ac8b-f1d155745a35.pdf --output-dir C:\Users\TRANTH~1\AppData\Local\Temp\tmpb__6yslx --format markdown --quiet --image-output external --image-dir C:\Users\TRANTH~1\AppData\Local\Temp\tmpb__6yslx\images

Host: 12th Gen Intel(R) Core(TM) i5-1240P, 16 cores, 15G,  Windows 11 , 64 bit Build 26100 (10.0.26100.8875)
Time: Mon Jul 27 17:25:42 2026 SE Asia Standard Time elapsed time: 0.346455 seconds (0d 0h 0m 0s)

---------------  T H R E A D  ---------------

Current thread (0x0000027a639c6650):  JavaThread "C2 CompilerThread2" daemon [_thread_in_native, id=16768, stack(0x000000fc2c000000,0x000000fc2c100000) (1024K)]


Current CompileTask:
C2:346 1025   !   4       java.lang.String::<init> (852 bytes)

Stack: [0x000000fc2c000000,0x000000fc2c100000]
Native frames: (J=compiled Java code, j=interpreted, Vv=VM code, C=native code)
V  [jvm.dll+0x730829]  (no source info available)
V  [jvm.dll+0x8d9da3]  (no source info available)
V  [jvm.dll+0x8dc28d]  (no source info available)
V  [jvm.dll+0x8dc903]  (no source info available)
V  [jvm.dll+0x2a9f56]  (no source info available)
V  [jvm.dll+0xced7f]  (no source info available)
V  [jvm.dll+0xcefdf]  (no source info available)
V  [jvm.dll+0x154c83]  (no source info available)
V  [jvm.dll+0x73604f]  (no source info available)
V  [jvm.dll+0x26f8dc]  (no source info available)
V  [jvm.dll+0x26e8ff]  (no source info available)
V  [jvm.dll+0x1e9c90]  (no source info available)
V  [jvm.dll+0x27e0cb]  (no source info available)
V  [jvm.dll+0x27c36a]  (no source info available)
V  [jvm.dll+0x42f396]  (no source info available)
V  [jvm.dll+0x87d9eb]  (no source info available)
V  [jvm.dll+0x72ef45]  (no source info available)
C  [ucrtbase.dll+0x2cd30]  (no source info available)
C  [KERNEL32.DLL+0x2e957]  (no source info available)
C  [ntdll.dll+0xaad6c]  (no source info available)

Lock stack of current Java thread (top to bottom):


---------------  P R O C E S S  ---------------

Threads class SMR info:
_java_thread_list=0x0000027aa96fead0, length=18, elements={
0x0000027a415b73b0, 0x0000027a62c78420, 0x0000027a62c78b60, 0x0000027a62c7af70,
0x0000027a62c7bdf0, 0x0000027a62c7e000, 0x0000027a6384b6e0, 0x0000027a63863560,
0x0000027a63863cf0, 0x0000027a6384c580, 0x0000027a6384af90, 0x0000027a63919f00,
0x0000027a6390b5f0, 0x0000027a6390bd80, 0x0000027a639c1d50, 0x0000027a639c6650,
0x0000027aa96bb750, 0x0000027aa94f63c0
}

Java Threads: ( => current thread )
  0x0000027a415b73b0 JavaThread "main"                              [_thread_in_Java, id=2028, stack(0x000000fc2aa00000,0x000000fc2ab00000) (1024K)]
  0x0000027a62c78420 JavaThread "Reference Handler"          daemon [_thread_blocked, id=10728, stack(0x000000fc2b200000,0x000000fc2b300000) (1024K)]
  0x0000027a62c78b60 JavaThread "Finalizer"                  daemon [_thread_blocked, id=1680, stack(0x000000fc2b300000,0x000000fc2b400000) (1024K)]
  0x0000027a62c7af70 JavaThread "Signal Dispatcher"          daemon [_thread_blocked, id=16872, stack(0x000000fc2b400000,0x000000fc2b500000) (1024K)]
  0x0000027a62c7bdf0 JavaThread "Attach Listener"            daemon [_thread_blocked, id=12064, stack(0x000000fc2b500000,0x000000fc2b600000) (1024K)]
  0x0000027a62c7e000 JavaThread "Service Thread"             daemon [_thread_blocked, id=5468, stack(0x000000fc2b600000,0x000000fc2b700000) (1024K)]
  0x0000027a6384b6e0 JavaThread "Monitor Deflation Thread"   daemon [_thread_blocked, id=2388, stack(0x000000fc2b700000,0x000000fc2b800000) (1024K)]
  0x0000027a63863560 JavaThread "C2 CompilerThread0"         daemon [_thread_in_native, id=14560, stack(0x000000fc2b800000,0x000000fc2b900000) (1024K)]
  0x0000027a63863cf0 JavaThread "C1 CompilerThread0"         daemon [_thread_blocked, id=22084, stack(0x000000fc2b900000,0x000000fc2ba00000) (1024K)]
  0x0000027a6384c580 JavaThread "Notification Thread"        daemon [_thread_blocked, id=3412, stack(0x000000fc2ba00000,0x000000fc2bb00000) (1024K)]
  0x0000027a6384af90 JavaThread "Common-Cleaner"             daemon [_thread_blocked, id=12900, stack(0x000000fc2bb00000,0x000000fc2bc00000) (1024K)]
  0x0000027a63919f00 JavaThread "C1 CompilerThread1"         daemon [_thread_in_native, id=19380, stack(0x000000fc2bc00000,0x000000fc2bd00000) (1024K)]
  0x0000027a6390b5f0 JavaThread "C1 CompilerThread2"         daemon [_thread_blocked, id=18536, stack(0x000000fc2bd00000,0x000000fc2be00000) (1024K)]
  0x0000027a6390bd80 JavaThread "C1 CompilerThread3"         daemon [_thread_blocked, id=15112, stack(0x000000fc2be00000,0x000000fc2bf00000) (1024K)]
  0x0000027a639c1d50 JavaThread "C2 CompilerThread1"         daemon [_thread_in_native, id=8220, stack(0x000000fc2bf00000,0x000000fc2c000000) (1024K)]
=>0x0000027a639c6650 JavaThread "C2 CompilerThread2"         daemon [_thread_in_native, id=16768, stack(0x000000fc2c000000,0x000000fc2c100000) (1024K)]
  0x0000027aa96bb750 JavaThread "C2 CompilerThread3"         daemon [_thread_in_native, id=9876, stack(0x000000fc2c100000,0x000000fc2c200000) (1024K)]
  0x0000027aa94f63c0 JavaThread "C2 CompilerThread4"         daemon [_thread_in_native, id=10968, stack(0x000000fc2c200000,0x000000fc2c300000) (1024K)]
Total: 18

Other Threads:
  0x0000027a62b13c40 VMThread "VM Thread"                           [id=8452, stack(0x000000fc2b100000,0x000000fc2b200000) (1024K)]
  0x0000027a62c54bb0 WatcherThread "VM Periodic Task Thread"        [id=12016, stack(0x000000fc2b000000,0x000000fc2b100000) (1024K)]
  0x0000027a439274e0 WorkerThread "GC Thread#0"                     [id=3860, stack(0x000000fc2ab00000,0x000000fc2ac00000) (1024K)]
  0x0000027a4393bdc0 ConcurrentGCThread "G1 Main Marker"            [id=13908, stack(0x000000fc2ac00000,0x000000fc2ad00000) (1024K)]
  0x0000027a4393d6d0 WorkerThread "G1 Conc#0"                       [id=12752, stack(0x000000fc2ad00000,0x000000fc2ae00000) (1024K)]
  0x0000027a62b07090 ConcurrentGCThread "G1 Refine#0"               [id=12464, stack(0x000000fc2ae00000,0x000000fc2af00000) (1024K)]
  0x0000027a62b098d0 ConcurrentGCThread "G1 Service"                [id=20576, stack(0x000000fc2af00000,0x000000fc2b000000) (1024K)]
Total: 7

Threads with active compile tasks:
C2 CompilerThread0  387 1078       4       org.verapdf.pd.font.type1.BaseCharStringParser::readStreams (143 bytes)
C2 CompilerThread1  387 1012       4       org.verapdf.parser.BaseParser::nextToken (758 bytes)
C2 CompilerThread2  387 1025   !   4       java.lang.String::<init> (852 bytes)
C2 CompilerThread3  387 1052       4       java.util.HashMap::get (19 bytes)
C2 CompilerThread4  387 1149 %     4       org.verapdf.pd.font.type1.EexecFilterDecode::read @ 45 (141 bytes)
Total: 5

VM state: not at safepoint (normal execution)

VM Mutex/Monitor currently owned by a thread: None

Heap address: 0x0000000705200000, size: 4014 MB, Compressed Oops mode: Zero based, Oop shift amount: 3

CDS archive(s) mapped at: [0x0000027a64000000-0x0000027a64d40000-0x0000027a64d40000), size 13893632, SharedBaseAddress: 0x0000027a64000000, ArchiveRelocationMode: 1.
Compressed class space mapped at: 0x0000027a65000000-0x0000027aa5000000, reserved size: 1073741824
UseCompressedClassPointers 1, UseCompactObjectHeaders 0
Narrow klass pointer bits 32, Max shift 3
Narrow klass base: 0x0000027a64000000, Narrow klass shift: 0
Encoding Range: [0x0000027a64000000 - 0x0000027b64000000), (4294967296 bytes)
Klass Range:    [0x0000027a64000000 - 0x0000027aa5000000), (1090519040 bytes)
Klass ID Range:  [8 - 1090519033) (1090519025)

GC Precious Log:
 CardTable entry size: 512
 Card Set container configuration: InlinePtr #cards 4 size 8 Array Of Cards #cards 16 size 48 Howl #buckets 8 coarsen threshold 3686 Howl Bitmap #cards 512 size 80 coarsen threshold 460 Card regions per heap region 1 cards per card region 4096
 CPUs: 16 total, 16 available
 Memory: 16052M
 Large Page Support: Disabled
 NUMA Support: Disabled
 Compressed Oops: Enabled (Zero based)
 Heap Region Size: 2M
 Heap Min Capacity: 8M
 Heap Initial Capacity: 252M
 Heap Max Capacity: 4014M
 Pre-touch: Disabled
 Parallel Workers: 13
 Concurrent Workers: 3
 Concurrent Refinement Workers: 13
 Periodic GC: Disabled

Heap:
 garbage-first heap   total reserved 4110336K, committed 260096K, used 33908K [0x0000000705200000, 0x0000000800000000)
  region size 2048K, 16 young (32768K), 0 survivors (0K)
 Metaspace       used 3749K, committed 3840K, reserved 1114112K
  class space    used 300K, committed 320K, reserved 1048576K

Heap Regions: E=young(eden), S=young(survivor), O=old, HS=humongous(starts), HC=humongous(continues), CS=collection set, F=free, TAMS=top-at-mark-start, PB=parsable bottom
|   0|0x0000000705200000, 0x0000000705400000, 0x0000000705400000|100%|HS|  |TAMS 0x0000000705200000| PB 0x0000000705200000| Complete |  0
|   1|0x0000000705400000, 0x0000000705400000, 0x0000000705600000|  0%| F|  |TAMS 0x0000000705400000| PB 0x0000000705400000| Untracked |  0
|   2|0x0000000705600000, 0x0000000705600000, 0x0000000705800000|  0%| F|  |TAMS 0x0000000705600000| PB 0x0000000705600000| Untracked |  0
|   3|0x0000000705800000, 0x0000000705800000, 0x0000000705a00000|  0%| F|  |TAMS 0x0000000705800000| PB 0x0000000705800000| Untracked |  0
|   4|0x0000000705a00000, 0x0000000705a00000, 0x0000000705c00000|  0%| F|  |TAMS 0x0000000705a00000| PB 0x0000000705a00000| Untracked |  0
|   5|0x0000000705c00000, 0x0000000705c00000, 0x0000000705e00000|  0%| F|  |TAMS 0x0000000705c00000| PB 0x0000000705c00000| Untracked |  0
|   6|0x0000000705e00000, 0x0000000705e00000, 0x0000000706000000|  0%| F|  |TAMS 0x0000000705e00000| PB 0x0000000705e00000| Untracked |  0
|   7|0x0000000706000000, 0x0000000706000000, 0x0000000706200000|  0%| F|  |TAMS 0x0000000706000000| PB 0x0000000706000000| Untracked |  0
|   8|0x0000000706200000, 0x0000000706200000, 0x0000000706400000|  0%| F|  |TAMS 0x0000000706200000| PB 0x0000000706200000| Untracked |  0
|   9|0x0000000706400000, 0x0000000706400000, 0x0000000706600000|  0%| F|  |TAMS 0x0000000706400000| PB 0x0000000706400000| Untracked |  0
|  10|0x0000000706600000, 0x0000000706600000, 0x0000000706800000|  0%| F|  |TAMS 0x0000000706600000| PB 0x0000000706600000| Untracked |  0
|  11|0x0000000706800000, 0x0000000706800000, 0x0000000706a00000|  0%| F|  |TAMS 0x0000000706800000| PB 0x0000000706800000| Untracked |  0
|  12|0x0000000706a00000, 0x0000000706a00000, 0x0000000706c00000|  0%| F|  |TAMS 0x0000000706a00000| PB 0x0000000706a00000| Untracked |  0
|  13|0x0000000706c00000, 0x0000000706c00000, 0x0000000706e00000|  0%| F|  |TAMS 0x0000000706c00000| PB 0x0000000706c00000| Untracked |  0
|  14|0x0000000706e00000, 0x0000000706e00000, 0x0000000707000000|  0%| F|  |TAMS 0x0000000706e00000| PB 0x0000000706e00000| Untracked |  0
|  15|0x0000000707000000, 0x0000000707000000, 0x0000000707200000|  0%| F|  |TAMS 0x0000000707000000| PB 0x0000000707000000| Untracked |  0
|  16|0x0000000707200000, 0x0000000707200000, 0x0000000707400000|  0%| F|  |TAMS 0x0000000707200000| PB 0x0000000707200000| Untracked |  0
|  17|0x0000000707400000, 0x0000000707400000, 0x0000000707600000|  0%| F|  |TAMS 0x0000000707400000| PB 0x0000000707400000| Untracked |  0
|  18|0x0000000707600000, 0x0000000707600000, 0x0000000707800000|  0%| F|  |TAMS 0x0000000707600000| PB 0x0000000707600000| Untracked |  0
|  19|0x0000000707800000, 0x0000000707800000, 0x0000000707a00000|  0%| F|  |TAMS 0x0000000707800000| PB 0x0000000707800000| Untracked |  0
|  20|0x0000000707a00000, 0x0000000707a00000, 0x0000000707c00000|  0%| F|  |TAMS 0x0000000707a00000| PB 0x0000000707a00000| Untracked |  0
|  21|0x0000000707c00000, 0x0000000707c00000, 0x0000000707e00000|  0%| F|  |TAMS 0x0000000707c00000| PB 0x0000000707c00000| Untracked |  0
|  22|0x0000000707e00000, 0x0000000707e00000, 0x0000000708000000|  0%| F|  |TAMS 0x0000000707e00000| PB 0x0000000707e00000| Untracked |  0
|  23|0x0000000708000000, 0x0000000708000000, 0x0000000708200000|  0%| F|  |TAMS 0x0000000708000000| PB 0x0000000708000000| Untracked |  0
|  24|0x0000000708200000, 0x0000000708200000, 0x0000000708400000|  0%| F|  |TAMS 0x0000000708200000| PB 0x0000000708200000| Untracked |  0
|  25|0x0000000708400000, 0x0000000708400000, 0x0000000708600000|  0%| F|  |TAMS 0x0000000708400000| PB 0x0000000708400000| Untracked |  0
|  26|0x0000000708600000, 0x0000000708600000, 0x0000000708800000|  0%| F|  |TAMS 0x0000000708600000| PB 0x0000000708600000| Untracked |  0
|  27|0x0000000708800000, 0x0000000708800000, 0x0000000708a00000|  0%| F|  |TAMS 0x0000000708800000| PB 0x0000000708800000| Untracked |  0
|  28|0x0000000708a00000, 0x0000000708a00000, 0x0000000708c00000|  0%| F|  |TAMS 0x0000000708a00000| PB 0x0000000708a00000| Untracked |  0
|  29|0x0000000708c00000, 0x0000000708c00000, 0x0000000708e00000|  0%| F|  |TAMS 0x0000000708c00000| PB 0x0000000708c00000| Untracked |  0
|  30|0x0000000708e00000, 0x0000000708e00000, 0x0000000709000000|  0%| F|  |TAMS 0x0000000708e00000| PB 0x0000000708e00000| Untracked |  0
|  31|0x0000000709000000, 0x0000000709000000, 0x0000000709200000|  0%| F|  |TAMS 0x0000000709000000| PB 0x0000000709000000| Untracked |  0
|  32|0x0000000709200000, 0x0000000709200000, 0x0000000709400000|  0%| F|  |TAMS 0x0000000709200000| PB 0x0000000709200000| Untracked |  0
|  33|0x0000000709400000, 0x0000000709400000, 0x0000000709600000|  0%| F|  |TAMS 0x0000000709400000| PB 0x0000000709400000| Untracked |  0
|  34|0x0000000709600000, 0x0000000709600000, 0x0000000709800000|  0%| F|  |TAMS 0x0000000709600000| PB 0x0000000709600000| Untracked |  0
|  35|0x0000000709800000, 0x0000000709800000, 0x0000000709a00000|  0%| F|  |TAMS 0x0000000709800000| PB 0x0000000709800000| Untracked |  0
|  36|0x0000000709a00000, 0x0000000709a00000, 0x0000000709c00000|  0%| F|  |TAMS 0x0000000709a00000| PB 0x0000000709a00000| Untracked |  0
|  37|0x0000000709c00000, 0x0000000709c00000, 0x0000000709e00000|  0%| F|  |TAMS 0x0000000709c00000| PB 0x0000000709c00000| Untracked |  0
|  38|0x0000000709e00000, 0x0000000709e00000, 0x000000070a000000|  0%| F|  |TAMS 0x0000000709e00000| PB 0x0000000709e00000| Untracked |  0
|  39|0x000000070a000000, 0x000000070a000000, 0x000000070a200000|  0%| F|  |TAMS 0x000000070a000000| PB 0x000000070a000000| Untracked |  0
|  40|0x000000070a200000, 0x000000070a200000, 0x000000070a400000|  0%| F|  |TAMS 0x000000070a200000| PB 0x000000070a200000| Untracked |  0
|  41|0x000000070a400000, 0x000000070a400000, 0x000000070a600000|  0%| F|  |TAMS 0x000000070a400000| PB 0x000000070a400000| Untracked |  0
|  42|0x000000070a600000, 0x000000070a600000, 0x000000070a800000|  0%| F|  |TAMS 0x000000070a600000| PB 0x000000070a600000| Untracked |  0
|  43|0x000000070a800000, 0x000000070a800000, 0x000000070aa00000|  0%| F|  |TAMS 0x000000070a800000| PB 0x000000070a800000| Untracked |  0
|  44|0x000000070aa00000, 0x000000070aa00000, 0x000000070ac00000|  0%| F|  |TAMS 0x000000070aa00000| PB 0x000000070aa00000| Untracked |  0
|  45|0x000000070ac00000, 0x000000070ac00000, 0x000000070ae00000|  0%| F|  |TAMS 0x000000070ac00000| PB 0x000000070ac00000| Untracked |  0
|  46|0x000000070ae00000, 0x000000070ae00000, 0x000000070b000000|  0%| F|  |TAMS 0x000000070ae00000| PB 0x000000070ae00000| Untracked |  0
|  47|0x000000070b000000, 0x000000070b000000, 0x000000070b200000|  0%| F|  |TAMS 0x000000070b000000| PB 0x000000070b000000| Untracked |  0
|  48|0x000000070b200000, 0x000000070b200000, 0x000000070b400000|  0%| F|  |TAMS 0x000000070b200000| PB 0x000000070b200000| Untracked |  0
|  49|0x000000070b400000, 0x000000070b400000, 0x000000070b600000|  0%| F|  |TAMS 0x000000070b400000| PB 0x000000070b400000| Untracked |  0
|  50|0x000000070b600000, 0x000000070b600000, 0x000000070b800000|  0%| F|  |TAMS 0x000000070b600000| PB 0x000000070b600000| Untracked |  0
|  51|0x000000070b800000, 0x000000070b800000, 0x000000070ba00000|  0%| F|  |TAMS 0x000000070b800000| PB 0x000000070b800000| Untracked |  0
|  52|0x000000070ba00000, 0x000000070ba00000, 0x000000070bc00000|  0%| F|  |TAMS 0x000000070ba00000| PB 0x000000070ba00000| Untracked |  0
|  53|0x000000070bc00000, 0x000000070bc00000, 0x000000070be00000|  0%| F|  |TAMS 0x000000070bc00000| PB 0x000000070bc00000| Untracked |  0
|  54|0x000000070be00000, 0x000000070be00000, 0x000000070c000000|  0%| F|  |TAMS 0x000000070be00000| PB 0x000000070be00000| Untracked |  0
|  55|0x000000070c000000, 0x000000070c000000, 0x000000070c200000|  0%| F|  |TAMS 0x000000070c000000| PB 0x000000070c000000| Untracked |  0
|  56|0x000000070c200000, 0x000000070c200000, 0x000000070c400000|  0%| F|  |TAMS 0x000000070c200000| PB 0x000000070c200000| Untracked |  0
|  57|0x000000070c400000, 0x000000070c400000, 0x000000070c600000|  0%| F|  |TAMS 0x000000070c400000| PB 0x000000070c400000| Untracked |  0
|  58|0x000000070c600000, 0x000000070c600000, 0x000000070c800000|  0%| F|  |TAMS 0x000000070c600000| PB 0x000000070c600000| Untracked |  0
|  59|0x000000070c800000, 0x000000070c800000, 0x000000070ca00000|  0%| F|  |TAMS 0x000000070c800000| PB 0x000000070c800000| Untracked |  0
|  60|0x000000070ca00000, 0x000000070ca00000, 0x000000070cc00000|  0%| F|  |TAMS 0x000000070ca00000| PB 0x000000070ca00000| Untracked |  0
|  61|0x000000070cc00000, 0x000000070cc00000, 0x000000070ce00000|  0%| F|  |TAMS 0x000000070cc00000| PB 0x000000070cc00000| Untracked |  0
|  62|0x000000070ce00000, 0x000000070ce00000, 0x000000070d000000|  0%| F|  |TAMS 0x000000070ce00000| PB 0x000000070ce00000| Untracked |  0
|  63|0x000000070d000000, 0x000000070d000000, 0x000000070d200000|  0%| F|  |TAMS 0x000000070d000000| PB 0x000000070d000000| Untracked |  0
|  64|0x000000070d200000, 0x000000070d200000, 0x000000070d400000|  0%| F|  |TAMS 0x000000070d200000| PB 0x000000070d200000| Untracked |  0
|  65|0x000000070d400000, 0x000000070d400000, 0x000000070d600000|  0%| F|  |TAMS 0x000000070d400000| PB 0x000000070d400000| Untracked |  0
|  66|0x000000070d600000, 0x000000070d600000, 0x000000070d800000|  0%| F|  |TAMS 0x000000070d600000| PB 0x000000070d600000| Untracked |  0
|  67|0x000000070d800000, 0x000000070d800000, 0x000000070da00000|  0%| F|  |TAMS 0x000000070d800000| PB 0x000000070d800000| Untracked |  0
|  68|0x000000070da00000, 0x000000070da00000, 0x000000070dc00000|  0%| F|  |TAMS 0x000000070da00000| PB 0x000000070da00000| Untracked |  0
|  69|0x000000070dc00000, 0x000000070dc00000, 0x000000070de00000|  0%| F|  |TAMS 0x000000070dc00000| PB 0x000000070dc00000| Untracked |  0
|  70|0x000000070de00000, 0x000000070de00000, 0x000000070e000000|  0%| F|  |TAMS 0x000000070de00000| PB 0x000000070de00000| Untracked |  0
|  71|0x000000070e000000, 0x000000070e000000, 0x000000070e200000|  0%| F|  |TAMS 0x000000070e000000| PB 0x000000070e000000| Untracked |  0
|  72|0x000000070e200000, 0x000000070e200000, 0x000000070e400000|  0%| F|  |TAMS 0x000000070e200000| PB 0x000000070e200000| Untracked |  0
|  73|0x000000070e400000, 0x000000070e400000, 0x000000070e600000|  0%| F|  |TAMS 0x000000070e400000| PB 0x000000070e400000| Untracked |  0
|  74|0x000000070e600000, 0x000000070e600000, 0x000000070e800000|  0%| F|  |TAMS 0x000000070e600000| PB 0x000000070e600000| Untracked |  0
|  75|0x000000070e800000, 0x000000070e800000, 0x000000070ea00000|  0%| F|  |TAMS 0x000000070e800000| PB 0x000000070e800000| Untracked |  0
|  76|0x000000070ea00000, 0x000000070ea00000, 0x000000070ec00000|  0%| F|  |TAMS 0x000000070ea00000| PB 0x000000070ea00000| Untracked |  0
|  77|0x000000070ec00000, 0x000000070ec00000, 0x000000070ee00000|  0%| F|  |TAMS 0x000000070ec00000| PB 0x000000070ec00000| Untracked |  0
|  78|0x000000070ee00000, 0x000000070ee00000, 0x000000070f000000|  0%| F|  |TAMS 0x000000070ee00000| PB 0x000000070ee00000| Untracked |  0
|  79|0x000000070f000000, 0x000000070f000000, 0x000000070f200000|  0%| F|  |TAMS 0x000000070f000000| PB 0x000000070f000000| Untracked |  0
|  80|0x000000070f200000, 0x000000070f200000, 0x000000070f400000|  0%| F|  |TAMS 0x000000070f200000| PB 0x000000070f200000| Untracked |  0
|  81|0x000000070f400000, 0x000000070f400000, 0x000000070f600000|  0%| F|  |TAMS 0x000000070f400000| PB 0x000000070f400000| Untracked |  0
|  82|0x000000070f600000, 0x000000070f600000, 0x000000070f800000|  0%| F|  |TAMS 0x000000070f600000| PB 0x000000070f600000| Untracked |  0
|  83|0x000000070f800000, 0x000000070f800000, 0x000000070fa00000|  0%| F|  |TAMS 0x000000070f800000| PB 0x000000070f800000| Untracked |  0
|  84|0x000000070fa00000, 0x000000070fa00000, 0x000000070fc00000|  0%| F|  |TAMS 0x000000070fa00000| PB 0x000000070fa00000| Untracked |  0
|  85|0x000000070fc00000, 0x000000070fc00000, 0x000000070fe00000|  0%| F|  |TAMS 0x000000070fc00000| PB 0x000000070fc00000| Untracked |  0
|  86|0x000000070fe00000, 0x000000070fe00000, 0x0000000710000000|  0%| F|  |TAMS 0x000000070fe00000| PB 0x000000070fe00000| Untracked |  0
|  87|0x0000000710000000, 0x0000000710000000, 0x0000000710200000|  0%| F|  |TAMS 0x0000000710000000| PB 0x0000000710000000| Untracked |  0
|  88|0x0000000710200000, 0x0000000710200000, 0x0000000710400000|  0%| F|  |TAMS 0x0000000710200000| PB 0x0000000710200000| Untracked |  0
|  89|0x0000000710400000, 0x0000000710400000, 0x0000000710600000|  0%| F|  |TAMS 0x0000000710400000| PB 0x0000000710400000| Untracked |  0
|  90|0x0000000710600000, 0x0000000710600000, 0x0000000710800000|  0%| F|  |TAMS 0x0000000710600000| PB 0x0000000710600000| Untracked |  0
|  91|0x0000000710800000, 0x0000000710800000, 0x0000000710a00000|  0%| F|  |TAMS 0x0000000710800000| PB 0x0000000710800000| Untracked |  0
|  92|0x0000000710a00000, 0x0000000710a00000, 0x0000000710c00000|  0%| F|  |TAMS 0x0000000710a00000| PB 0x0000000710a00000| Untracked |  0
|  93|0x0000000710c00000, 0x0000000710c00000, 0x0000000710e00000|  0%| F|  |TAMS 0x0000000710c00000| PB 0x0000000710c00000| Untracked |  0
|  94|0x0000000710e00000, 0x0000000710e00000, 0x0000000711000000|  0%| F|  |TAMS 0x0000000710e00000| PB 0x0000000710e00000| Untracked |  0
|  95|0x0000000711000000, 0x0000000711000000, 0x0000000711200000|  0%| F|  |TAMS 0x0000000711000000| PB 0x0000000711000000| Untracked |  0
|  96|0x0000000711200000, 0x0000000711200000, 0x0000000711400000|  0%| F|  |TAMS 0x0000000711200000| PB 0x0000000711200000| Untracked |  0
|  97|0x0000000711400000, 0x0000000711400000, 0x0000000711600000|  0%| F|  |TAMS 0x0000000711400000| PB 0x0000000711400000| Untracked |  0
|  98|0x0000000711600000, 0x0000000711600000, 0x0000000711800000|  0%| F|  |TAMS 0x0000000711600000| PB 0x0000000711600000| Untracked |  0
|  99|0x0000000711800000, 0x0000000711800000, 0x0000000711a00000|  0%| F|  |TAMS 0x0000000711800000| PB 0x0000000711800000| Untracked |  0
| 100|0x0000000711a00000, 0x0000000711a00000, 0x0000000711c00000|  0%| F|  |TAMS 0x0000000711a00000| PB 0x0000000711a00000| Untracked |  0
| 101|0x0000000711c00000, 0x0000000711c00000, 0x0000000711e00000|  0%| F|  |TAMS 0x0000000711c00000| PB 0x0000000711c00000| Untracked |  0
| 102|0x0000000711e00000, 0x0000000711e00000, 0x0000000712000000|  0%| F|  |TAMS 0x0000000711e00000| PB 0x0000000711e00000| Untracked |  0
| 103|0x0000000712000000, 0x0000000712000000, 0x0000000712200000|  0%| F|  |TAMS 0x0000000712000000| PB 0x0000000712000000| Untracked |  0
| 104|0x0000000712200000, 0x0000000712200000, 0x0000000712400000|  0%| F|  |TAMS 0x0000000712200000| PB 0x0000000712200000| Untracked |  0
| 105|0x0000000712400000, 0x0000000712400000, 0x0000000712600000|  0%| F|  |TAMS 0x0000000712400000| PB 0x0000000712400000| Untracked |  0
| 106|0x0000000712600000, 0x0000000712600000, 0x0000000712800000|  0%| F|  |TAMS 0x0000000712600000| PB 0x0000000712600000| Untracked |  0
| 107|0x0000000712800000, 0x0000000712800000, 0x0000000712a00000|  0%| F|  |TAMS 0x0000000712800000| PB 0x0000000712800000| Untracked |  0
| 108|0x0000000712a00000, 0x0000000712a00000, 0x0000000712c00000|  0%| F|  |TAMS 0x0000000712a00000| PB 0x0000000712a00000| Untracked |  0
| 109|0x0000000712c00000, 0x0000000712cf5c48, 0x0000000712e00000| 48%| E|  |TAMS 0x0000000712c00000| PB 0x0000000712c00000| Complete |  0
| 110|0x0000000712e00000, 0x0000000713000000, 0x0000000713000000|100%| E|CS|TAMS 0x0000000712e00000| PB 0x0000000712e00000| Complete |  0
| 111|0x0000000713000000, 0x0000000713200000, 0x0000000713200000|100%| E|CS|TAMS 0x0000000713000000| PB 0x0000000713000000| Complete |  0
| 112|0x0000000713200000, 0x0000000713400000, 0x0000000713400000|100%| E|CS|TAMS 0x0000000713200000| PB 0x0000000713200000| Complete |  0
| 113|0x0000000713400000, 0x0000000713600000, 0x0000000713600000|100%| E|CS|TAMS 0x0000000713400000| PB 0x0000000713400000| Complete |  0
| 114|0x0000000713600000, 0x0000000713800000, 0x0000000713800000|100%| E|CS|TAMS 0x0000000713600000| PB 0x0000000713600000| Complete |  0
| 115|0x0000000713800000, 0x0000000713a00000, 0x0000000713a00000|100%| E|CS|TAMS 0x0000000713800000| PB 0x0000000713800000| Complete |  0
| 116|0x0000000713a00000, 0x0000000713c00000, 0x0000000713c00000|100%| E|CS|TAMS 0x0000000713a00000| PB 0x0000000713a00000| Complete |  0
| 117|0x0000000713c00000, 0x0000000713e00000, 0x0000000713e00000|100%| E|CS|TAMS 0x0000000713c00000| PB 0x0000000713c00000| Complete |  0
| 118|0x0000000713e00000, 0x0000000714000000, 0x0000000714000000|100%| E|CS|TAMS 0x0000000713e00000| PB 0x0000000713e00000| Complete |  0
| 119|0x0000000714000000, 0x0000000714200000, 0x0000000714200000|100%| E|CS|TAMS 0x0000000714000000| PB 0x0000000714000000| Complete |  0
| 120|0x0000000714200000, 0x0000000714400000, 0x0000000714400000|100%| E|CS|TAMS 0x0000000714200000| PB 0x0000000714200000| Complete |  0
| 121|0x0000000714400000, 0x0000000714600000, 0x0000000714600000|100%| E|CS|TAMS 0x0000000714400000| PB 0x0000000714400000| Complete |  0
| 122|0x0000000714600000, 0x0000000714800000, 0x0000000714800000|100%| E|CS|TAMS 0x0000000714600000| PB 0x0000000714600000| Complete |  0
| 123|0x0000000714800000, 0x0000000714a00000, 0x0000000714a00000|100%| E|CS|TAMS 0x0000000714800000| PB 0x0000000714800000| Complete |  0
| 124|0x0000000714a00000, 0x0000000714c00000, 0x0000000714c00000|100%| E|CS|TAMS 0x0000000714a00000| PB 0x0000000714a00000| Complete |  0
| 125|0x0000000714c00000, 0x0000000714e00000, 0x0000000714e00000|100%| E|CS|TAMS 0x0000000714c00000| PB 0x0000000714c00000| Complete |  0
|2006|0x00000007ffe00000, 0x00000007fff1d248, 0x0000000800000000| 55%| O|  |TAMS 0x00000007ffe00000| PB 0x00000007ffe00000| Untracked |  0

Card table byte_map: [0x0000027a5c1c0000,0x0000027a5c9a0000] _byte_map_base: 0x0000027a58997000

Marking Bits: (CMBitMap*) 0x0000027a43927b00
 Bits: [0x0000027a5c9a0000, 0x0000027a60858000)

Polling page: 0x0000027a41750000

Metaspace:

Usage:
  Non-class:      3.37 MB used.
      Class:    300.55 KB used.
       Both:      3.66 MB used.

Virtual space:
  Non-class space:       64.00 MB reserved,       3.44 MB (  5%) committed,  1 nodes.
      Class space:        1.00 GB reserved,     320.00 KB ( <1%) committed,  1 nodes.
             Both:        1.06 GB reserved,       3.75 MB ( <1%) committed. 

Chunk freelists:
   Non-Class:  10.22 MB
       Class:  15.56 MB
        Both:  25.78 MB

MaxMetaspaceSize: unlimited
CompressedClassSpaceSize: 1.00 GB
Initial GC threshold: 21.00 MB
Current GC threshold: 21.00 MB
CDS: on
 - commit_granule_bytes: 65536.
 - commit_granule_words: 8192.
 - virtual_space_node_default_size: 8388608.
 - enlarge_chunks_in_place: 1.
UseCompressedClassPointers 1, UseCompactObjectHeaders 0
Narrow klass pointer bits 32, Max shift 3
Narrow klass base: 0x0000027a64000000, Narrow klass shift: 0
Encoding Range: [0x0000027a64000000 - 0x0000027b64000000), (4294967296 bytes)
Klass Range:    [0x0000027a64000000 - 0x0000027aa5000000), (1090519040 bytes)
Klass ID Range:  [8 - 1090519033) (1090519025)


Internal statistics:

num_allocs_failed_limit: 0.
num_arena_births: 46.
num_arena_deaths: 0.
num_vsnodes_births: 2.
num_vsnodes_deaths: 0.
num_space_committed: 60.
num_space_uncommitted: 0.
num_chunks_returned_to_freelist: 0.
num_chunks_taken_from_freelist: 133.
num_chunk_merges: 0.
num_chunk_splits: 93.
num_chunks_enlarged: 72.
num_inconsistent_stats: 0.

CodeHeap 'non-profiled nmethods': size=119232Kb used=259Kb max_used=259Kb free=118972Kb
 bounds [0x0000027a53cf0000, 0x0000027a53f60000, 0x0000027a5b160000]
CodeHeap 'profiled nmethods': size=119104Kb used=1982Kb max_used=1982Kb free=117121Kb
 bounds [0x0000027a4c160000, 0x0000027a4c3d0000, 0x0000027a535b0000]
CodeHeap 'non-nmethods': size=7424Kb used=3019Kb max_used=3019Kb free=4405Kb
 bounds [0x0000027a535b0000, 0x0000027a538b0000, 0x0000027a53cf0000]
CodeCache: size=245760Kb, used=5260Kb, max_used=5260Kb, free=240498Kb
 total_blobs=1651, nmethods=1178, adapters=371, full_count=0
Compilation: enabled, stopped_count=0, restarted_count=0

Compilation events (20 events):
Event: 0.339 Thread 0x0000027a6390b5f0 1067       3       java.io.InputStream::skip (70 bytes)
Event: 0.340 Thread 0x0000027a6390b5f0 nmethod 1067 0x0000027a4c308908 code [0x0000027a4c308a60, 0x0000027a4c308fb0]
Event: 0.340 Thread 0x0000027a6390b5f0 1069       3       org.verapdf.io.InternalInputStream::read (82 bytes)
Event: 0.341 Thread 0x0000027a63863cf0 1070       3       org.verapdf.io.InternalInputStream::closeResource (68 bytes)
Event: 0.341 Thread 0x0000027a6390b5f0 nmethod 1069 0x0000027a4c309008 code [0x0000027a4c309200, 0x0000027a4c309e20]
Event: 0.341 Thread 0x0000027a63863cf0 nmethod 1070 0x0000027a4c309e88 code [0x0000027a4c30a040, 0x0000027a4c30a810]
Event: 0.343 Thread 0x0000027a63863cf0 1071       3       java.io.RandomAccessFile::length (5 bytes)
Event: 0.343 Thread 0x0000027a63919f00 1072       3       org.verapdf.io.InternalInputStream::<init> (18 bytes)
Event: 0.343 Thread 0x0000027a6390b5f0 1073       3       org.verapdf.io.InternalInputStream::<init> (111 bytes)
Event: 0.343 Thread 0x0000027a6390bd80 1074       3       org.verapdf.io.InternalInputStream::getStream (31 bytes)
Event: 0.343 Thread 0x0000027a63863cf0 nmethod 1071 0x0000027a4c30a888 code [0x0000027a4c30a9a0, 0x0000027a4c30aad0]
Event: 0.343 Thread 0x0000027a63919f00 nmethod 1072 0x0000027a4c30ab88 code [0x0000027a4c30aca0, 0x0000027a4c30ade0]
Event: 0.343 Thread 0x0000027a63919f00 1075       3       org.verapdf.pd.font.type1.Type1PrivateParser::readName (54 bytes)
Event: 0.343 Thread 0x0000027a6390bd80 nmethod 1074 0x0000027a4c30ae88 code [0x0000027a4c30afa0, 0x0000027a4c30b180]
Event: 0.343 Thread 0x0000027a6390bd80 1077       3       org.verapdf.pd.font.type1.Type1PrivateParser::checkTokenType (60 bytes)
Event: 0.343 Thread 0x0000027a63863cf0 1076       1       org.verapdf.pd.font.CFFNumber::getInteger (5 bytes)
Event: 0.343 Thread 0x0000027a63863cf0 nmethod 1076 0x0000027a53d2cd88 code [0x0000027a53d2ce80, 0x0000027a53d2cf48]
Event: 0.344 Thread 0x0000027a6390b5f0 nmethod 1073 0x0000027a4c30b208 code [0x0000027a4c30b3c0, 0x0000027a4c30bec8]
Event: 0.344 Thread 0x0000027a63919f00 nmethod 1075 0x0000027a4c30bf88 code [0x0000027a4c30c140, 0x0000027a4c30cbf0]
Event: 0.344 Thread 0x0000027a6390bd80 nmethod 1077 0x0000027a4c30cc88 code [0x0000027a4c30cee0, 0x0000027a4c30e2f8]

GC Heap History (0 events):
No events

Dll operation events (6 events):
Event: 0.007 Loaded shared library C:\Program Files\Java\jdk-24\bin\java.dll
Event: 0.029 Loaded shared library C:\Program Files\Java\jdk-24\bin\jsvml.dll
Event: 0.033 Loaded shared library C:\Program Files\Java\jdk-24\bin\net.dll
Event: 0.034 Loaded shared library C:\Program Files\Java\jdk-24\bin\nio.dll
Event: 0.044 Loaded shared library C:\Program Files\Java\jdk-24\bin\zip.dll
Event: 0.067 Loaded shared library C:\Program Files\Java\jdk-24\bin\jimage.dll

Deoptimization events (20 events):
Event: 0.293 Thread 0x0000027a415b73b0 Uncommon trap: trap_request=0xffffffde fr.pc=0x0000027a53d1a0c4 relative=0x00000000000002e4
Event: 0.293 Thread 0x0000027a415b73b0 Uncommon trap: reason=class_check action=maybe_recompile pc=0x0000027a53d1a0c4 method=java.util.regex.Pattern$BmpCharPropertyGreedy.match(Ljava/util/regex/Matcher;ILjava/lang/CharSequence;)Z @ 26 c2
Event: 0.293 Thread 0x0000027a415b73b0 DEOPT PACKING pc=0x0000027a53d1a0c4 sp=0x000000fc2aafe860
Event: 0.293 Thread 0x0000027a415b73b0 DEOPT UNPACKING pc=0x0000027a536c6c82 sp=0x000000fc2aafe7f8 mode 2
Event: 0.333 Thread 0x0000027a415b73b0 Uncommon trap: trap_request=0xffffffde fr.pc=0x0000027a53d211a8 relative=0x0000000000000108
Event: 0.333 Thread 0x0000027a415b73b0 Uncommon trap: reason=class_check action=maybe_recompile pc=0x0000027a53d211a8 method=org.verapdf.as.filters.ASInFilter.read()I @ 7 c2
Event: 0.333 Thread 0x0000027a415b73b0 DEOPT PACKING pc=0x0000027a53d211a8 sp=0x000000fc2aafe2b0
Event: 0.333 Thread 0x0000027a415b73b0 DEOPT UNPACKING pc=0x0000027a536c6c82 sp=0x000000fc2aafe230 mode 2
Event: 0.333 Thread 0x0000027a415b73b0 Uncommon trap: trap_request=0xffffffde fr.pc=0x0000027a53d211a8 relative=0x0000000000000108
Event: 0.333 Thread 0x0000027a415b73b0 Uncommon trap: reason=class_check action=maybe_recompile pc=0x0000027a53d211a8 method=org.verapdf.as.filters.ASInFilter.read()I @ 7 c2
Event: 0.333 Thread 0x0000027a415b73b0 DEOPT PACKING pc=0x0000027a53d211a8 sp=0x000000fc2aafe2b0
Event: 0.333 Thread 0x0000027a415b73b0 DEOPT UNPACKING pc=0x0000027a536c6c82 sp=0x000000fc2aafe230 mode 2
Event: 0.333 Thread 0x0000027a415b73b0 Uncommon trap: trap_request=0xffffffde fr.pc=0x0000027a53d211a8 relative=0x0000000000000108
Event: 0.333 Thread 0x0000027a415b73b0 Uncommon trap: reason=class_check action=maybe_recompile pc=0x0000027a53d211a8 method=org.verapdf.as.filters.ASInFilter.read()I @ 7 c2
Event: 0.333 Thread 0x0000027a415b73b0 DEOPT PACKING pc=0x0000027a53d211a8 sp=0x000000fc2aafe2b0
Event: 0.333 Thread 0x0000027a415b73b0 DEOPT UNPACKING pc=0x0000027a536c6c82 sp=0x000000fc2aafe230 mode 2
Event: 0.333 Thread 0x0000027a415b73b0 Uncommon trap: trap_request=0xffffffde fr.pc=0x0000027a53d211a8 relative=0x0000000000000108
Event: 0.333 Thread 0x0000027a415b73b0 Uncommon trap: reason=class_check action=maybe_recompile pc=0x0000027a53d211a8 method=org.verapdf.as.filters.ASInFilter.read()I @ 7 c2
Event: 0.333 Thread 0x0000027a415b73b0 DEOPT PACKING pc=0x0000027a53d211a8 sp=0x000000fc2aafe2b0
Event: 0.333 Thread 0x0000027a415b73b0 DEOPT UNPACKING pc=0x0000027a536c6c82 sp=0x000000fc2aafe230 mode 2

Classes loaded (20 events):
Event: 0.243 Loading class jdk/internal/module/ModulePatcher$PatchedModuleReader
Event: 0.243 Loading class jdk/internal/module/ModulePatcher$PatchedModuleReader done
Event: 0.243 Loading class sun/net/www/protocol/jrt/Handler
Event: 0.243 Loading class sun/net/www/protocol/jrt/Handler done
Event: 0.247 Loading class sun/text/resources/cldr/FormatData_en
Event: 0.247 Loading class sun/text/resources/cldr/FormatData_en done
Event: 0.247 Loading class sun/text/resources/cldr/FormatData_en_US
Event: 0.247 Loading class sun/text/resources/cldr/FormatData_en_US done
Event: 0.268 Loading class sun/nio/cs/UTF_16BE$Decoder
Event: 0.269 Loading class sun/nio/cs/UnicodeDecoder
Event: 0.269 Loading class sun/nio/cs/UnicodeDecoder done
Event: 0.269 Loading class sun/nio/cs/UTF_16BE$Decoder done
Event: 0.271 Loading class java/util/TreeMap$KeySpliterator
Event: 0.271 Loading class java/util/TreeMap$TreeMapSpliterator
Event: 0.271 Loading class java/util/TreeMap$TreeMapSpliterator done
Event: 0.271 Loading class java/util/TreeMap$KeySpliterator done
Event: 0.292 Loading class java/lang/FdLibm$Atan2
Event: 0.292 Loading class java/lang/FdLibm$Atan2 done
Event: 0.292 Loading class java/lang/FdLibm
Event: 0.292 Loading class java/lang/FdLibm done

Classes unloaded (0 events):
No events

Classes redefined (0 events):
No events

Internal exceptions (9 events):
Event: 0.078 Thread 0x0000027a415b73b0 Exception <a 'java/lang/NoSuchMethodError'{0x0000000714b0e3c0}: 'void java.lang.invoke.DirectMethodHandle$Holder.invokeStatic(java.lang.Object, java.lang.Object)'> (0x0000000714b0e3c0) 
thrown [s\open\src\hotspot\share\interpreter\linkResolver.cpp, line 805]
Event: 0.079 Thread 0x0000027a415b73b0 Exception <a 'java/lang/NoSuchMethodError'{0x0000000714b162d8}: 'void java.lang.invoke.DirectMethodHandle$Holder.invokeStaticInit(java.lang.Object, java.lang.Object)'> (0x0000000714b162d8) 
thrown [s\open\src\hotspot\share\interpreter\linkResolver.cpp, line 805]
Event: 0.091 Thread 0x0000027a415b73b0 Exception <a 'java/lang/NoSuchMethodError'{0x0000000714b832b8}: 'void java.lang.invoke.DirectMethodHandle$Holder.invokeSpecial(java.lang.Object, java.lang.Object, java.lang.Object, java.lang.Object, java.lang.Object)'> (0x0000000714b832b8) 
thrown [s\open\src\hotspot\share\interpreter\linkResolver.cpp, line 805]
Event: 0.167 Thread 0x0000027a415b73b0 Exception <a 'java/lang/NoSuchMethodError'{0x000000071499dfc8}: 'int java.lang.invoke.DirectMethodHandle$Holder.invokeVirtual(java.lang.Object, java.lang.Object)'> (0x000000071499dfc8) 
thrown [s\open\src\hotspot\share\interpreter\linkResolver.cpp, line 805]
Event: 0.173 Thread 0x0000027a415b73b0 Exception <a 'java/lang/NoSuchMethodError'{0x00000007149d8828}: 'java.lang.Object java.lang.invoke.DirectMethodHandle$Holder.invokeStaticInit(java.lang.Object)'> (0x00000007149d8828) 
thrown [s\open\src\hotspot\share\interpreter\linkResolver.cpp, line 805]
Event: 0.198 Thread 0x0000027a415b73b0 Exception <a 'java/lang/NoSuchMethodError'{0x00000007144433e0}: 'java.lang.Object java.lang.invoke.DirectMethodHandle$Holder.invokeStaticInit(java.lang.Object, int, int, int, int)'> (0x00000007144433e0) 
thrown [s\open\src\hotspot\share\interpreter\linkResolver.cpp, line 805]
Event: 0.215 Thread 0x0000027a415b73b0 Exception <a 'java/lang/NoSuchMethodError'{0x0000000714472570}: 'java.lang.Object java.lang.invoke.DirectMethodHandle$Holder.invokeStaticInit(java.lang.Object, java.lang.Object, int, int, int, int)'> (0x0000000714472570) 
thrown [s\open\src\hotspot\share\interpreter\linkResolver.cpp, line 805]
Event: 0.272 Thread 0x0000027a415b73b0 Exception <a 'java/lang/NoSuchMethodError'{0x00000007142c47d8}: 'double java.lang.invoke.DirectMethodHandle$Holder.invokeVirtual(java.lang.Object, java.lang.Object)'> (0x00000007142c47d8) 
thrown [s\open\src\hotspot\share\interpreter\linkResolver.cpp, line 805]
Event: 0.297 Thread 0x0000027a415b73b0 Exception <a 'java/lang/NoSuchMethodError'{0x00000007140af148}: 'java.lang.Object java.lang.invoke.DirectMethodHandle$Holder.invokeSpecial(java.lang.Object, java.lang.Object, double, double)'> (0x00000007140af148) 
thrown [s\open\src\hotspot\share\interpreter\linkResolver.cpp, line 805]

VM Operations (18 events):
Event: 0.172 Executing VM operation: HandshakeAllThreads (Deoptimize)
Event: 0.172 Executing VM operation: HandshakeAllThreads (Deoptimize) done
Event: 0.235 Executing VM operation: HandshakeAllThreads (Deoptimize)
Event: 0.235 Executing VM operation: HandshakeAllThreads (Deoptimize) done
Event: 0.239 Executing VM operation: HandshakeAllThreads (Deoptimize)
Event: 0.239 Executing VM operation: HandshakeAllThreads (Deoptimize) done
Event: 0.239 Executing VM operation: HandshakeAllThreads (Deoptimize)
Event: 0.239 Executing VM operation: HandshakeAllThreads (Deoptimize) done
Event: 0.264 Executing VM operation: HandshakeAllThreads (Deoptimize)
Event: 0.264 Executing VM operation: HandshakeAllThreads (Deoptimize) done
Event: 0.265 Executing VM operation: HandshakeAllThreads (Deoptimize)
Event: 0.265 Executing VM operation: HandshakeAllThreads (Deoptimize) done
Event: 0.284 Executing VM operation: HandshakeAllThreads (Deoptimize)
Event: 0.284 Executing VM operation: HandshakeAllThreads (Deoptimize) done
Event: 0.284 Executing VM operation: HandshakeAllThreads (Deoptimize)
Event: 0.284 Executing VM operation: HandshakeAllThreads (Deoptimize) done
Event: 0.301 Executing VM operation: HandshakeAllThreads (Deoptimize)
Event: 0.301 Executing VM operation: HandshakeAllThreads (Deoptimize) done

Memory protections (0 events):
No events

Nmethod flushes (0 events):
No events

Events (16 events):
Event: 0.019 Thread 0x0000027a415b73b0 Thread added: 0x0000027a415b73b0
Event: 0.027 Thread 0x0000027a415b73b0 Thread added: 0x0000027a62c78420
Event: 0.027 Thread 0x0000027a415b73b0 Thread added: 0x0000027a62c78b60
Event: 0.027 Thread 0x0000027a415b73b0 Thread added: 0x0000027a62c7af70
Event: 0.027 Thread 0x0000027a415b73b0 Thread added: 0x0000027a62c7bdf0
Event: 0.027 Thread 0x0000027a415b73b0 Thread added: 0x0000027a62c7e000
Event: 0.028 Thread 0x0000027a415b73b0 Thread added: 0x0000027a6384b6e0
Event: 0.028 Thread 0x0000027a415b73b0 Thread added: 0x0000027a63863560
Event: 0.028 Thread 0x0000027a415b73b0 Thread added: 0x0000027a63863cf0
Event: 0.030 Thread 0x0000027a415b73b0 Thread added: 0x0000027a6384c580
Event: 0.031 Thread 0x0000027a415b73b0 Thread added: 0x0000027a6384af90
Event: 0.037 Thread 0x0000027a63863cf0 Thread added: 0x0000027a63919f00
Event: 0.038 Thread 0x0000027a63863cf0 Thread added: 0x0000027a6390b5f0
Event: 0.038 Thread 0x0000027a63863cf0 Thread added: 0x0000027a6390bd80
Event: 0.039 Thread 0x0000027a6390bd80 Thread added: 0x0000027a639c1d50
Event: 0.042 Thread 0x0000027a639c1d50 Thread added: 0x0000027a639c6650


Dynamic libraries:
0x00007ff676ca0000 - 0x00007ff676cb0000 	C:\Program Files\Java\jdk-24\bin\java.exe
0x00007ffffbfe0000 - 0x00007ffffc246000 	C:\WINDOWS\SYSTEM32\ntdll.dll
0x00007ffffaf10000 - 0x00007ffffafd9000 	C:\WINDOWS\System32\KERNEL32.DLL
0x00007ffff92b0000 - 0x00007ffff96ae000 	C:\WINDOWS\System32\KERNELBASE.dll
0x00007ffff97f0000 - 0x00007ffff993c000 	C:\WINDOWS\System32\ucrtbase.dll
0x00007fff810d0000 - 0x00007fff810e6000 	C:\Program Files\Java\jdk-24\bin\jli.dll
0x00007fff854d0000 - 0x00007fff854eb000 	C:\Program Files\Java\jdk-24\bin\VCRUNTIME140.dll
0x00007ffff9eb0000 - 0x00007ffffa077000 	C:\WINDOWS\System32\USER32.dll
0x00007ffff9280000 - 0x00007ffff92a7000 	C:\WINDOWS\System32\win32u.dll
0x00007fffd5ef0000 - 0x00007fffd6182000 	C:\WINDOWS\WinSxS\amd64_microsoft.windows.common-controls_6595b64144ccf1df_6.0.26100.8875_none_3e0d5d42e32fe9dd\COMCTL32.dll
0x00007ffffbb80000 - 0x00007ffffbbab000 	C:\WINDOWS\System32\GDI32.dll
0x00007ffffbbb0000 - 0x00007ffffbc59000 	C:\WINDOWS\System32\msvcrt.dll
0x00007ffff96c0000 - 0x00007ffff97ea000 	C:\WINDOWS\System32\gdi32full.dll
0x00007ffff91d0000 - 0x00007ffff9273000 	C:\WINDOWS\System32\msvcp_win.dll
0x00007ffffbed0000 - 0x00007ffffbf02000 	C:\WINDOWS\System32\IMM32.DLL
0x00007fffa6910000 - 0x00007fffa691c000 	C:\Program Files\Java\jdk-24\bin\vcruntime140_1.dll
0x00007fff7ea60000 - 0x00007fff7eaee000 	C:\Program Files\Java\jdk-24\bin\msvcp140.dll
0x00007fff43690000 - 0x00007fff44431000 	C:\Program Files\Java\jdk-24\bin\server\jvm.dll
0x00007ffffb270000 - 0x00007ffffb327000 	C:\WINDOWS\System32\ADVAPI32.dll
0x00007ffffb330000 - 0x00007ffffb3da000 	C:\WINDOWS\System32\sechost.dll
0x00007ffff9d00000 - 0x00007ffff9e18000 	C:\WINDOWS\System32\RPCRT4.dll
0x00007ffffbe40000 - 0x00007ffffbec0000 	C:\WINDOWS\System32\WS2_32.dll
0x00007ffff9030000 - 0x00007ffff908e000 	C:\WINDOWS\SYSTEM32\POWRPROF.dll
0x00007ffff0410000 - 0x00007ffff0446000 	C:\WINDOWS\SYSTEM32\WINMM.dll
0x00007fffe5850000 - 0x00007fffe585b000 	C:\WINDOWS\SYSTEM32\VERSION.dll
0x00007ffff9010000 - 0x00007ffff9024000 	C:\WINDOWS\SYSTEM32\UMPDC.dll
0x00007ffff7eb0000 - 0x00007ffff7ecb000 	C:\WINDOWS\SYSTEM32\kernel.appcore.dll
0x00007fff7ef60000 - 0x00007fff7ef6a000 	C:\Program Files\Java\jdk-24\bin\jimage.dll
0x00007ffff6730000 - 0x00007ffff6972000 	C:\WINDOWS\SYSTEM32\DBGHELP.DLL
0x00007ffffab80000 - 0x00007ffffaf03000 	C:\WINDOWS\System32\combase.dll
0x00007ffffb190000 - 0x00007ffffb269000 	C:\WINDOWS\System32\OLEAUT32.dll
0x00007fffc5fb0000 - 0x00007fffc5feb000 	C:\WINDOWS\SYSTEM32\dbgcore.DLL
0x00007ffff9b90000 - 0x00007ffff9c3c000 	C:\WINDOWS\System32\bcryptPrimitives.dll
0x00007fff7ef40000 - 0x00007fff7ef5e000 	C:\Program Files\Java\jdk-24\bin\java.dll
0x00007ffffafe0000 - 0x00007ffffb179000 	C:\WINDOWS\System32\ole32.dll
0x00007ffffa180000 - 0x00007ffffa912000 	C:\WINDOWS\System32\SHELL32.dll
0x00007ffff6c40000 - 0x00007ffff74d2000 	C:\WINDOWS\SYSTEM32\windows.storage.dll
0x00007ffffa080000 - 0x00007ffffa177000 	C:\WINDOWS\System32\SHCORE.dll
0x00007ffffab00000 - 0x00007ffffab67000 	C:\WINDOWS\System32\shlwapi.dll
0x00007ffff90f0000 - 0x00007ffff9119000 	C:\WINDOWS\SYSTEM32\profapi.dll
0x00007fff68d10000 - 0x00007fff68de7000 	C:\Program Files\Java\jdk-24\bin\jsvml.dll
0x00007fff7ef30000 - 0x00007fff7ef40000 	C:\Program Files\Java\jdk-24\bin\net.dll
0x00007ffff8460000 - 0x00007ffff84cc000 	C:\WINDOWS\system32\mswsock.dll
0x00007fff7ef10000 - 0x00007fff7ef26000 	C:\Program Files\Java\jdk-24\bin\nio.dll
0x00007fff7d4d0000 - 0x00007fff7d4e7000 	C:\Program Files\Java\jdk-24\bin\zip.dll
0x00007ffff8780000 - 0x00007ffff879b000 	C:\WINDOWS\SYSTEM32\CRYPTSP.dll
0x00007ffff7e10000 - 0x00007ffff7e49000 	C:\WINDOWS\system32\rsaenh.dll
0x00007ffff8520000 - 0x00007ffff8552000 	C:\WINDOWS\SYSTEM32\USERENV.dll
0x00007ffff90c0000 - 0x00007ffff90ea000 	C:\WINDOWS\SYSTEM32\bcrypt.dll
0x00007ffff8760000 - 0x00007ffff876c000 	C:\WINDOWS\SYSTEM32\CRYPTBASE.dll
0x00007ffff78f0000 - 0x00007ffff7923000 	C:\WINDOWS\SYSTEM32\IPHLPAPI.DLL
0x00007ffffbf10000 - 0x00007ffffbf1a000 	C:\WINDOWS\System32\NSI.dll

JVMTI agents: none

dbghelp: loaded successfully - version: 4.0.5 - missing functions: none
symbol engine: initialized successfully - sym options: 0x614 - pdb path: .;C:\Program Files\Java\jdk-24\bin;C:\WINDOWS\SYSTEM32;C:\WINDOWS\WinSxS\amd64_microsoft.windows.common-controls_6595b64144ccf1df_6.0.26100.8875_none_3e0d5d42e32fe9dd;C:\Program Files\Java\jdk-24\bin\server

VM Arguments:
jvm_args: -Djava.awt.headless=true -Dapple.awt.UIElement=true 
java_command: E:\Python\Quiz_Hackathon_Project\dut-ai-quiz\.venv\Lib\site-packages\opendataloader_pdf\jar\opendataloader-pdf-cli.jar C:\Users\TRANTH~1\AppData\Local\Temp\tmpb__6yslx\df8818c0-d86c-4f82-ac8b-f1d155745a35.pdf --output-dir C:\Users\TRANTH~1\AppData\Local\Temp\tmpb__6yslx --format markdown --quiet --image-output external --image-dir C:\Users\TRANTH~1\AppData\Local\Temp\tmpb__6yslx\images
java_class_path (initial): E:\Python\Quiz_Hackathon_Project\dut-ai-quiz\.venv\Lib\site-packages\opendataloader_pdf\jar\opendataloader-pdf-cli.jar
Launcher Type: SUN_STANDARD

[Global flags]
     intx CICompilerCount                          = 12                                        {product} {ergonomic}
     uint ConcGCThreads                            = 3                                         {product} {ergonomic}
     uint G1ConcRefinementThreads                  = 13                                        {product} {ergonomic}
   size_t G1HeapRegionSize                         = 2097152                                   {product} {ergonomic}
   size_t InitialHeapSize                          = 264241152                                 {product} {ergonomic}
   size_t MarkStackSize                            = 4194304                                   {product} {ergonomic}
   size_t MarkStackSizeMax                         = 536870912                                 {product} {ergonomic}
   size_t MaxHeapSize                              = 4208984064                                {product} {ergonomic}
   size_t MaxNewSize                               = 2524971008                                {product} {ergonomic}
   size_t MinHeapDeltaBytes                        = 2097152                                   {product} {ergonomic}
   size_t MinHeapSize                              = 8388608                                   {product} {ergonomic}
    uintx NonNMethodCodeHeapSize                   = 7602176                                {pd product} {ergonomic}
    uintx NonProfiledCodeHeapSize                  = 122093568                              {pd product} {ergonomic}
    uintx ProfiledCodeHeapSize                     = 121962496                              {pd product} {ergonomic}
    uintx ReservedCodeCacheSize                    = 251658240                              {pd product} {ergonomic}
     bool SegmentedCodeCache                       = true                                      {product} {ergonomic}
   size_t SoftMaxHeapSize                          = 4208984064                             {manageable} {ergonomic}
     bool UseCompressedOops                        = true                           {product lp64_product} {ergonomic}
     bool UseG1GC                                  = true                                      {product} {ergonomic}
     bool UseLargePagesIndividualAllocation        = false                                  {pd product} {ergonomic}

Logging:
Log output configuration:
 #0: stdout all=warning uptime,level,tags foldmultilines=false
 #1: stderr all=off uptime,level,tags foldmultilines=false

Environment Variables:
PATH=E:\Python\Quiz_Hackathon_Project\dut-ai-quiz\.venv\Scripts;C:\Program Files\Python313\Scripts\;C:\Program Files\Python313\;C:\msys64\ucrt64\bin;C:\Program Files\Common Files\Oracle\Java\javapath;C:\WINDOWS\system32;C:\WINDOWS;C:\WINDOWS\System32\Wbem;C:\WINDOWS\System32\WindowsPowerShell\v1.0\;C:\WINDOWS\System32\OpenSSH\;E:\mingw64\bin;E:\SoftwareProgramming\ucrt64\bin;C:\SoftwareProgramming\ucrt64\bin;C:\Program Files\Java\jdk-24\bin;C:\Program Files\Git\cmd;C:\Program Files\CMake\bin;C:\Program Files\CMake\bin;C:\Program Files (x86)\Microsoft SQL Server\160\Tools\Binn\;C:\Program Files\Microsoft SQL Server\160\Tools\Binn\;C:\Program Files\Microsoft SQL Server\Client SDK\ODBC\170\Tools\Binn\;C:\Program Files\Microsoft SQL Server\160\DTS\Binn\;C:\Program Files\Microsoft SQL Server\170\DTS\Binn\;C:\Program Files (x86)\cloudflared\;C:\Program Files\dotnet\;C:\Program Files\Microsoft SQL Server\170\Tools\Binn\;C:\Program Files (x86)\Microsoft SQL Server\170\Tools\Binn\;C:\Program Files\Microsoft SQL Server\Client SDK\ODBC\180\Tools\Binn\;C:\Program Files\Tailscale\;C:\Program Files\nodejs\;C:\Users\TRAN THI TUYET TRINH\AppData\Roaming\Python\Python313\Scripts;C:\msys64\ucrt64\bin\g++.exe;C:\Users\TRAN THI TUYET TRINH\AppData\Local\Microsoft\WindowsApps;E:\winlibs-x86_64-posix-seh-gcc-12.1.0-mingw-w64msvcrt-10.0.0-r3.zip\mingw64\bin;E:\mingw64\bin;C:\Users\TRAN THI TUYET TRINH\AppData\Local\Programs\Microsoft VS Code\bin;C:\SoftwareProgramming\ucrt64\bin;C:\Users\TRAN THI TUYET TRINH\AppData\Local\Programs\cursor\resources\app\bin;C:\Users\TRAN THI TUYET TRINH\.dotnet\tools;D:\App_QuanTrong\Antigravity\bin;C:\Users\TRAN THI TUYET TRINH\AppData\Local\Programs\Antigravity IDE\bin;C:\Users\TRAN THI TUYET TRINH\AppData\Roaming\npm;c:\Users\TRAN THI TUYET TRINH\.antigravity\extensions\ms-python.debugpy-2026.6.0-win32-x64\bundled\scripts\noConfigScripts
USERNAME=TRAN THI TUYET TRINH
LANG=en_US.UTF-8
OS=Windows_NT
PROCESSOR_IDENTIFIER=Intel64 Family 6 Model 154 Stepping 3, GenuineIntel
TMP=C:\Users\TRANTH~1\AppData\Local\Temp
TEMP=C:\Users\TRANTH~1\AppData\Local\Temp




Periodic native trim disabled

---------------  S Y S T E M  ---------------

OS:
 Windows 11 , 64 bit Build 26100 (10.0.26100.8875)
OS uptime: 0 days 20:18 hours
Hyper-V role detected

CPU: total 16 (initial active 16) (8 cores per cpu, 2 threads per core) family 6 model 154 stepping 3 microcode 0x42c, cx8, cmov, fxsr, ht, mmx, 3dnowpref, sse, sse2, sse3, ssse3, sse4.1, sse4.2, popcnt, lzcnt, tsc, tscinvbit, avx, avx2, aes, erms, clmul, bmi1, bmi2, adx, sha, fma, vzeroupper, clflush, clflushopt, clwb, hv, serialize, rdtscp, rdpid, fsrm, gfni, f16c, cet_ibt, cet_ss
Processor Information for processor 0
  Max Mhz: 1700, Current Mhz: 1700, Mhz Limit: 1700
Processor Information for processor 1
  Max Mhz: 1700, Current Mhz: 1700, Mhz Limit: 1700
Processor Information for processor 2
  Max Mhz: 1700, Current Mhz: 1700, Mhz Limit: 1700
Processor Information for processor 3
  Max Mhz: 1700, Current Mhz: 1700, Mhz Limit: 1700
Processor Information for processor 4
  Max Mhz: 1700, Current Mhz: 1700, Mhz Limit: 1700
Processor Information for processor 5
  Max Mhz: 1700, Current Mhz: 1700, Mhz Limit: 1700
Processor Information for processor 6
  Max Mhz: 1700, Current Mhz: 1700, Mhz Limit: 1700
Processor Information for processor 7
  Max Mhz: 1700, Current Mhz: 1700, Mhz Limit: 1700
Processor Information for processor 8
  Max Mhz: 1700, Current Mhz: 1200, Mhz Limit: 1190
Processor Information for processor 9
  Max Mhz: 1700, Current Mhz: 1200, Mhz Limit: 1190
Processor Information for processor 10
  Max Mhz: 1700, Current Mhz: 1200, Mhz Limit: 1190
Processor Information for processor 11
  Max Mhz: 1700, Current Mhz: 1200, Mhz Limit: 1190
Processor Information for processor 12
  Max Mhz: 1700, Current Mhz: 1200, Mhz Limit: 1190
Processor Information for processor 13
  Max Mhz: 1700, Current Mhz: 1200, Mhz Limit: 1190
Processor Information for processor 14
  Max Mhz: 1700, Current Mhz: 1200, Mhz Limit: 1190
Processor Information for processor 15
  Max Mhz: 1700, Current Mhz: 1200, Mhz Limit: 1190

Memory: 4k page, system-wide physical 16052M (1161M free)
TotalPageFile size 18859M (AvailPageFile size 10M)
current process WorkingSet (physical memory assigned to process): 92M, peak: 92M
current process commit charge ("private bytes"): 367M, peak: 367M

vm_info: Java HotSpot(TM) 64-Bit Server VM (24.0.2+12-54) for windows-amd64 JRE (24.0.2+12-54), built on 2025-07-08T12:10:27Z with MS VC++ 17.6 (VS2022)

END.
